Archive member included to satisfy reference by file (symbol)

c:/st/stm32cubeide_1.6.1/stm32cubeide/plugins/com.st.stm32cube.ide.mcu.externaltools.gnu-tools-for-stm32.9-2020-q2-update.win32_1.5.0.202011040924/tools/bin/../lib/gcc/arm-none-eabi/9.3.1/../../../../arm-none-eabi/lib/thumb/v7e-m+fp/hard\libc_nano.a(lib_a-errno.o)
                              Core/Src/syscalls.o (__errno)
c:/st/stm32cubeide_1.6.1/stm32cubeide/plugins/com.st.stm32cube.ide.mcu.externaltools.gnu-tools-for-stm32.9-2020-q2-update.win32_1.5.0.202011040924/tools/bin/../lib/gcc/arm-none-eabi/9.3.1/../../../../arm-none-eabi/lib/thumb/v7e-m+fp/hard\libc_nano.a(lib_a-exit.o)
                              c:/st/stm32cubeide_1.6.1/stm32cubeide/plugins/com.st.stm32cube.ide.mcu.externaltools.gnu-tools-for-stm32.9-2020-q2-update.win32_1.5.0.202011040924/tools/bin/../lib/gcc/arm-none-eabi/9.3.1/../../../../arm-none-eabi/lib/thumb/v7e-m+fp/hard/crt0.o (exit)
c:/st/stm32cubeide_1.6.1/stm32cubeide/plugins/com.st.stm32cube.ide.mcu.externaltools.gnu-tools-for-stm32.9-2020-q2-update.win32_1.5.0.202011040924/tools/bin/../lib/gcc/arm-none-eabi/9.3.1/../../../../arm-none-eabi/lib/thumb/v7e-m+fp/hard\libc_nano.a(lib_a-impure.o)
                              c:/st/stm32cubeide_1.6.1/stm32cubeide/plugins/com.st.stm32cube.ide.mcu.externaltools.gnu-tools-for-stm32.9-2020-q2-update.win32_1.5.0.202011040924/tools/bin/../lib/gcc/arm-none-eabi/9.3.1/../../../../arm-none-eabi/lib/thumb/v7e-m+fp/hard\libc_nano.a(lib_a-exit.o) (_global_impure_ptr)
c:/st/stm32cubeide_1.6.1/stm32cubeide/plugins/com.st.stm32cube.ide.mcu.externaltools.gnu-tools-for-stm32.9-2020-q2-update.win32_1.5.0.202011040924/tools/bin/../lib/gcc/arm-none-eabi/9.3.1/../../../../arm-none-eabi/lib/thumb/v7e-m+fp/hard\libc_nano.a(lib_a-init.o)
                              c:/st/stm32cubeide_1.6.1/stm32cubeide/plugins/com.st.stm32cube.ide.mcu.externaltools.gnu-tools-for-stm32.9-2020-q2-update.win32_1.5.0.202011040924/tools/bin/../lib/gcc/arm-none-eabi/9.3.1/../../../../arm-none-eabi/lib/thumb/v7e-m+fp/hard/crt0.o (__libc_init_array)
c:/st/stm32cubeide_1.6.1/stm32cubeide/plugins/com.st.stm32cube.ide.mcu.externaltools.gnu-tools-for-stm32.9-2020-q2-update.win32_1.5.0.202011040924/tools/bin/../lib/gcc/arm-none-eabi/9.3.1/../../../../arm-none-eabi/lib/thumb/v7e-m+fp/hard\libc_nano.a(lib_a-memset.o)
                              c:/st/stm32cubeide_1.6.1/stm32cubeide/plugins/com.st.stm32cube.ide.mcu.externaltools.gnu-tools-for-stm32.9-2020-q2-update.win32_1.5.0.202011040924/tools/bin/../lib/gcc/arm-none-eabi/9.3.1/../../../../arm-none-eabi/lib/thumb/v7e-m+fp/hard/crt0.o (memset)
c:/st/stm32cubeide_1.6.1/stm32cubeide/plugins/com.st.stm32cube.ide.mcu.externaltools.gnu-tools-for-stm32.9-2020-q2-update.win32_1.5.0.202011040924/tools/bin/../lib/gcc/arm-none-eabi/9.3.1/../../../../arm-none-eabi/lib/thumb/v7e-m+fp/hard\libc_nano.a(lib_a-nano-vfprintf_float.o)
                              (_printf_float)
c:/st/stm32cubeide_1.6.1/stm32cubeide/plugins/com.st.stm32cube.ide.mcu.externaltools.gnu-tools-for-stm32.9-2020-q2-update.win32_1.5.0.202011040924/tools/bin/../lib/gcc/arm-none-eabi/9.3.1/../../../../arm-none-eabi/lib/thumb/v7e-m+fp/hard\libc_nano.a(lib_a-nano-vfprintf_i.o)
                              c:/st/stm32cubeide_1.6.1/stm32cubeide/plugins/com.st.stm32cube.ide.mcu.externaltools.gnu-tools-for-stm32.9-2020-q2-update.win32_1.5.0.202011040924/tools/bin/../lib/gcc/arm-none-eabi/9.3.1/../../../../arm-none-eabi/lib/thumb/v7e-m+fp/hard\libc_nano.a(lib_a-nano-vfprintf_float.o) (_printf_common)
c:/st/stm32cubeide_1.6.1/stm32cubeide/plugins/com.st.stm32cube.ide.mcu.externaltools.gnu-tools-for-stm32.9-2020-q2-update.win32_1.5.0.202011040924/tools/bin/../lib/gcc/arm-none-eabi/9.3.1/../../../../arm-none-eabi/lib/thumb/v7e-m+fp/hard\libc_nano.a(lib_a-nano-vfscanf_float.o)
                              (_scanf_float)
c:/st/stm32cubeide_1.6.1/stm32cubeide/plugins/com.st.stm32cube.ide.mcu.externaltools.gnu-tools-for-stm32.9-2020-q2-update.win32_1.5.0.202011040924/tools/bin/../lib/gcc/arm-none-eabi/9.3.1/../../../../arm-none-eabi/lib/thumb/v7e-m+fp/hard\libc_nano.a(lib_a-sf_nan.o)
                              c:/st/stm32cubeide_1.6.1/stm32cubeide/plugins/com.st.stm32cube.ide.mcu.externaltools.gnu-tools-for-stm32.9-2020-q2-update.win32_1.5.0.202011040924/tools/bin/../lib/gcc/arm-none-eabi/9.3.1/../../../../arm-none-eabi/lib/thumb/v7e-m+fp/hard\libc_nano.a(lib_a-nano-vfscanf_float.o) (nanf)
c:/st/stm32cubeide_1.6.1/stm32cubeide/plugins/com.st.stm32cube.ide.mcu.externaltools.gnu-tools-for-stm32.9-2020-q2-update.win32_1.5.0.202011040924/tools/bin/../lib/gcc/arm-none-eabi/9.3.1/../../../../arm-none-eabi/lib/thumb/v7e-m+fp/hard\libc_nano.a(lib_a-sprintf.o)
                              Core/Src/gps.o (sprintf)
[...]
Memory Configuration

Name             Origin             Length             Attributes
CCMRAM           0x0000000010000000 0x0000000000010000 xrw
RAM              0x0000000020000000 0x0000000000020000 xrw
FLASH            0x0000000008000000 0x0000000000100000 xr
*default*        0x0000000000000000 0xffffffffffffffff

Linker script and memory map

LOAD c:/st/stm32cubeide_1.6.1/stm32cubeide/plugins/com.st.stm32cube.ide.mcu.externaltools.gnu-tools-for-stm32.9-2020-q2-update.win32_1.5.0.202011040924/tools/bin/../lib/gcc/arm-none-eabi/9.3.1/thumb/v7e-m+fp/hard/crti.o
LOAD c:/st/stm32cubeide_1.6.1/stm32cubeide/plugins/com.st.stm32cube.ide.mcu.externaltools.gnu-tools-for-stm32.9-2020-q2-update.win32_1.5.0.202011040924/tools/bin/../lib/gcc/arm-none-eabi/9.3.1/thumb/v7e-m+fp/hard/crtbegin.o
LOAD c:/st/stm32cubeide_1.6.1/stm32cubeide/plugins/com.st.stm32cube.ide.mcu.externaltools.gnu-tools-for-stm32.9-2020-q2-update.win32_1.5.0.202011040924/tools/bin/../lib/gcc/arm-none-eabi/9.3.1/../../../../arm-none-eabi/lib/thumb/v7e-m+fp/hard/crt0.o
LOAD Core/Src/Databuf.o
LOAD Core/Src/LSM303DTR.o
LOAD Core/Src/LSM6DSLTR.o
LOAD Core/Src/LoRa-RA.o
LOAD Core/Src/MS5607SPI.o
LOAD Core/Src/STLM75M2F.o
LOAD Core/Src/adc.o
LOAD Core/Src/bmp280.o
LOAD Core/Src/gpio.o
LOAD Core/Src/gps.o
LOAD Core/Src/i2c.o
LOAD Core/Src/main.o
LOAD Core/Src/sdio.o
LOAD Core/Src/spi.o
LOAD Core/Src/stm32f4xx_hal_msp.o
LOAD Core/Src/stm32f4xx_it.o
LOAD Core/Src/syscalls.o
LOAD Core/Src/sysmem.o
LOAD Core/Src/system_stm32f4xx.o
LOAD Core/Src/tim.o
LOAD Core/Src/usart.o
LOAD Core/Startup/startup_stm32f405rgtx.o
LOAD Drivers/STM32F4xx_HAL_Driver/Src/stm32f4xx_hal.o
LOAD Drivers/STM32F4xx_HAL_Driver/Src/stm32f4xx_hal_adc.o
LOAD Drivers/STM32F4xx_HAL_Driver/Src/stm32f4xx_hal_adc_ex.o
LOAD Drivers/STM32F4xx_HAL_Driver/Src/stm32f4xx_hal_cortex.o
LOAD Drivers/STM32F4xx_HAL_Driver/Src/stm32f4xx_hal_dma.o
LOAD Drivers/STM32F4xx_HAL_Driver/Src/stm32f4xx_hal_dma_ex.o
LOAD Drivers/STM32F4xx_HAL_Driver/Src/stm32f4xx_hal_exti.o
LOAD Drivers/STM32F4xx_HAL_Driver/Src/stm32f4xx_hal_flash.o
LOAD Drivers/STM32F4xx_HAL_Driver/Src/stm32f4xx_hal_flash_ex.o
LOAD Drivers/STM32F4xx_HAL_Driver/Src/stm32f4xx_hal_flash_ramfunc.o
LOAD Drivers/STM32F4xx_HAL_Driver/Src/stm32f4xx_hal_gpio.o
LOAD Drivers/STM32F4xx_HAL_Driver/Src/stm32f4xx_hal_i2c.o
LOAD Drivers/STM32F4xx_HAL_Driver/Src/stm32f4xx_hal_i2c_ex.o
LOAD Drivers/STM32F4xx_HAL_Driver/Src/stm32f4xx_hal_pwr.o
LOAD Drivers/STM32F4xx_HAL_Driver/Src/stm32f4xx_hal_pwr_ex.o
LOAD Drivers/STM32F4xx_HAL_Driver/Src/stm32f4xx_hal_rcc.o
LOAD Drivers/STM32F4xx_HAL_Driver/Src/stm32f4xx_hal_rcc_ex.o
LOAD Drivers/STM32F4xx_HAL_Driver/Src/stm32f4xx_hal_sd.o
LOAD Drivers/STM32F4xx_HAL_Driver/Src/stm32f4xx_hal_spi.o
LOAD Drivers/STM32F4xx_HAL_Driver/Src/stm32f4xx_hal_tim.o
LOAD Drivers/STM32F4xx_HAL_Driver/Src/stm32f4xx_hal_tim_ex.o
LOAD Drivers/STM32F4xx_HAL_Driver/Src/stm32f4xx_hal_uart.o
LOAD Drivers/STM32F4xx_HAL_Driver/Src/stm32f4xx_ll_adc.o
LOAD Drivers/STM32F4xx_HAL_Driver/Src/stm32f4xx_ll_sdmmc.o
LOAD FATFS/App/fatfs.o
LOAD FATFS/Target/bsp_driver_sd.o
LOAD FATFS/Target/sd_diskio.o
LOAD Middlewares/Third_Party/FatFs/src/diskio.o
LOAD Middlewares/Third_Party/FatFs/src/ff.o
LOAD Middlewares/Third_Party/FatFs/src/ff_gen_drv.o
LOAD Middlewares/Third_Party/FatFs/src/option/syscall.o
START GROUP
LOAD c:/st/stm32cubeide_1.6.1/stm32cubeide/plugins/com.st.stm32cube.ide.mcu.externaltools.gnu-tools-for-stm32.9-2020-q2-update.win32_1.5.0.202011040924/tools/bin/../lib/gcc/arm-none-eabi/9.3.1/../../../../arm-none-eabi/lib/thumb/v7e-m+fp/hard\libc_nano.a
LOAD c:/st/stm32cubeide_1.6.1/stm32cubeide/plugins/com.st.stm32cube.ide.mcu.externaltools.gnu-tools-for-stm32.9-2020-q2-update.win32_1.5.0.202011040924/tools/bin/../lib/gcc/arm-none-eabi/9.3.1/../../../../arm-none-eabi/lib/thumb/v7e-m+fp/hard\libm.a
END GROUP
START GROUP
LOAD c:/st/stm32cubeide_1.6.1/stm32cubeide/plugins/com.st.stm32cube.ide.mcu.externaltools.gnu-tools-for-stm32.9-2020-q2-update.win32_1.5.0.202011040924/tools/bin/../lib/gcc/arm-none-eabi/9.3.1/thumb/v7e-m+fp/hard\libgcc.a
LOAD c:/st/stm32cubeide_1.6.1/stm32cubeide/plugins/com.st.stm32cube.ide.mcu.externaltools.gnu-tools-for-stm32.9-2020-q2-update.win32_1.5.0.202011040924/tools/bin/../lib/gcc/arm-none-eabi/9.3.1/../../../../arm-none-eabi/lib/thumb/v7e-m+fp/hard\libc_nano.a
END GROUP
START GROUP
LOAD c:/st/stm32cubeide_1.6.1/stm32cubeide/plugins/com.st.stm32cube.ide.mcu.externaltools.gnu-tools-for-stm32.9-2020-q2-update.win32_1.5.0.202011040924/tools/bin/../lib/gcc/arm-none-eabi/9.3.1/thumb/v7e-m+fp/hard\libgcc.a
LOAD c:/st/stm32cubeide_1.6.1/stm32cubeide/plugins/com.st.stm32cube.ide.mcu.externaltools.gnu-tools-for-stm32.9-2020-q2-update.win32_1.5.0.202011040924/tools/bin/../lib/gcc/arm-none-eabi/9.3.1/../../../../arm-none-eabi/lib/thumb/v7e-m+fp/hard\libc_nano.a
LOAD c:/st/stm32cubeide_1.6.1/stm32cubeide/plugins/com.st.stm32cube.ide.mcu.externaltools.gnu-tools-for-stm32.9-2020-q2-update.win32_1.5.0.202011040924/tools/bin/../lib/gcc/arm-none-eabi/9.3.1/../../../../arm-none-eabi/lib/thumb/v7e-m+fp/hard\libnosys.a
END GROUP
START GROUP
LOAD c:/st/stm32cubeide_1.6.1/stm32cubeide/plugins/com.st.stm32cube.ide.mcu.externaltools.gnu-tools-for-stm32.9-2020-q2-update.win32_1.5.0.202011040924/tools/bin/../lib/gcc/arm-none-eabi/9.3.1/thumb/v7e-m+fp/hard\libgcc.a
LOAD c:/st/stm32cubeide_1.6.1/stm32cubeide/plugins/com.st.stm32cube.ide.mcu.externaltools.gnu-tools-for-stm32.9-2020-q2-update.win32_1.5.0.202011040924/tools/bin/../lib/gcc/arm-none-eabi/9.3.1/../../../../arm-none-eabi/lib/thumb/v7e-m+fp/hard\libc_nano.a
LOAD c:/st/stm32cubeide_1.6.1/stm32cubeide/plugins/com.st.stm32cube.ide.mcu.externaltools.gnu-tools-for-stm32.9-2020-q2-update.win32_1.5.0.202011040924/tools/bin/../lib/gcc/arm-none-eabi/9.3.1/../../../../arm-none-eabi/lib/thumb/v7e-m+fp/hard\libnosys.a
END GROUP
LOAD c:/st/stm32cubeide_1.6.1/stm32cubeide/plugins/com.st.stm32cube.ide.mcu.externaltools.gnu-tools-for-stm32.9-2020-q2-update.win32_1.5.0.202011040924/tools/bin/../lib/gcc/arm-none-eabi/9.3.1/thumb/v7e-m+fp/hard/crtend.o
LOAD c:/st/stm32cubeide_1.6.1/stm32cubeide/plugins/com.st.stm32cube.ide.mcu.externaltools.gnu-tools-for-stm32.9-2020-q2-update.win32_1.5.0.202011040924/tools/bin/../lib/gcc/arm-none-eabi/9.3.1/thumb/v7e-m+fp/hard/crtn.o
                0x0000000020020000                _estack = (ORIGIN (RAM) + LENGTH (RAM))
                0x0000000000000200                _Min_Heap_Size = 0x200
                0x0000000000000400                _Min_Stack_Size = 0x400

.isr_vector     0x0000000008000000      0x188
                0x0000000008000000                . = ALIGN (0x4)
 *(.isr_vector)
 .isr_vector    0x0000000008000000      0x188 Core/Startup/startup_stm32f405rgtx.o
                0x0000000008000000                g_pfnVectors
                0x0000000008000188                . = ALIGN (0x4)

.text           0x0000000008000190     0xff94
                0x0000000008000190                . = ALIGN (0x4)
 *(.text)
 .text          0x0000000008000190       0x40 c:/st/stm32cubeide_1.6.1/stm32cubeide/plugins/com.st.stm32cube.ide.mcu.externaltools.gnu-tools-for-stm32.9-2020-q2-update.win32_1.5.0.202011040924/tools/bin/../lib/gcc/arm-none-eabi/9.3.1/thumb/v7e-m+fp/hard/crtbegin.o
 .text          0x00000000080001d0       0x14 c:/st/stm32cubeide_1.6.1/stm32cubeide/plugins/com.st.stm32cube.ide.mcu.externaltools.gnu-tools-for-stm32.9-2020-q2-update.win32_1.5.0.202011040924/tools/bin/../lib/gcc/arm-none-eabi/9.3.1/../../../../arm-none-eabi/lib/thumb/v7e-m+fp/hard\libc_nano.a(lib_a-strcmp.o)
                0x00000000080001d0                strcmp
 .text          0x00000000080001e4       0x10 c:/st/stm32cubeide_1.6.1/stm32cubeide/plugins/com.st.stm32cube.ide.mcu.externaltools.gnu-tools-for-stm32.9-2020-q2-update.win32_1.5.0.202011040924/tools/bin/../lib/gcc/arm-none-eabi/9.3.1/../../../../arm-none-eabi/lib/thumb/v7e-m+fp/hard\libc_nano.a(lib_a-strlen.o)
                0x00000000080001e4                strlen
 *fill*         0x00000000080001f4        0xc 
 .text          0x0000000008000200       0xa0 c:/st/stm32cubeide_1.6.1/stm32cubeide/plugins/com.st.stm32cube.ide.mcu.externaltools.gnu-tools-for-stm32.9-2020-q2-update.win32_1.5.0.202011040924/tools/bin/../lib/gcc/arm-none-eabi/9.3.1/../../../../arm-none-eabi/lib/thumb/v7e-m+fp/hard\libc_nano.a(lib_a-memchr.o)
                0x0000000008000200                memchr
 .text          0x00000000080002a0      0x378 c:/st/stm32cubeide_1.6.1/stm32cubeide/plugins/com.st.stm32cube.ide.mcu.externaltools.gnu-tools-for-stm32.9-2020-q2-update.win32_1.5.0.202011040924/tools/bin/../lib/gcc/arm-none-eabi/9.3.1/thumb/v7e-m+fp/hard\libgcc.a(_arm_addsubdf3.o)
                0x00000000080002a0                __aeabi_drsub
                0x00000000080002a8                __aeabi_dsub
                0x00000000080002a8                __subdf3
                0x00000000080002ac                __aeabi_dadd
                0x00000000080002ac                __adddf3
                0x0000000008000524                __floatunsidf
                0x0000000008000524                __aeabi_ui2d
                0x0000000008000544                __floatsidf
                0x0000000008000544                __aeabi_i2d
                0x0000000008000568                __aeabi_f2d
                0x0000000008000568                __extendsfdf2
                0x00000000080005ac                __floatundidf
                0x00000000080005ac                __aeabi_ul2d
                0x00000000080005bc                __floatdidf
                0x00000000080005bc                __aeabi_l2d
 .text          0x0000000008000618      0x424 c:/st/stm32cubeide_1.6.1/stm32cubeide/plugins/com.st.stm32cube.ide.mcu.externaltools.gnu-tools-for-stm32.9-2020-q2-update.win32_1.5.0.202011040924/tools/bin/../lib/gcc/arm-none-eabi/9.3.1/thumb/v7e-m+fp/hard\libgcc.a(_arm_muldivdf3.o)
                0x0000000008000618                __aeabi_dmul
                0x0000000008000618                __muldf3
                0x000000000800086c                __divdf3
                0x000000000800086c                __aeabi_ddiv
 .text          0x0000000008000a3c      0x110 c:/st/stm32cubeide_1.6.1/stm32cubeide/plugins/com.st.stm32cube.ide.mcu.externaltools.gnu-tools-for-stm32.9-2020-q2-update.win32_1.5.0.202011040924/tools/bin/../lib/gcc/arm-none-eabi/9.3.1/thumb/v7e-m+fp/hard\libgcc.a(_arm_cmpdf2.o)
                0x0000000008000a3c                __gtdf2
                0x0000000008000a3c                __gedf2
                0x0000000008000a44                __ltdf2
                0x0000000008000a44                __ledf2
                0x0000000008000a4c                __nedf2
                0x0000000008000a4c                __eqdf2
                0x0000000008000a4c                __cmpdf2
                0x0000000008000ac8                __aeabi_cdrcmple
                0x0000000008000ad8                __aeabi_cdcmpeq
                0x0000000008000ad8                __aeabi_cdcmple
                0x0000000008000ae8                __aeabi_dcmpeq
                0x0000000008000afc                __aeabi_dcmplt
                0x0000000008000b10                __aeabi_dcmple
                0x0000000008000b24                __aeabi_dcmpge
                0x0000000008000b38                __aeabi_dcmpgt
 .text          0x0000000008000b4c       0x2c c:/st/stm32cubeide_1.6.1/stm32cubeide/plugins/com.st.stm32cube.ide.mcu.externaltools.gnu-tools-for-stm32.9-2020-q2-update.win32_1.5.0.202011040924/tools/bin/../lib/gcc/arm-none-eabi/9.3.1/thumb/v7e-m+fp/hard\libgcc.a(_arm_unorddf2.o)
                0x0000000008000b4c                __unorddf2
                0x0000000008000b4c                __aeabi_dcmpun
 .text          0x0000000008000b78       0x50 c:/st/stm32cubeide_1.6.1/stm32cubeide/plugins/com.st.stm32cube.ide.mcu.externaltools.gnu-tools-for-stm32.9-2020-q2-update.win32_1.5.0.202011040924/tools/bin/../lib/gcc/arm-none-eabi/9.3.1/thumb/v7e-m+fp/hard\libgcc.a(_arm_fixdfsi.o)
                0x0000000008000b78                __aeabi_d2iz
                0x0000000008000b78                __fixdfsi
 .text          0x0000000008000bc8       0x40 c:/st/stm32cubeide_1.6.1/stm32cubeide/plugins/com.st.stm32cube.ide.mcu.externaltools.gnu-tools-for-stm32.9-2020-q2-update.win32_1.5.0.202011040924/tools/bin/../lib/gcc/arm-none-eabi/9.3.1/thumb/v7e-m+fp/hard\libgcc.a(_arm_fixunsdfsi.o)
                0x0000000008000bc8                __aeabi_d2uiz
                0x0000000008000bc8                __fixunsdfsi
 .text          0x0000000008000c08       0xa0 c:/st/stm32cubeide_1.6.1/stm32cubeide/plugins/com.st.stm32cube.ide.mcu.externaltools.gnu-tools-for-stm32.9-2020-q2-update.win32_1.5.0.202011040924/tools/bin/../lib/gcc/arm-none-eabi/9.3.1/thumb/v7e-m+fp/hard\libgcc.a(_arm_truncdfsf2.o)
                0x0000000008000c08                __truncdfsf2
                0x0000000008000c08                __aeabi_d2f
 .text          0x0000000008000ca8       0xa0 c:/st/stm32cubeide_1.6.1/stm32cubeide/plugins/com.st.stm32cube.ide.mcu.externaltools.gnu-tools-for-stm32.9-2020-q2-update.win32_1.5.0.202011040924/tools/bin/../lib/gcc/arm-none-eabi/9.3.1/thumb/v7e-m+fp/hard\libgcc.a(_aeabi_ldivmod.o)
                0x0000000008000ca8                __aeabi_ldivmod
 .text          0x0000000008000d48       0x30 c:/st/stm32cubeide_1.6.1/stm32cubeide/plugins/com.st.stm32cube.ide.mcu.externaltools.gnu-tools-for-stm32.9-2020-q2-update.win32_1.5.0.202011040924/tools/bin/../lib/gcc/arm-none-eabi/9.3.1/thumb/v7e-m+fp/hard\libgcc.a(_aeabi_uldivmod.o)
                0x0000000008000d48                __aeabi_uldivmod
 .text          0x0000000008000d78       0x30 c:/st/stm32cubeide_1.6.1/stm32cubeide/plugins/com.st.stm32cube.ide.mcu.externaltools.gnu-tools-for-stm32.9-2020-q2-update.win32_1.5.0.202011040924/tools/bin/../lib/gcc/arm-none-eabi/9.3.1/thumb/v7e-m+fp/hard\libgcc.a(_fixdfdi.o)
                0x0000000008000d78                __fixdfdi
                0x0000000008000d78                __aeabi_d2lz
 .text          0x0000000008000da8       0x3c c:/st/stm32cubeide_1.6.1/stm32cubeide/plugins/com.st.stm32cube.ide.mcu.externaltools.gnu-tools-for-stm32.9-2020-q2-update.win32_1.5.0.202011040924/tools/bin/../lib/gcc/arm-none-eabi/9.3.1/thumb/v7e-m+fp/hard\libgcc.a(_fixunsdfdi.o)
                0x0000000008000da8                __fixunsdfdi
                0x0000000008000da8                __aeabi_d2ulz
 .text          0x0000000008000de4      0x2c4 c:/st/stm32cubeide_1.6.1/stm32cubeide/plugins/com.st.stm32cube.ide.mcu.externaltools.gnu-tools-for-stm32.9-2020-q2-update.win32_1.5.0.202011040924/tools/bin/../lib/gcc/arm-none-eabi/9.3.1/thumb/v7e-m+fp/hard\libgcc.a(_udivmoddi4.o)
                0x0000000008000de4                __udivmoddi4
 .text          0x00000000080010a8        0x4 c:/st/stm32cubeide_1.6.1/stm32cubeide/plugins/com.st.stm32cube.ide.mcu.externaltools.gnu-tools-for-stm32.9-2020-q2-update.win32_1.5.0.202011040924/tools/bin/../lib/gcc/arm-none-eabi/9.3.1/thumb/v7e-m+fp/hard\libgcc.a(_dvmd_tls.o)
                0x00000000080010a8                __aeabi_idiv0
                0x00000000080010a8                __aeabi_ldiv0
 *(.text*)
 .text.Buf_getDatabuf
                0x00000000080010ac        0x8 Core/Src/Databuf.o
                0x00000000080010ac                Buf_getDatabuf
 .text.Buf_getDatasize
                0x00000000080010b4        0xc Core/Src/Databuf.o
                0x00000000080010b4                Buf_getDatasize
 .text.Buf_clear
                0x00000000080010c0       0x2c Core/Src/Databuf.o
                0x00000000080010c0                Buf_clear
 .text.Buf_push8
                0x00000000080010ec       0x18 Core/Src/Databuf.o
                0x00000000080010ec                Buf_push8
 .text.Buf_push16
                0x0000000008001104       0x24 Core/Src/Databuf.o
                0x0000000008001104                Buf_push16
 .text.Buf_push32
                0x0000000008001128       0x34 Core/Src/Databuf.o
                0x0000000008001128                Buf_push32
 .text.int16_tToFloat
                0x000000000800115c       0x16 Core/Src/Databuf.o
                0x000000000800115c                int16_tToFloat
 *fill*         0x0000000008001172        0x2 
 .text.LSM303DTR_EnableCSB
                0x0000000008001174       0x1c Core/Src/LSM303DTR.o
                0x0000000008001174                LSM303DTR_EnableCSB
 .text.LSM303DTR_DisableCSB
                0x0000000008001190       0x1c Core/Src/LSM303DTR.o
                0x0000000008001190                LSM303DTR_DisableCSB
 .text.LSM303DTR_ReadData
                0x00000000080011ac       0xec Core/Src/LSM303DTR.o
                0x00000000080011ac                LSM303DTR_ReadData
 .text.LSM303DTR_ReadRegister
                0x0000000008001298       0x48 Core/Src/LSM303DTR.o
                0x0000000008001298                LSM303DTR_ReadRegister
 .text.LSM303DTR_ReadID
                0x00000000080012e0        0xa Core/Src/LSM303DTR.o
                0x00000000080012e0                LSM303DTR_ReadID
 *fill*         0x00000000080012ea        0x2 
 .text.LSM303DTR_Init
                0x00000000080012ec       0x38 Core/Src/LSM303DTR.o
                0x00000000080012ec                LSM303DTR_Init
 .text.LSM303DTR_WriteTo
                0x0000000008001324       0x2c Core/Src/LSM303DTR.o
                0x0000000008001324                LSM303DTR_WriteTo
 .text.LSM303DTR_SetAccelerometerODR
                0x0000000008001350       0x14 Core/Src/LSM303DTR.o
                0x0000000008001350                LSM303DTR_SetAccelerometerODR
 .text.LSM303DTR_SetCompassODR
                0x0000000008001364       0x28 Core/Src/LSM303DTR.o
                0x0000000008001364                LSM303DTR_SetCompassODR
 .text.LSM303DTR_SetAccelerometerFS
                0x000000000800138c       0x10 Core/Src/LSM303DTR.o
                0x000000000800138c                LSM303DTR_SetAccelerometerFS
 .text.LSM303DTR_SetCompassFS
                0x000000000800139c       0x10 Core/Src/LSM303DTR.o
                0x000000000800139c                LSM303DTR_SetCompassFS
 .text.LSM303DTR_SetCompassMode
                0x00000000080013ac        0xc Core/Src/LSM303DTR.o
                0x00000000080013ac                LSM303DTR_SetCompassMode
 .text.LSM6DSLTR_EnableCSB
                0x00000000080013b8       0x1c Core/Src/LSM6DSLTR.o
                0x00000000080013b8                LSM6DSLTR_EnableCSB
 .text.LSM6DSLTR_DisableCSB
                0x00000000080013d4       0x1c Core/Src/LSM6DSLTR.o
                0x00000000080013d4                LSM6DSLTR_DisableCSB
 .text.LSM6DSLTR_ReadData
                0x00000000080013f0       0x88 Core/Src/LSM6DSLTR.o
                0x00000000080013f0                LSM6DSLTR_ReadData
 .text.LSM6DSLTR_ReadRegister
                0x0000000008001478       0x48 Core/Src/LSM6DSLTR.o
                0x0000000008001478                LSM6DSLTR_ReadRegister
 .text.LSM6DSLTR_ReadID
                0x00000000080014c0        0xa Core/Src/LSM6DSLTR.o
                0x00000000080014c0                LSM6DSLTR_ReadID
 *fill*         0x00000000080014ca        0x2 
 .text.LSM6DSLTR_Init
                0x00000000080014cc       0x30 Core/Src/LSM6DSLTR.o
                0x00000000080014cc                LSM6DSLTR_Init
 .text.LSM6DSLTR_WriteTo
                0x00000000080014fc       0x2c Core/Src/LSM6DSLTR.o
                0x00000000080014fc                LSM6DSLTR_WriteTo
 .text.LSM6DSLTR_SetAccelerometerODR_FS
                0x0000000008001528       0x14 Core/Src/LSM6DSLTR.o
                0x0000000008001528                LSM6DSLTR_SetAccelerometerODR_FS
 .text.LSM6DSLTR_SetGyroscopeODR_FS
                0x000000000800153c       0x1e Core/Src/LSM6DSLTR.o
                0x000000000800153c                LSM6DSLTR_SetGyroscopeODR_FS
 .text.write_register
                0x000000000800155a       0x38 Core/Src/LoRa-RA.o
 .text.read_register
                0x0000000008001592       0x4a Core/Src/LoRa-RA.o
 .text.set_low_data_rate_optimization
                0x00000000080015dc       0x36 Core/Src/LoRa-RA.o
 .text.lora_mode_sleep
                0x0000000008001612        0xc Core/Src/LoRa-RA.o
                0x0000000008001612                lora_mode_sleep
 .text.lora_mode_standby
                0x000000000800161e        0xc Core/Src/LoRa-RA.o
                0x000000000800161e                lora_mode_standby
 .text.lora_set_explicit_header_mode
                0x000000000800162a       0x18 Core/Src/LoRa-RA.o
                0x000000000800162a                lora_set_explicit_header_mode
 .text.lora_set_tx_power
                0x0000000008001642       0x6e Core/Src/LoRa-RA.o
                0x0000000008001642                lora_set_tx_power
 .text.lora_set_frequency
                0x00000000080016b0       0x40 Core/Src/LoRa-RA.o
                0x00000000080016b0                lora_set_frequency
 .text.lora_set_spreading_factor
                0x00000000080016f0       0x60 Core/Src/LoRa-RA.o
                0x00000000080016f0                lora_set_spreading_factor
 .text.lora_set_preamble_length
                0x0000000008001750       0x1c Core/Src/LoRa-RA.o
                0x0000000008001750                lora_set_preamble_length
 .text.lora_version
                0x000000000800176c        0xa Core/Src/LoRa-RA.o
                0x000000000800176c                lora_version
 .text.lora_is_transmitting
                0x0000000008001776       0x12 Core/Src/LoRa-RA.o
                0x0000000008001776                lora_is_transmitting
 .text.lora_send_packet_base
                0x0000000008001788       0xa4 Core/Src/LoRa-RA.o
 .text.lora_send_packet
                0x000000000800182c        0xa Core/Src/LoRa-RA.o
                0x000000000800182c                lora_send_packet
 .text.lora_wait_send
                0x0000000008001836       0x22 Core/Src/LoRa-RA.o
                0x0000000008001836                lora_wait_send
 .text.lora_init
                0x0000000008001858       0x8a Core/Src/LoRa-RA.o
                0x0000000008001858                lora_init
 *fill*         0x00000000080018e2        0x2 
 .text.MS5607_Convert
                0x00000000080018e4      0x16c Core/Src/MS5607SPI.o
                0x00000000080018e4                MS5607_Convert
 .text.MS5607_GetTemperatureC
                0x0000000008001a50       0x20 Core/Src/MS5607SPI.o
                0x0000000008001a50                MS5607_GetTemperatureC
 .text.MS5607_GetRawTemperature
                0x0000000008001a70        0xc Core/Src/MS5607SPI.o
                0x0000000008001a70                MS5607_GetRawTemperature
 .text.MS5607_GetPressurePa
                0x0000000008001a7c        0xc Core/Src/MS5607SPI.o
                0x0000000008001a7c                MS5607_GetPressurePa
 .text.MS5607_Altitude
                0x0000000008001a88       0x2c Core/Src/MS5607SPI.o
                0x0000000008001a88                MS5607_Altitude
 .text.MS5607_Altitude_I32
                0x0000000008001ab4       0x28 Core/Src/MS5607SPI.o
                0x0000000008001ab4                MS5607_Altitude_I32
 .text.enableCSB
                0x0000000008001adc       0x1c Core/Src/MS5607SPI.o
                0x0000000008001adc                enableCSB
 .text.disableCSB
                0x0000000008001af8       0x1c Core/Src/MS5607SPI.o
                0x0000000008001af8                disableCSB
 .text.MS5607_PromRead
                0x0000000008001b14       0x6c Core/Src/MS5607SPI.o
                0x0000000008001b14                MS5607_PromRead
 .text.MS5607_Init
                0x0000000008001b80       0x58 Core/Src/MS5607SPI.o
                0x0000000008001b80                MS5607_Init
 .text.MS5607_UncompensatedRead
                0x0000000008001bd8      0x138 Core/Src/MS5607SPI.o
                0x0000000008001bd8                MS5607_UncompensatedRead
 .text.MS5607_Update
                0x0000000008001d10       0x1c Core/Src/MS5607SPI.o
                0x0000000008001d10                MS5607_Update
 .text.MS5607_SetTemperatureOSR
                0x0000000008001d2c        0xc Core/Src/MS5607SPI.o
                0x0000000008001d2c                MS5607_SetTemperatureOSR
 .text.MS5607_SetPressureOSR
                0x0000000008001d38        0xc Core/Src/MS5607SPI.o
                0x0000000008001d38                MS5607_SetPressureOSR
 .text.HAL_I2C_MasterTxCpltCallback
                0x0000000008001d44       0x24 Core/Src/STLM75M2F.o
                0x0000000008001d44                HAL_I2C_MasterTxCpltCallback
 .text.HAL_I2C_MasterRxCpltCallback
                0x0000000008001d68       0x2c Core/Src/STLM75M2F.o
                0x0000000008001d68                HAL_I2C_MasterRxCpltCallback
 .text.STLM75M2F_Init
                0x0000000008001d94        0xc Core/Src/STLM75M2F.o
                0x0000000008001d94                STLM75M2F_Init
 .text.STLM75M2F_GetTemperature
                0x0000000008001da0       0x3c Core/Src/STLM75M2F.o
                0x0000000008001da0                STLM75M2F_GetTemperature
 .text.ADC_SetChannel
                0x0000000008001ddc       0x2c Core/Src/adc.o
                0x0000000008001ddc                ADC_SetChannel
 .text.MX_ADC2_Init
                0x0000000008001e08       0x70 Core/Src/adc.o
                0x0000000008001e08                MX_ADC2_Init
 .text.HAL_ADC_MspInit
                0x0000000008001e78       0x90 Core/Src/adc.o
                0x0000000008001e78                HAL_ADC_MspInit
 .text.BMP280_enableCSB
                0x0000000008001f08        0xe Core/Src/bmp280.o
 .text.BMP280_disableCSB
                0x0000000008001f16        0xe Core/Src/bmp280.o
 .text.read_register16
                0x0000000008001f24       0x5a Core/Src/bmp280.o
 .text.write_register8
                0x0000000008001f7e       0x50 Core/Src/bmp280.o
 .text.bmp280_init_default_params
                0x0000000008001fce       0x12 Core/Src/bmp280.o
                0x0000000008001fce                bmp280_init_default_params
 .text.bmp280_init
                0x0000000008001fe0      0x308 Core/Src/bmp280.o
                0x0000000008001fe0                bmp280_init
 .text.bmp280_read_fixed
                0x00000000080022e8      0x308 Core/Src/bmp280.o
                0x00000000080022e8                bmp280_read_fixed
 .text.bmp280_read_float
                0x00000000080025f0       0x7c Core/Src/bmp280.o
                0x00000000080025f0                bmp280_read_float
 .text.MX_GPIO_Init
                0x000000000800266c       0xdc Core/Src/gpio.o
                0x000000000800266c                MX_GPIO_Init
 .text.GPS_Init
                0x0000000008002748       0x20 Core/Src/gps.o
                0x0000000008002748                GPS_Init
 .text.getMsg   0x0000000008002768       0xc4 Core/Src/gps.o
                0x0000000008002768                getMsg
 .text.GPS_Callback
                0x000000000800282c       0x78 Core/Src/gps.o
                0x000000000800282c                GPS_Callback
 .text.MX_I2C1_Init
                0x00000000080028a4       0x3c Core/Src/i2c.o
                0x00000000080028a4                MX_I2C1_Init
 .text.HAL_I2C_MspInit
                0x00000000080028e0       0x84 Core/Src/i2c.o
                0x00000000080028e0                HAL_I2C_MspInit
 .text.HAL_UART_RxCpltCallback
                0x0000000008002964       0x10 Core/Src/main.o
                0x0000000008002964                HAL_UART_RxCpltCallback
 .text.HAL_TIM_PeriodElapsedCallback
                0x0000000008002974       0x34 Core/Src/main.o
                0x0000000008002974                HAL_TIM_PeriodElapsedCallback
 .text.SystemClock_Config
                0x00000000080029a8       0xa0 Core/Src/main.o
                0x00000000080029a8                SystemClock_Config
 .text.main     0x0000000008002a48      0x8e8 Core/Src/main.o
                0x0000000008002a48                main
 .text.Error_Handler
                0x0000000008003330        0x4 Core/Src/main.o
                0x0000000008003330                Error_Handler
 .text.MX_SDIO_SD_Init
                0x0000000008003334       0x20 Core/Src/sdio.o
                0x0000000008003334                MX_SDIO_SD_Init
 .text.HAL_SD_MspInit
                0x0000000008003354       0xd8 Core/Src/sdio.o
                0x0000000008003354                HAL_SD_MspInit
 .text.MX_SPI1_Init
                0x000000000800342c       0x40 Core/Src/spi.o
                0x000000000800342c                MX_SPI1_Init
 .text.HAL_SPI_MspInit
                0x000000000800346c       0x70 Core/Src/spi.o
                0x000000000800346c                HAL_SPI_MspInit
 .text.HAL_MspInit
                0x00000000080034dc       0x38 Core/Src/stm32f4xx_hal_msp.o
                0x00000000080034dc                HAL_MspInit
 .text.NMI_Handler
                0x0000000008003514        0x2 Core/Src/stm32f4xx_it.o
                0x0000000008003514                NMI_Handler
 .text.HardFault_Handler
                0x0000000008003516        0x2 Core/Src/stm32f4xx_it.o
                0x0000000008003516                HardFault_Handler
 .text.MemManage_Handler
                0x0000000008003518        0x2 Core/Src/stm32f4xx_it.o
                0x0000000008003518                MemManage_Handler
 .text.BusFault_Handler
                0x000000000800351a        0x2 Core/Src/stm32f4xx_it.o
                0x000000000800351a                BusFault_Handler
 .text.UsageFault_Handler
                0x000000000800351c        0x2 Core/Src/stm32f4xx_it.o
                0x000000000800351c                UsageFault_Handler
 .text.SVC_Handler
                0x000000000800351e        0x2 Core/Src/stm32f4xx_it.o
                0x000000000800351e                SVC_Handler
 .text.DebugMon_Handler
                0x0000000008003520        0x2 Core/Src/stm32f4xx_it.o
                0x0000000008003520                DebugMon_Handler
 .text.PendSV_Handler
                0x0000000008003522        0x2 Core/Src/stm32f4xx_it.o
                0x0000000008003522                PendSV_Handler
 .text.SysTick_Handler
                0x0000000008003524        0x8 Core/Src/stm32f4xx_it.o
                0x0000000008003524                SysTick_Handler
 .text.TIM1_UP_TIM10_IRQHandler
                0x000000000800352c       0x10 Core/Src/stm32f4xx_it.o
                0x000000000800352c                TIM1_UP_TIM10_IRQHandler
 .text.I2C1_EV_IRQHandler
                0x000000000800353c       0x10 Core/Src/stm32f4xx_it.o
                0x000000000800353c                I2C1_EV_IRQHandler
 .text.SDIO_IRQHandler
                0x000000000800354c       0x10 Core/Src/stm32f4xx_it.o
                0x000000000800354c                SDIO_IRQHandler
 .text.UART4_IRQHandler
                0x000000000800355c       0x10 Core/Src/stm32f4xx_it.o
                0x000000000800355c                UART4_IRQHandler
 .text._getpid  0x000000000800356c        0x4 Core/Src/syscalls.o
                0x000000000800356c                _getpid
 .text._kill    0x0000000008003570       0x10 Core/Src/syscalls.o
                0x0000000008003570                _kill
 .text._exit    0x0000000008003580        0xc Core/Src/syscalls.o
                0x0000000008003580                _exit
 .text._read    0x000000000800358c       0x1a Core/Src/syscalls.o
                0x000000000800358c                _read
 .text._write   0x00000000080035a6       0x1a Core/Src/syscalls.o
                0x00000000080035a6                _write
 .text._close   0x00000000080035c0        0x6 Core/Src/syscalls.o
                0x00000000080035c0                _close
 .text._fstat   0x00000000080035c6        0xa Core/Src/syscalls.o
                0x00000000080035c6                _fstat
 .text._isatty  0x00000000080035d0        0x4 Core/Src/syscalls.o
                0x00000000080035d0                _isatty
 .text._lseek   0x00000000080035d4        0x4 Core/Src/syscalls.o
                0x00000000080035d4                _lseek
 .text._sbrk    0x00000000080035d8       0x48 Core/Src/sysmem.o
                0x00000000080035d8                _sbrk
 .text.SystemInit
                0x0000000008003620       0x14 Core/Src/system_stm32f4xx.o
                0x0000000008003620                SystemInit
 .text.hzToPeriod
                0x0000000008003634       0x28 Core/Src/tim.o
                0x0000000008003634                hzToPeriod
 .text.servoAngle
                0x000000000800365c       0x44 Core/Src/tim.o
                0x000000000800365c                servoAngle
 .text.setPWM   0x00000000080036a0       0x44 Core/Src/tim.o
                0x00000000080036a0                setPWM
 .text.MX_TIM1_Init
                0x00000000080036e4       0x74 Core/Src/tim.o
                0x00000000080036e4                MX_TIM1_Init
 .text.HAL_TIM_Base_MspInit
                0x0000000008003758       0x88 Core/Src/tim.o
                0x0000000008003758                HAL_TIM_Base_MspInit
 .text.HAL_TIM_MspPostInit
                0x00000000080037e0       0x94 Core/Src/tim.o
                0x00000000080037e0                HAL_TIM_MspPostInit
 .text.MX_TIM2_Init
                0x0000000008003874       0xb0 Core/Src/tim.o
                0x0000000008003874                MX_TIM2_Init
 .text.MX_TIM3_Init
                0x0000000008003924       0xb4 Core/Src/tim.o
                0x0000000008003924                MX_TIM3_Init
 .text.MX_UART4_Init
                0x00000000080039d8       0x34 Core/Src/usart.o
                0x00000000080039d8                MX_UART4_Init
 .text.HAL_UART_MspInit
                0x0000000008003a0c       0x80 Core/Src/usart.o
                0x0000000008003a0c                HAL_UART_MspInit
 .text.Reset_Handler
                0x0000000008003a8c       0x50 Core/Startup/startup_stm32f405rgtx.o
                0x0000000008003a8c                Reset_Handler
 .text.Default_Handler
                0x0000000008003adc        0x2 Core/Startup/startup_stm32f405rgtx.o
                0x0000000008003adc                RTC_Alarm_IRQHandler
                0x0000000008003adc                HASH_RNG_IRQHandler
                0x0000000008003adc                EXTI2_IRQHandler
                0x0000000008003adc                TIM8_CC_IRQHandler
                0x0000000008003adc                TIM1_CC_IRQHandler
                0x0000000008003adc                DMA2_Stream5_IRQHandler
                0x0000000008003adc                DMA1_Stream5_IRQHandler
                0x0000000008003adc                PVD_IRQHandler
                0x0000000008003adc                TAMP_STAMP_IRQHandler
                0x0000000008003adc                CAN2_RX1_IRQHandler
                0x0000000008003adc                EXTI3_IRQHandler
                0x0000000008003adc                TIM8_TRG_COM_TIM14_IRQHandler
                0x0000000008003adc                TIM8_UP_TIM13_IRQHandler
                0x0000000008003adc                I2C3_ER_IRQHandler
                0x0000000008003adc                EXTI0_IRQHandler
                0x0000000008003adc                I2C2_EV_IRQHandler
                0x0000000008003adc                DMA1_Stream2_IRQHandler
                0x0000000008003adc                CAN1_RX0_IRQHandler
                0x0000000008003adc                FPU_IRQHandler
                0x0000000008003adc                OTG_HS_WKUP_IRQHandler
                0x0000000008003adc                CAN2_SCE_IRQHandler
                0x0000000008003adc                DMA2_Stream2_IRQHandler
                0x0000000008003adc                SPI1_IRQHandler
                0x0000000008003adc                TIM6_DAC_IRQHandler
                0x0000000008003adc                TIM1_BRK_TIM9_IRQHandler
                0x0000000008003adc                CAN2_RX0_IRQHandler
                0x0000000008003adc                DMA2_Stream3_IRQHandler
                0x0000000008003adc                USART6_IRQHandler
                0x0000000008003adc                USART3_IRQHandler
                0x0000000008003adc                CAN1_RX1_IRQHandler
                0x0000000008003adc                UART5_IRQHandler
                0x0000000008003adc                DMA2_Stream0_IRQHandler
                0x0000000008003adc                TIM4_IRQHandler
                0x0000000008003adc                DMA1_Stream6_IRQHandler
                0x0000000008003adc                DMA1_Stream1_IRQHandler
                0x0000000008003adc                TIM3_IRQHandler
                0x0000000008003adc                RCC_IRQHandler
                0x0000000008003adc                TIM8_BRK_TIM12_IRQHandler
                0x0000000008003adc                Default_Handler
                0x0000000008003adc                EXTI15_10_IRQHandler
                0x0000000008003adc                ADC_IRQHandler
                0x0000000008003adc                DMA1_Stream7_IRQHandler
                0x0000000008003adc                TIM7_IRQHandler
                0x0000000008003adc                CAN2_TX_IRQHandler
                0x0000000008003adc                TIM5_IRQHandler
                0x0000000008003adc                DMA2_Stream7_IRQHandler
                0x0000000008003adc                I2C3_EV_IRQHandler
                0x0000000008003adc                EXTI9_5_IRQHandler
                0x0000000008003adc                RTC_WKUP_IRQHandler
                0x0000000008003adc                SPI2_IRQHandler
                0x0000000008003adc                OTG_HS_EP1_IN_IRQHandler
                0x0000000008003adc                DMA1_Stream0_IRQHandler
                0x0000000008003adc                CAN1_TX_IRQHandler
                0x0000000008003adc                EXTI4_IRQHandler
                0x0000000008003adc                FSMC_IRQHandler
                0x0000000008003adc                OTG_HS_EP1_OUT_IRQHandler
                0x0000000008003adc                WWDG_IRQHandler
                0x0000000008003adc                TIM2_IRQHandler
                0x0000000008003adc                OTG_FS_WKUP_IRQHandler
                0x0000000008003adc                TIM1_TRG_COM_TIM11_IRQHandler
                0x0000000008003adc                OTG_HS_IRQHandler
                0x0000000008003adc                EXTI1_IRQHandler
                0x0000000008003adc                USART2_IRQHandler
                0x0000000008003adc                I2C2_ER_IRQHandler
                0x0000000008003adc                DMA2_Stream1_IRQHandler
                0x0000000008003adc                CAN1_SCE_IRQHandler
                0x0000000008003adc                FLASH_IRQHandler
                0x0000000008003adc                DMA2_Stream4_IRQHandler
                0x0000000008003adc                USART1_IRQHandler
                0x0000000008003adc                OTG_FS_IRQHandler
                0x0000000008003adc                SPI3_IRQHandler
                0x0000000008003adc                DMA1_Stream4_IRQHandler
                0x0000000008003adc                I2C1_ER_IRQHandler
                0x0000000008003adc                DMA2_Stream6_IRQHandler
                0x0000000008003adc                DMA1_Stream3_IRQHandler
 *fill*         0x0000000008003ade        0x2 
 .text.HAL_InitTick
                0x0000000008003ae0       0x4c Drivers/STM32F4xx_HAL_Driver/Src/stm32f4xx_hal.o
                0x0000000008003ae0                HAL_InitTick
 .text.HAL_Init
                0x0000000008003b2c       0x34 Drivers/STM32F4xx_HAL_Driver/Src/stm32f4xx_hal.o
                0x0000000008003b2c                HAL_Init
 .text.HAL_IncTick
                0x0000000008003b60       0x18 Drivers/STM32F4xx_HAL_Driver/Src/stm32f4xx_hal.o
                0x0000000008003b60                HAL_IncTick
 .text.HAL_GetTick
                0x0000000008003b78        0xc Drivers/STM32F4xx_HAL_Driver/Src/stm32f4xx_hal.o
                0x0000000008003b78                HAL_GetTick
 .text.HAL_Delay
                0x0000000008003b84       0x28 Drivers/STM32F4xx_HAL_Driver/Src/stm32f4xx_hal.o
                0x0000000008003b84                HAL_Delay
 .text.HAL_ADC_Init
                0x0000000008003bac      0x184 Drivers/STM32F4xx_HAL_Driver/Src/stm32f4xx_hal_adc.o
                0x0000000008003bac                HAL_ADC_Init
 .text.HAL_ADC_Start
                0x0000000008003d30      0x148 Drivers/STM32F4xx_HAL_Driver/Src/stm32f4xx_hal_adc.o
                0x0000000008003d30                HAL_ADC_Start
 .text.HAL_ADC_Stop
                0x0000000008003e78       0x40 Drivers/STM32F4xx_HAL_Driver/Src/stm32f4xx_hal_adc.o
                0x0000000008003e78                HAL_ADC_Stop
 .text.HAL_ADC_PollForConversion
                0x0000000008003eb8       0xb8 Drivers/STM32F4xx_HAL_Driver/Src/stm32f4xx_hal_adc.o
                0x0000000008003eb8                HAL_ADC_PollForConversion
 .text.HAL_ADC_GetValue
                0x0000000008003f70        0x6 Drivers/STM32F4xx_HAL_Driver/Src/stm32f4xx_hal_adc.o
                0x0000000008003f70                HAL_ADC_GetValue
 *fill*         0x0000000008003f76        0x2 
 .text.HAL_ADC_ConfigChannel
                0x0000000008003f78      0x194 Drivers/STM32F4xx_HAL_Driver/Src/stm32f4xx_hal_adc.o
                0x0000000008003f78                HAL_ADC_ConfigChannel
 .text.HAL_NVIC_SetPriorityGrouping
                0x000000000800410c       0x24 Drivers/STM32F4xx_HAL_Driver/Src/stm32f4xx_hal_cortex.o
                0x000000000800410c                HAL_NVIC_SetPriorityGrouping
 .text.HAL_NVIC_SetPriority
                0x0000000008004130       0x64 Drivers/STM32F4xx_HAL_Driver/Src/stm32f4xx_hal_cortex.o
                0x0000000008004130                HAL_NVIC_SetPriority
 .text.HAL_NVIC_EnableIRQ
                0x0000000008004194       0x1c Drivers/STM32F4xx_HAL_Driver/Src/stm32f4xx_hal_cortex.o
                0x0000000008004194                HAL_NVIC_EnableIRQ
 .text.HAL_SYSTICK_Config
                0x00000000080041b0       0x2c Drivers/STM32F4xx_HAL_Driver/Src/stm32f4xx_hal_cortex.o
                0x00000000080041b0                HAL_SYSTICK_Config
 .text.HAL_DMA_Start_IT
                0x00000000080041dc       0x8a Drivers/STM32F4xx_HAL_Driver/Src/stm32f4xx_hal_dma.o
                0x00000000080041dc                HAL_DMA_Start_IT
 .text.HAL_DMA_Abort
                0x0000000008004266       0x94 Drivers/STM32F4xx_HAL_Driver/Src/stm32f4xx_hal_dma.o
                0x0000000008004266                HAL_DMA_Abort
 .text.HAL_DMA_Abort_IT
                0x00000000080042fa       0x26 Drivers/STM32F4xx_HAL_Driver/Src/stm32f4xx_hal_dma.o
                0x00000000080042fa                HAL_DMA_Abort_IT
 .text.HAL_DMA_GetState
                0x0000000008004320        0x6 Drivers/STM32F4xx_HAL_Driver/Src/stm32f4xx_hal_dma.o
                0x0000000008004320                HAL_DMA_GetState
 *fill*         0x0000000008004326        0x2 
 .text.HAL_GPIO_Init
                0x0000000008004328      0x1f0 Drivers/STM32F4xx_HAL_Driver/Src/stm32f4xx_hal_gpio.o
                0x0000000008004328                HAL_GPIO_Init
 .text.HAL_GPIO_WritePin
                0x0000000008004518        0xc Drivers/STM32F4xx_HAL_Driver/Src/stm32f4xx_hal_gpio.o
                0x0000000008004518                HAL_GPIO_WritePin
 .text.HAL_GPIO_TogglePin
                0x0000000008004524       0x12 Drivers/STM32F4xx_HAL_Driver/Src/stm32f4xx_hal_gpio.o
                0x0000000008004524                HAL_GPIO_TogglePin
 *fill*         0x0000000008004536        0x2 
 .text.HAL_I2C_Init
                0x0000000008004538      0x184 Drivers/STM32F4xx_HAL_Driver/Src/stm32f4xx_hal_i2c.o
                0x0000000008004538                HAL_I2C_Init
 .text.HAL_I2C_Master_Transmit_IT
                0x00000000080046bc       0xd8 Drivers/STM32F4xx_HAL_Driver/Src/stm32f4xx_hal_i2c.o
                0x00000000080046bc                HAL_I2C_Master_Transmit_IT
 .text.HAL_I2C_Master_Receive_IT
                0x0000000008004794       0xe4 Drivers/STM32F4xx_HAL_Driver/Src/stm32f4xx_hal_i2c.o
                0x0000000008004794                HAL_I2C_Master_Receive_IT
 .text.HAL_I2C_SlaveTxCpltCallback
                0x0000000008004878        0x2 Drivers/STM32F4xx_HAL_Driver/Src/stm32f4xx_hal_i2c.o
                0x0000000008004878                HAL_I2C_SlaveTxCpltCallback
 .text.HAL_I2C_SlaveRxCpltCallback
                0x000000000800487a        0x2 Drivers/STM32F4xx_HAL_Driver/Src/stm32f4xx_hal_i2c.o
                0x000000000800487a                HAL_I2C_SlaveRxCpltCallback
 .text.HAL_I2C_AddrCallback
                0x000000000800487c        0x2 Drivers/STM32F4xx_HAL_Driver/Src/stm32f4xx_hal_i2c.o
                0x000000000800487c                HAL_I2C_AddrCallback
 .text.HAL_I2C_ListenCpltCallback
                0x000000000800487e        0x2 Drivers/STM32F4xx_HAL_Driver/Src/stm32f4xx_hal_i2c.o
                0x000000000800487e                HAL_I2C_ListenCpltCallback
 .text.HAL_I2C_MemTxCpltCallback
                0x0000000008004880        0x2 Drivers/STM32F4xx_HAL_Driver/Src/stm32f4xx_hal_i2c.o
                0x0000000008004880                HAL_I2C_MemTxCpltCallback
 .text.I2C_MemoryTransmit_TXE_BTF
                0x0000000008004882       0xba Drivers/STM32F4xx_HAL_Driver/Src/stm32f4xx_hal_i2c.o
 .text.HAL_I2C_MemRxCpltCallback
                0x000000000800493c        0x2 Drivers/STM32F4xx_HAL_Driver/Src/stm32f4xx_hal_i2c.o
                0x000000000800493c                HAL_I2C_MemRxCpltCallback
 .text.HAL_I2C_ErrorCallback
                0x000000000800493e        0x2 Drivers/STM32F4xx_HAL_Driver/Src/stm32f4xx_hal_i2c.o
                0x000000000800493e                HAL_I2C_ErrorCallback
 .text.HAL_I2C_AbortCpltCallback
                0x0000000008004940        0x2 Drivers/STM32F4xx_HAL_Driver/Src/stm32f4xx_hal_i2c.o
                0x0000000008004940                HAL_I2C_AbortCpltCallback
 *fill*         0x0000000008004942        0x2 
 .text.I2C_DMAAbort
                0x0000000008004944       0xe4 Drivers/STM32F4xx_HAL_Driver/Src/stm32f4xx_hal_i2c.o
 .text.I2C_ITError
                0x0000000008004a28      0x180 Drivers/STM32F4xx_HAL_Driver/Src/stm32f4xx_hal_i2c.o
 .text.HAL_I2C_EV_IRQHandler
                0x0000000008004ba8      0xa60 Drivers/STM32F4xx_HAL_Driver/Src/stm32f4xx_hal_i2c.o
                0x0000000008004ba8                HAL_I2C_EV_IRQHandler
 .text.HAL_RCC_OscConfig
                0x0000000008005608      0x3fc Drivers/STM32F4xx_HAL_Driver/Src/stm32f4xx_hal_rcc.o
                0x0000000008005608                HAL_RCC_OscConfig
 .text.HAL_RCC_GetSysClockFreq
                0x0000000008005a04       0xa0 Drivers/STM32F4xx_HAL_Driver/Src/stm32f4xx_hal_rcc.o
                0x0000000008005a04                HAL_RCC_GetSysClockFreq
 .text.HAL_RCC_ClockConfig
                0x0000000008005aa4      0x164 Drivers/STM32F4xx_HAL_Driver/Src/stm32f4xx_hal_rcc.o
                0x0000000008005aa4                HAL_RCC_ClockConfig
 .text.HAL_RCC_GetPCLK1Freq
                0x0000000008005c08       0x20 Drivers/STM32F4xx_HAL_Driver/Src/stm32f4xx_hal_rcc.o
                0x0000000008005c08                HAL_RCC_GetPCLK1Freq
 .text.HAL_RCC_GetPCLK2Freq
                0x0000000008005c28       0x20 Drivers/STM32F4xx_HAL_Driver/Src/stm32f4xx_hal_rcc.o
                0x0000000008005c28                HAL_RCC_GetPCLK2Freq
 .text.SD_FindSCR
                0x0000000008005c48      0x106 Drivers/STM32F4xx_HAL_Driver/Src/stm32f4xx_hal_sd.o
 *fill*         0x0000000008005d4e        0x2 
 .text.HAL_SD_ReadBlocks
                0x0000000008005d50      0x250 Drivers/STM32F4xx_HAL_Driver/Src/stm32f4xx_hal_sd.o
                0x0000000008005d50                HAL_SD_ReadBlocks
 .text.HAL_SD_WriteBlocks
                0x0000000008005fa0      0x1f8 Drivers/STM32F4xx_HAL_Driver/Src/stm32f4xx_hal_sd.o
                0x0000000008005fa0                HAL_SD_WriteBlocks
 .text.HAL_SD_ErrorCallback
                0x0000000008006198        0x2 Drivers/STM32F4xx_HAL_Driver/Src/stm32f4xx_hal_sd.o
                0x0000000008006198                HAL_SD_ErrorCallback
 *fill*         0x000000000800619a        0x2 
 .text.HAL_SD_GetCardCSD
                0x000000000800619c      0x1bc Drivers/STM32F4xx_HAL_Driver/Src/stm32f4xx_hal_sd.o
                0x000000000800619c                HAL_SD_GetCardCSD
 .text.HAL_SD_InitCard
                0x0000000008006358      0x240 Drivers/STM32F4xx_HAL_Driver/Src/stm32f4xx_hal_sd.o
                0x0000000008006358                HAL_SD_InitCard
 .text.HAL_SD_Init
                0x0000000008006598       0x36 Drivers/STM32F4xx_HAL_Driver/Src/stm32f4xx_hal_sd.o
                0x0000000008006598                HAL_SD_Init
 .text.HAL_SD_GetCardInfo
                0x00000000080065ce       0x24 Drivers/STM32F4xx_HAL_Driver/Src/stm32f4xx_hal_sd.o
                0x00000000080065ce                HAL_SD_GetCardInfo
 *fill*         0x00000000080065f2        0x2 
 .text.HAL_SD_ConfigWideBusOperation
                0x00000000080065f4      0x148 Drivers/STM32F4xx_HAL_Driver/Src/stm32f4xx_hal_sd.o
                0x00000000080065f4                HAL_SD_ConfigWideBusOperation
 .text.HAL_SD_GetCardState
                0x000000000800673c       0x28 Drivers/STM32F4xx_HAL_Driver/Src/stm32f4xx_hal_sd.o
                0x000000000800673c                HAL_SD_GetCardState
 .text.SD_DMATxAbort
                0x0000000008006764       0x44 Drivers/STM32F4xx_HAL_Driver/Src/stm32f4xx_hal_sd.o
 .text.SD_DMARxAbort
                0x00000000080067a8       0x44 Drivers/STM32F4xx_HAL_Driver/Src/stm32f4xx_hal_sd.o
 .text.HAL_SD_IRQHandler
                0x00000000080067ec      0x2a4 Drivers/STM32F4xx_HAL_Driver/Src/stm32f4xx_hal_sd.o
                0x00000000080067ec                HAL_SD_IRQHandler
 .text.SPI_WaitFlagStateUntilTimeout
                0x0000000008006a90       0xd8 Drivers/STM32F4xx_HAL_Driver/Src/stm32f4xx_hal_spi.o
 .text.SPI_EndRxTxTransaction
                0x0000000008006b68       0x68 Drivers/STM32F4xx_HAL_Driver/Src/stm32f4xx_hal_spi.o
 .text.SPI_EndRxTransaction
                0x0000000008006bd0       0x90 Drivers/STM32F4xx_HAL_Driver/Src/stm32f4xx_hal_spi.o
 .text.HAL_SPI_Init
                0x0000000008006c60       0xbe Drivers/STM32F4xx_HAL_Driver/Src/stm32f4xx_hal_spi.o
                0x0000000008006c60                HAL_SPI_Init
 .text.HAL_SPI_Transmit
                0x0000000008006d1e      0x19a Drivers/STM32F4xx_HAL_Driver/Src/stm32f4xx_hal_spi.o
                0x0000000008006d1e                HAL_SPI_Transmit
 .text.HAL_SPI_TransmitReceive
                0x0000000008006eb8      0x22a Drivers/STM32F4xx_HAL_Driver/Src/stm32f4xx_hal_spi.o
                0x0000000008006eb8                HAL_SPI_TransmitReceive
 .text.HAL_SPI_Receive
                0x00000000080070e2      0x168 Drivers/STM32F4xx_HAL_Driver/Src/stm32f4xx_hal_spi.o
                0x00000000080070e2                HAL_SPI_Receive
 *fill*         0x000000000800724a        0x2 
 .text.HAL_SPI_Transmit_DMA
                0x000000000800724c       0xe0 Drivers/STM32F4xx_HAL_Driver/Src/stm32f4xx_hal_spi.o
                0x000000000800724c                HAL_SPI_Transmit_DMA
 .text.HAL_SPI_TxCpltCallback
                0x000000000800732c        0x2 Drivers/STM32F4xx_HAL_Driver/Src/stm32f4xx_hal_spi.o
                0x000000000800732c                HAL_SPI_TxCpltCallback
 .text.HAL_SPI_TxHalfCpltCallback
                0x000000000800732e        0x2 Drivers/STM32F4xx_HAL_Driver/Src/stm32f4xx_hal_spi.o
                0x000000000800732e                HAL_SPI_TxHalfCpltCallback
 .text.SPI_DMAHalfTransmitCplt
                0x0000000008007330        0xa Drivers/STM32F4xx_HAL_Driver/Src/stm32f4xx_hal_spi.o
 .text.HAL_SPI_ErrorCallback
                0x000000000800733a        0x2 Drivers/STM32F4xx_HAL_Driver/Src/stm32f4xx_hal_spi.o
                0x000000000800733a                HAL_SPI_ErrorCallback
 .text.SPI_DMAError
                0x000000000800733c       0x22 Drivers/STM32F4xx_HAL_Driver/Src/stm32f4xx_hal_spi.o
 .text.SPI_DMATransmitCplt
                0x000000000800735e       0x70 Drivers/STM32F4xx_HAL_Driver/Src/stm32f4xx_hal_spi.o
 *fill*         0x00000000080073ce        0x2 
 .text.TIM_OC1_SetConfig
                0x00000000080073d0       0x68 Drivers/STM32F4xx_HAL_Driver/Src/stm32f4xx_hal_tim.o
 .text.TIM_OC3_SetConfig
                0x0000000008007438       0x70 Drivers/STM32F4xx_HAL_Driver/Src/stm32f4xx_hal_tim.o
 .text.TIM_OC4_SetConfig
                0x00000000080074a8       0x50 Drivers/STM32F4xx_HAL_Driver/Src/stm32f4xx_hal_tim.o
 .text.HAL_TIM_Base_Start_IT
                0x00000000080074f8       0x88 Drivers/STM32F4xx_HAL_Driver/Src/stm32f4xx_hal_tim.o
                0x00000000080074f8                HAL_TIM_Base_Start_IT
 .text.HAL_TIM_PWM_MspInit
                0x0000000008007580        0x2 Drivers/STM32F4xx_HAL_Driver/Src/stm32f4xx_hal_tim.o
                0x0000000008007580                HAL_TIM_PWM_MspInit
 .text.HAL_TIM_OC_DelayElapsedCallback
                0x0000000008007582        0x2 Drivers/STM32F4xx_HAL_Driver/Src/stm32f4xx_hal_tim.o
                0x0000000008007582                HAL_TIM_OC_DelayElapsedCallback
 .text.HAL_TIM_IC_CaptureCallback
                0x0000000008007584        0x2 Drivers/STM32F4xx_HAL_Driver/Src/stm32f4xx_hal_tim.o
                0x0000000008007584                HAL_TIM_IC_CaptureCallback
 .text.HAL_TIM_PWM_PulseFinishedCallback
                0x0000000008007586        0x2 Drivers/STM32F4xx_HAL_Driver/Src/stm32f4xx_hal_tim.o
                0x0000000008007586                HAL_TIM_PWM_PulseFinishedCallback
 .text.HAL_TIM_TriggerCallback
                0x0000000008007588        0x2 Drivers/STM32F4xx_HAL_Driver/Src/stm32f4xx_hal_tim.o
                0x0000000008007588                HAL_TIM_TriggerCallback
 .text.HAL_TIM_IRQHandler
                0x000000000800758a      0x17a Drivers/STM32F4xx_HAL_Driver/Src/stm32f4xx_hal_tim.o
                0x000000000800758a                HAL_TIM_IRQHandler
 .text.TIM_Base_SetConfig
                0x0000000008007704      0x108 Drivers/STM32F4xx_HAL_Driver/Src/stm32f4xx_hal_tim.o
                0x0000000008007704                TIM_Base_SetConfig
 .text.HAL_TIM_Base_Init
                0x000000000800780c       0x58 Drivers/STM32F4xx_HAL_Driver/Src/stm32f4xx_hal_tim.o
                0x000000000800780c                HAL_TIM_Base_Init
 .text.HAL_TIM_PWM_Init
                0x0000000008007864       0x58 Drivers/STM32F4xx_HAL_Driver/Src/stm32f4xx_hal_tim.o
                0x0000000008007864                HAL_TIM_PWM_Init
 .text.TIM_OC2_SetConfig
                0x00000000080078bc       0x70 Drivers/STM32F4xx_HAL_Driver/Src/stm32f4xx_hal_tim.o
                0x00000000080078bc                TIM_OC2_SetConfig
 .text.HAL_TIM_PWM_ConfigChannel
                0x000000000800792c       0xd0 Drivers/STM32F4xx_HAL_Driver/Src/stm32f4xx_hal_tim.o
                0x000000000800792c                HAL_TIM_PWM_ConfigChannel
 .text.TIM_ETR_SetConfig
                0x00000000080079fc       0x18 Drivers/STM32F4xx_HAL_Driver/Src/stm32f4xx_hal_tim.o
                0x00000000080079fc                TIM_ETR_SetConfig
 .text.HAL_TIM_ConfigClockSource
                0x0000000008007a14      0x146 Drivers/STM32F4xx_HAL_Driver/Src/stm32f4xx_hal_tim.o
                0x0000000008007a14                HAL_TIM_ConfigClockSource
 .text.TIM_CCxChannelCmd
                0x0000000008007b5a       0x20 Drivers/STM32F4xx_HAL_Driver/Src/stm32f4xx_hal_tim.o
                0x0000000008007b5a                TIM_CCxChannelCmd
 *fill*         0x0000000008007b7a        0x2 
 .text.HAL_TIM_PWM_Start
                0x0000000008007b7c       0xf4 Drivers/STM32F4xx_HAL_Driver/Src/stm32f4xx_hal_tim.o
                0x0000000008007b7c                HAL_TIM_PWM_Start
 .text.HAL_TIM_PWM_Stop
                0x0000000008007c70       0x88 Drivers/STM32F4xx_HAL_Driver/Src/stm32f4xx_hal_tim.o
                0x0000000008007c70                HAL_TIM_PWM_Stop
 .text.HAL_TIMEx_MasterConfigSynchronization
                0x0000000008007cf8       0x88 Drivers/STM32F4xx_HAL_Driver/Src/stm32f4xx_hal_tim_ex.o
                0x0000000008007cf8                HAL_TIMEx_MasterConfigSynchronization
 .text.HAL_TIMEx_CommutCallback
                0x0000000008007d80        0x2 Drivers/STM32F4xx_HAL_Driver/Src/stm32f4xx_hal_tim_ex.o
                0x0000000008007d80                HAL_TIMEx_CommutCallback
 .text.HAL_TIMEx_BreakCallback
                0x0000000008007d82        0x2 Drivers/STM32F4xx_HAL_Driver/Src/stm32f4xx_hal_tim_ex.o
                0x0000000008007d82                HAL_TIMEx_BreakCallback
 .text.UART_EndRxTransfer
                0x0000000008007d84       0x32 Drivers/STM32F4xx_HAL_Driver/Src/stm32f4xx_hal_uart.o
 *fill*         0x0000000008007db6        0x2 
 .text.UART_SetConfig
                0x0000000008007db8      0x110 Drivers/STM32F4xx_HAL_Driver/Src/stm32f4xx_hal_uart.o
 .text.HAL_UART_Init
                0x0000000008007ec8       0x5e Drivers/STM32F4xx_HAL_Driver/Src/stm32f4xx_hal_uart.o
                0x0000000008007ec8                HAL_UART_Init
 .text.HAL_UART_TxCpltCallback
                0x0000000008007f26        0x2 Drivers/STM32F4xx_HAL_Driver/Src/stm32f4xx_hal_uart.o
                0x0000000008007f26                HAL_UART_TxCpltCallback
 .text.HAL_UART_ErrorCallback
                0x0000000008007f28        0x2 Drivers/STM32F4xx_HAL_Driver/Src/stm32f4xx_hal_uart.o
                0x0000000008007f28                HAL_UART_ErrorCallback
 .text.UART_DMAAbortOnError
                0x0000000008007f2a       0x10 Drivers/STM32F4xx_HAL_Driver/Src/stm32f4xx_hal_uart.o
 .text.HAL_UARTEx_RxEventCallback
                0x0000000008007f3a        0x2 Drivers/STM32F4xx_HAL_Driver/Src/stm32f4xx_hal_uart.o
                0x0000000008007f3a                HAL_UARTEx_RxEventCallback
 .text.UART_Receive_IT
                0x0000000008007f3c       0xb2 Drivers/STM32F4xx_HAL_Driver/Src/stm32f4xx_hal_uart.o
 *fill*         0x0000000008007fee        0x2 
 .text.HAL_UART_IRQHandler
                0x0000000008007ff0      0x274 Drivers/STM32F4xx_HAL_Driver/Src/stm32f4xx_hal_uart.o
                0x0000000008007ff0                HAL_UART_IRQHandler
 .text.UART_Start_Receive_IT
                0x0000000008008264       0x36 Drivers/STM32F4xx_HAL_Driver/Src/stm32f4xx_hal_uart.o
                0x0000000008008264                UART_Start_Receive_IT
 .text.HAL_UART_Receive_IT
                0x000000000800829a       0x38 Drivers/STM32F4xx_HAL_Driver/Src/stm32f4xx_hal_uart.o
                0x000000000800829a                HAL_UART_Receive_IT
 *fill*         0x00000000080082d2        0x2 
 .text.SDMMC_GetCmdResp2
                0x00000000080082d4       0x64 Drivers/STM32F4xx_HAL_Driver/Src/stm32f4xx_ll_sdmmc.o
 .text.SDMMC_GetCmdResp3
                0x0000000008008338       0x58 Drivers/STM32F4xx_HAL_Driver/Src/stm32f4xx_ll_sdmmc.o
 .text.SDMMC_GetCmdResp1
                0x0000000008008390      0x154 Drivers/STM32F4xx_HAL_Driver/Src/stm32f4xx_ll_sdmmc.o
 .text.SDIO_Init
                0x00000000080084e4       0x38 Drivers/STM32F4xx_HAL_Driver/Src/stm32f4xx_ll_sdmmc.o
                0x00000000080084e4                SDIO_Init
 .text.SDIO_ReadFIFO
                0x000000000800851c        0x6 Drivers/STM32F4xx_HAL_Driver/Src/stm32f4xx_ll_sdmmc.o
                0x000000000800851c                SDIO_ReadFIFO
 .text.SDIO_WriteFIFO
                0x0000000008008522        0xa Drivers/STM32F4xx_HAL_Driver/Src/stm32f4xx_ll_sdmmc.o
                0x0000000008008522                SDIO_WriteFIFO
 .text.SDIO_PowerState_ON
                0x000000000800852c       0x10 Drivers/STM32F4xx_HAL_Driver/Src/stm32f4xx_ll_sdmmc.o
                0x000000000800852c                SDIO_PowerState_ON
 .text.SDIO_GetPowerState
                0x000000000800853c        0x8 Drivers/STM32F4xx_HAL_Driver/Src/stm32f4xx_ll_sdmmc.o
                0x000000000800853c                SDIO_GetPowerState
 .text.SDIO_SendCommand
                0x0000000008008544       0x2a Drivers/STM32F4xx_HAL_Driver/Src/stm32f4xx_ll_sdmmc.o
                0x0000000008008544                SDIO_SendCommand
 .text.SDIO_GetResponse
                0x000000000800856e        0x6 Drivers/STM32F4xx_HAL_Driver/Src/stm32f4xx_ll_sdmmc.o
                0x000000000800856e                SDIO_GetResponse
 .text.SDIO_ConfigData
                0x0000000008008574       0x2a Drivers/STM32F4xx_HAL_Driver/Src/stm32f4xx_ll_sdmmc.o
                0x0000000008008574                SDIO_ConfigData
 .text.SDMMC_CmdBlockLength
                0x000000000800859e       0x30 Drivers/STM32F4xx_HAL_Driver/Src/stm32f4xx_ll_sdmmc.o
                0x000000000800859e                SDMMC_CmdBlockLength
 .text.SDMMC_CmdReadSingleBlock
                0x00000000080085ce       0x30 Drivers/STM32F4xx_HAL_Driver/Src/stm32f4xx_ll_sdmmc.o
                0x00000000080085ce                SDMMC_CmdReadSingleBlock
 .text.SDMMC_CmdReadMultiBlock
                0x00000000080085fe       0x30 Drivers/STM32F4xx_HAL_Driver/Src/stm32f4xx_ll_sdmmc.o
                0x00000000080085fe                SDMMC_CmdReadMultiBlock
 .text.SDMMC_CmdWriteSingleBlock
                0x000000000800862e       0x30 Drivers/STM32F4xx_HAL_Driver/Src/stm32f4xx_ll_sdmmc.o
                0x000000000800862e                SDMMC_CmdWriteSingleBlock
 .text.SDMMC_CmdWriteMultiBlock
                0x000000000800865e       0x30 Drivers/STM32F4xx_HAL_Driver/Src/stm32f4xx_ll_sdmmc.o
                0x000000000800865e                SDMMC_CmdWriteMultiBlock
 *fill*         0x000000000800868e        0x2 
 .text.SDMMC_CmdStopTransfer
                0x0000000008008690       0x34 Drivers/STM32F4xx_HAL_Driver/Src/stm32f4xx_ll_sdmmc.o
                0x0000000008008690                SDMMC_CmdStopTransfer
 .text.SDMMC_CmdSelDesel
                0x00000000080086c4       0x30 Drivers/STM32F4xx_HAL_Driver/Src/stm32f4xx_ll_sdmmc.o
                0x00000000080086c4                SDMMC_CmdSelDesel
 .text.SDMMC_CmdGoIdleState
                0x00000000080086f4       0x58 Drivers/STM32F4xx_HAL_Driver/Src/stm32f4xx_ll_sdmmc.o
                0x00000000080086f4                SDMMC_CmdGoIdleState
 .text.SDMMC_CmdOperCond
                0x000000000800874c       0x98 Drivers/STM32F4xx_HAL_Driver/Src/stm32f4xx_ll_sdmmc.o
                0x000000000800874c                SDMMC_CmdOperCond
 .text.SDMMC_CmdAppCommand
                0x00000000080087e4       0x30 Drivers/STM32F4xx_HAL_Driver/Src/stm32f4xx_ll_sdmmc.o
                0x00000000080087e4                SDMMC_CmdAppCommand
 .text.SDMMC_CmdAppOperCommand
                0x0000000008008814       0x32 Drivers/STM32F4xx_HAL_Driver/Src/stm32f4xx_ll_sdmmc.o
                0x0000000008008814                SDMMC_CmdAppOperCommand
 .text.SDMMC_CmdBusWidth
                0x0000000008008846       0x30 Drivers/STM32F4xx_HAL_Driver/Src/stm32f4xx_ll_sdmmc.o
                0x0000000008008846                SDMMC_CmdBusWidth
 .text.SDMMC_CmdSendSCR
                0x0000000008008876       0x30 Drivers/STM32F4xx_HAL_Driver/Src/stm32f4xx_ll_sdmmc.o
                0x0000000008008876                SDMMC_CmdSendSCR
 .text.SDMMC_CmdSendCID
                0x00000000080088a6       0x2a Drivers/STM32F4xx_HAL_Driver/Src/stm32f4xx_ll_sdmmc.o
                0x00000000080088a6                SDMMC_CmdSendCID
 .text.SDMMC_CmdSendCSD
                0x00000000080088d0       0x2a Drivers/STM32F4xx_HAL_Driver/Src/stm32f4xx_ll_sdmmc.o
                0x00000000080088d0                SDMMC_CmdSendCSD
 *fill*         0x00000000080088fa        0x2 
 .text.SDMMC_CmdSetRelAdd
                0x00000000080088fc       0xbc Drivers/STM32F4xx_HAL_Driver/Src/stm32f4xx_ll_sdmmc.o
                0x00000000080088fc                SDMMC_CmdSetRelAdd
 .text.SDMMC_CmdSendStatus
                0x00000000080089b8       0x30 Drivers/STM32F4xx_HAL_Driver/Src/stm32f4xx_ll_sdmmc.o
                0x00000000080089b8                SDMMC_CmdSendStatus
 .text.MX_FATFS_Init
                0x00000000080089e8       0x1c FATFS/App/fatfs.o
                0x00000000080089e8                MX_FATFS_Init
 .text.get_fattime
                0x0000000008008a04        0x4 FATFS/App/fatfs.o
                0x0000000008008a04                get_fattime
 .text.BSP_SD_ReadBlocks
                0x0000000008008a08       0x24 FATFS/Target/bsp_driver_sd.o
                0x0000000008008a08                BSP_SD_ReadBlocks
 .text.BSP_SD_WriteBlocks
                0x0000000008008a2c       0x24 FATFS/Target/bsp_driver_sd.o
                0x0000000008008a2c                BSP_SD_WriteBlocks
 .text.BSP_SD_GetCardState
                0x0000000008008a50       0x14 FATFS/Target/bsp_driver_sd.o
                0x0000000008008a50                BSP_SD_GetCardState
 .text.BSP_SD_GetCardInfo
                0x0000000008008a64       0x10 FATFS/Target/bsp_driver_sd.o
                0x0000000008008a64                BSP_SD_GetCardInfo
 .text.BSP_SD_AbortCallback
                0x0000000008008a74        0x2 FATFS/Target/bsp_driver_sd.o
                0x0000000008008a74                BSP_SD_AbortCallback
 .text.HAL_SD_AbortCallback
                0x0000000008008a76        0x8 FATFS/Target/bsp_driver_sd.o
                0x0000000008008a76                HAL_SD_AbortCallback
 .text.BSP_SD_WriteCpltCallback
                0x0000000008008a7e        0x2 FATFS/Target/bsp_driver_sd.o
                0x0000000008008a7e                BSP_SD_WriteCpltCallback
 .text.HAL_SD_TxCpltCallback
                0x0000000008008a80        0x8 FATFS/Target/bsp_driver_sd.o
                0x0000000008008a80                HAL_SD_TxCpltCallback
 .text.BSP_SD_ReadCpltCallback
                0x0000000008008a88        0x2 FATFS/Target/bsp_driver_sd.o
                0x0000000008008a88                BSP_SD_ReadCpltCallback
 .text.HAL_SD_RxCpltCallback
                0x0000000008008a8a        0x8 FATFS/Target/bsp_driver_sd.o
                0x0000000008008a8a                HAL_SD_RxCpltCallback
 .text.BSP_SD_IsDetected
                0x0000000008008a92       0x10 FATFS/Target/bsp_driver_sd.o
                0x0000000008008a92                BSP_SD_IsDetected
 *fill*         0x0000000008008aa2        0x2 
 .text.BSP_SD_Init
                0x0000000008008aa4       0x30 FATFS/Target/bsp_driver_sd.o
                0x0000000008008aa4                BSP_SD_Init
 .text.SD_initialize
                0x0000000008008ad4       0x38 FATFS/Target/sd_diskio.o
                0x0000000008008ad4                SD_initialize
 .text.SD_read  0x0000000008008b0c       0x24 FATFS/Target/sd_diskio.o
                0x0000000008008b0c                SD_read
 .text.SD_write
                0x0000000008008b30       0x24 FATFS/Target/sd_diskio.o
                0x0000000008008b30                SD_write
 .text.SD_ioctl
                0x0000000008008b54       0x58 FATFS/Target/sd_diskio.o
                0x0000000008008b54                SD_ioctl
 .text.SD_status
                0x0000000008008bac       0x24 FATFS/Target/sd_diskio.o
                0x0000000008008bac                SD_status
 .text.disk_status
                0x0000000008008bd0       0x18 Middlewares/Third_Party/FatFs/src/diskio.o
                0x0000000008008bd0                disk_status
 .text.disk_initialize
                0x0000000008008be8       0x28 Middlewares/Third_Party/FatFs/src/diskio.o
                0x0000000008008be8                disk_initialize
 .text.disk_read
                0x0000000008008c10       0x18 Middlewares/Third_Party/FatFs/src/diskio.o
                0x0000000008008c10                disk_read
 .text.disk_write
                0x0000000008008c28       0x18 Middlewares/Third_Party/FatFs/src/diskio.o
                0x0000000008008c28                disk_write
 .text.disk_ioctl
                0x0000000008008c40       0x18 Middlewares/Third_Party/FatFs/src/diskio.o
                0x0000000008008c40                disk_ioctl
 .text.ld_dword
                0x0000000008008c58       0x16 Middlewares/Third_Party/FatFs/src/ff.o
 .text.st_dword
                0x0000000008008c6e       0x10 Middlewares/Third_Party/FatFs/src/ff.o
 .text.mem_cpy  0x0000000008008c7e       0x14 Middlewares/Third_Party/FatFs/src/ff.o
 .text.mem_set  0x0000000008008c92        0xc Middlewares/Third_Party/FatFs/src/ff.o
 *fill*         0x0000000008008c9e        0x2 
 .text.chk_lock
                0x0000000008008ca0       0x90 Middlewares/Third_Party/FatFs/src/ff.o
 .text.inc_lock
                0x0000000008008d30       0xa4 Middlewares/Third_Party/FatFs/src/ff.o
 .text.dec_lock
                0x0000000008008dd4       0x44 Middlewares/Third_Party/FatFs/src/ff.o
 .text.clust2sect
                0x0000000008008e18       0x16 Middlewares/Third_Party/FatFs/src/ff.o
 .text.clmt_clust
                0x0000000008008e2e       0x28 Middlewares/Third_Party/FatFs/src/ff.o
 .text.get_ldnumber
                0x0000000008008e56       0x52 Middlewares/Third_Party/FatFs/src/ff.o
 .text.validate
                0x0000000008008ea8       0x46 Middlewares/Third_Party/FatFs/src/ff.o
 .text.sync_window
                0x0000000008008eee       0x5a Middlewares/Third_Party/FatFs/src/ff.o
 .text.move_window
                0x0000000008008f48       0x34 Middlewares/Third_Party/FatFs/src/ff.o
 .text.sync_fs  0x0000000008008f7c       0x88 Middlewares/Third_Party/FatFs/src/ff.o
 .text.put_fat  0x0000000008009004      0x12c Middlewares/Third_Party/FatFs/src/ff.o
 .text.st_clust
                0x0000000008009130       0x1a Middlewares/Third_Party/FatFs/src/ff.o
 .text.get_fat  0x000000000800914a       0xd0 Middlewares/Third_Party/FatFs/src/ff.o
 .text.dir_sdi  0x000000000800921a       0xa8 Middlewares/Third_Party/FatFs/src/ff.o
 .text.create_chain
                0x00000000080092c2       0xc4 Middlewares/Third_Party/FatFs/src/ff.o
 .text.remove_chain
                0x0000000008009386       0x92 Middlewares/Third_Party/FatFs/src/ff.o
 .text.dir_next
                0x0000000008009418      0x108 Middlewares/Third_Party/FatFs/src/ff.o
 .text.dir_register
                0x0000000008009520       0x72 Middlewares/Third_Party/FatFs/src/ff.o
 *fill*         0x0000000008009592        0x2 
 .text.check_fs
                0x0000000008009594       0x80 Middlewares/Third_Party/FatFs/src/ff.o
 .text.find_volume
                0x0000000008009614      0x374 Middlewares/Third_Party/FatFs/src/ff.o
 .text.ld_clust
                0x0000000008009988       0x20 Middlewares/Third_Party/FatFs/src/ff.o
 .text.follow_path
                0x00000000080099a8      0x1e8 Middlewares/Third_Party/FatFs/src/ff.o
 .text.f_mount  0x0000000008009b90       0x88 Middlewares/Third_Party/FatFs/src/ff.o
                0x0000000008009b90                f_mount
 .text.f_open   0x0000000008009c18      0x24c Middlewares/Third_Party/FatFs/src/ff.o
                0x0000000008009c18                f_open
 .text.f_write  0x0000000008009e64      0x1d6 Middlewares/Third_Party/FatFs/src/ff.o
                0x0000000008009e64                f_write
 .text.putc_bfd
                0x000000000800a03a       0x4a Middlewares/Third_Party/FatFs/src/ff.o
 .text.putc_flush
                0x000000000800a084       0x3a Middlewares/Third_Party/FatFs/src/ff.o
 .text.f_sync   0x000000000800a0be       0x94 Middlewares/Third_Party/FatFs/src/ff.o
                0x000000000800a0be                f_sync
 .text.f_close  0x000000000800a152       0x2a Middlewares/Third_Party/FatFs/src/ff.o
                0x000000000800a152                f_close
 .text.f_lseek  0x000000000800a17c      0x2ae Middlewares/Third_Party/FatFs/src/ff.o
                0x000000000800a17c                f_lseek
 .text.f_printf
                0x000000000800a42a      0x2e8 Middlewares/Third_Party/FatFs/src/ff.o
                0x000000000800a42a                f_printf
 *fill*         0x000000000800a712        0x2 
 .text.FATFS_LinkDriverEx
                0x000000000800a714       0x48 Middlewares/Third_Party/FatFs/src/ff_gen_drv.o
                0x000000000800a714                FATFS_LinkDriverEx
 .text.FATFS_LinkDriver
                0x000000000800a75c        0xa Middlewares/Third_Party/FatFs/src/ff_gen_drv.o
                0x000000000800a75c                FATFS_LinkDriver
 *fill*         0x000000000800a766        0x2 
 .text.__errno  0x000000000800a768        0xc c:/st/stm32cubeide_1.6.1/stm32cubeide/plugins/com.st.stm32cube.ide.mcu.externaltools.gnu-tools-for-stm32.9-2020-q2-update.win32_1.5.0.202011040924/tools/bin/../lib/gcc/arm-none-eabi/9.3.1/../../../../arm-none-eabi/lib/thumb/v7e-m+fp/hard\libc_nano.a(lib_a-errno.o)
                0x000000000800a768                __errno
 .text.__libc_init_array
                0x000000000800a774       0x48 c:/st/stm32cubeide_1.6.1/stm32cubeide/plugins/com.st.stm32cube.ide.mcu.externaltools.gnu-tools-for-stm32.9-2020-q2-update.win32_1.5.0.202011040924/tools/bin/../lib/gcc/arm-none-eabi/9.3.1/../../../../arm-none-eabi/lib/thumb/v7e-m+fp/hard\libc_nano.a(lib_a-init.o)
                0x000000000800a774                __libc_init_array
 .text.memset   0x000000000800a7bc       0x10 c:/st/stm32cubeide_1.6.1/stm32cubeide/plugins/com.st.stm32cube.ide.mcu.externaltools.gnu-tools-for-stm32.9-2020-q2-update.win32_1.5.0.202011040924/tools/bin/../lib/gcc/arm-none-eabi/9.3.1/../../../../arm-none-eabi/lib/thumb/v7e-m+fp/hard\libc_nano.a(lib_a-memset.o)
                0x000000000800a7bc                memset
 .text.__cvt    0x000000000800a7cc       0xc4 c:/st/stm32cubeide_1.6.1/stm32cubeide/plugins/com.st.stm32cube.ide.mcu.externaltools.gnu-tools-for-stm32.9-2020-q2-update.win32_1.5.0.202011040924/tools/bin/../lib/gcc/arm-none-eabi/9.3.1/../../../../arm-none-eabi/lib/thumb/v7e-m+fp/hard\libc_nano.a(lib_a-nano-vfprintf_float.o)
                0x000000000800a7cc                __cvt
 .text.__exponent
                0x000000000800a890       0x7c c:/st/stm32cubeide_1.6.1/stm32cubeide/plugins/com.st.stm32cube.ide.mcu.externaltools.gnu-tools-for-stm32.9-2020-q2-update.win32_1.5.0.202011040924/tools/bin/../lib/gcc/arm-none-eabi/9.3.1/../../../../arm-none-eabi/lib/thumb/v7e-m+fp/hard\libc_nano.a(lib_a-nano-vfprintf_float.o)
                0x000000000800a890                __exponent
 .text._printf_float
                0x000000000800a90c      0x46c c:/st/stm32cubeide_1.6.1/stm32cubeide/plugins/com.st.stm32cube.ide.mcu.externaltools.gnu-tools-for-stm32.9-2020-q2-update.win32_1.5.0.202011040924/tools/bin/../lib/gcc/arm-none-eabi/9.3.1/../../../../arm-none-eabi/lib/thumb/v7e-m+fp/hard\libc_nano.a(lib_a-nano-vfprintf_float.o)
                0x000000000800a90c                _printf_float
 .text._printf_common
                0x000000000800ad78       0xda c:/st/stm32cubeide_1.6.1/stm32cubeide/plugins/com.st.stm32cube.ide.mcu.externaltools.gnu-tools-for-stm32.9-2020-q2-update.win32_1.5.0.202011040924/tools/bin/../lib/gcc/arm-none-eabi/9.3.1/../../../../arm-none-eabi/lib/thumb/v7e-m+fp/hard\libc_nano.a(lib_a-nano-vfprintf_i.o)
                0x000000000800ad78                _printf_common
 *fill*         0x000000000800ae52        0x2 
 .text._printf_i
                0x000000000800ae54      0x24c c:/st/stm32cubeide_1.6.1/stm32cubeide/plugins/com.st.stm32cube.ide.mcu.externaltools.gnu-tools-for-stm32.9-2020-q2-update.win32_1.5.0.202011040924/tools/bin/../lib/gcc/arm-none-eabi/9.3.1/../../../../arm-none-eabi/lib/thumb/v7e-m+fp/hard\libc_nano.a(lib_a-nano-vfprintf_i.o)
                0x000000000800ae54                _printf_i
 .text._scanf_float
                0x000000000800b0a0      0x420 c:/st/stm32cubeide_1.6.1/stm32cubeide/plugins/com.st.stm32cube.ide.mcu.externaltools.gnu-tools-for-stm32.9-2020-q2-update.win32_1.5.0.202011040924/tools/bin/../lib/gcc/arm-none-eabi/9.3.1/../../../../arm-none-eabi/lib/thumb/v7e-m+fp/hard\libc_nano.a(lib_a-nano-vfscanf_float.o)
                0x000000000800b0a0                _scanf_float
 .text.nanf     0x000000000800b4c0        0xc c:/st/stm32cubeide_1.6.1/stm32cubeide/plugins/com.st.stm32cube.ide.mcu.externaltools.gnu-tools-for-stm32.9-2020-q2-update.win32_1.5.0.202011040924/tools/bin/../lib/gcc/arm-none-eabi/9.3.1/../../../../arm-none-eabi/lib/thumb/v7e-m+fp/hard\libc_nano.a(lib_a-sf_nan.o)
                0x000000000800b4c0                nanf
 .text.sprintf  0x000000000800b4cc       0x40 c:/st/stm32cubeide_1.6.1/stm32cubeide/plugins/com.st.stm32cube.ide.mcu.externaltools.gnu-tools-for-stm32.9-2020-q2-update.win32_1.5.0.202011040924/tools/bin/../lib/gcc/arm-none-eabi/9.3.1/../../../../arm-none-eabi/lib/thumb/v7e-m+fp/hard\libc_nano.a(lib_a-sprintf.o)
                0x000000000800b4cc                siprintf
                0x000000000800b4cc                sprintf
 .text.sscanf   0x000000000800b50c       0x58 c:/st/stm32cubeide_1.6.1/stm32cubeide/plugins/com.st.stm32cube.ide.mcu.externaltools.gnu-tools-for-stm32.9-2020-q2-update.win32_1.5.0.202011040924/tools/bin/../lib/gcc/arm-none-eabi/9.3.1/../../../../arm-none-eabi/lib/thumb/v7e-m+fp/hard\libc_nano.a(lib_a-sscanf.o)
                0x000000000800b50c                siscanf
                0x000000000800b50c                sscanf
 .text.__sread  0x000000000800b564       0x22 c:/st/stm32cubeide_1.6.1/stm32cubeide/plugins/com.st.stm32cube.ide.mcu.externaltools.gnu-tools-for-stm32.9-2020-q2-update.win32_1.5.0.202011040924/tools/bin/../lib/gcc/arm-none-eabi/9.3.1/../../../../arm-none-eabi/lib/thumb/v7e-m+fp/hard\libc_nano.a(lib_a-stdio.o)
                0x000000000800b564                __sread
 .text.__seofread
                0x000000000800b586        0x4 c:/st/stm32cubeide_1.6.1/stm32cubeide/plugins/com.st.stm32cube.ide.mcu.externaltools.gnu-tools-for-stm32.9-2020-q2-update.win32_1.5.0.202011040924/tools/bin/../lib/gcc/arm-none-eabi/9.3.1/../../../../arm-none-eabi/lib/thumb/v7e-m+fp/hard\libc_nano.a(lib_a-stdio.o)
                0x000000000800b586                __seofread
 .text.__swrite
                0x000000000800b58a       0x38 c:/st/stm32cubeide_1.6.1/stm32cubeide/plugins/com.st.stm32cube.ide.mcu.externaltools.gnu-tools-for-stm32.9-2020-q2-update.win32_1.5.0.202011040924/tools/bin/../lib/gcc/arm-none-eabi/9.3.1/../../../../arm-none-eabi/lib/thumb/v7e-m+fp/hard\libc_nano.a(lib_a-stdio.o)
                0x000000000800b58a                __swrite
 .text.__sseek  0x000000000800b5c2       0x24 c:/st/stm32cubeide_1.6.1/stm32cubeide/plugins/com.st.stm32cube.ide.mcu.externaltools.gnu-tools-for-stm32.9-2020-q2-update.win32_1.5.0.202011040924/tools/bin/../lib/gcc/arm-none-eabi/9.3.1/../../../../arm-none-eabi/lib/thumb/v7e-m+fp/hard\libc_nano.a(lib_a-stdio.o)
                0x000000000800b5c2                __sseek
 .text.__sclose
                0x000000000800b5e6        0x8 c:/st/stm32cubeide_1.6.1/stm32cubeide/plugins/com.st.stm32cube.ide.mcu.externaltools.gnu-tools-for-stm32.9-2020-q2-update.win32_1.5.0.202011040924/tools/bin/../lib/gcc/arm-none-eabi/9.3.1/../../../../arm-none-eabi/lib/thumb/v7e-m+fp/hard\libc_nano.a(lib_a-stdio.o)
                0x000000000800b5e6                __sclose
 .text.sulp     0x000000000800b5ee       0x38 c:/st/stm32cubeide_1.6.1/stm32cubeide/plugins/com.st.stm32cube.ide.mcu.externaltools.gnu-tools-for-stm32.9-2020-q2-update.win32_1.5.0.202011040924/tools/bin/../lib/gcc/arm-none-eabi/9.3.1/../../../../arm-none-eabi/lib/thumb/v7e-m+fp/hard\libc_nano.a(lib_a-strtod.o)
 *fill*         0x000000000800b626        0x2 
 .text._strtod_l
                0x000000000800b628      0xc14 c:/st/stm32cubeide_1.6.1/stm32cubeide/plugins/com.st.stm32cube.ide.mcu.externaltools.gnu-tools-for-stm32.9-2020-q2-update.win32_1.5.0.202011040924/tools/bin/../lib/gcc/arm-none-eabi/9.3.1/../../../../arm-none-eabi/lib/thumb/v7e-m+fp/hard\libc_nano.a(lib_a-strtod.o)
                0x000000000800b628                _strtod_l
 .text._strtod_r
                0x000000000800c23c        0xc c:/st/stm32cubeide_1.6.1/stm32cubeide/plugins/com.st.stm32cube.ide.mcu.externaltools.gnu-tools-for-stm32.9-2020-q2-update.win32_1.5.0.202011040924/tools/bin/../lib/gcc/arm-none-eabi/9.3.1/../../../../arm-none-eabi/lib/thumb/v7e-m+fp/hard\libc_nano.a(lib_a-strtod.o)
                0x000000000800c23c                _strtod_r
 .text._strtol_l.isra.0
                0x000000000800c248      0x108 c:/st/stm32cubeide_1.6.1/stm32cubeide/plugins/com.st.stm32cube.ide.mcu.externaltools.gnu-tools-for-stm32.9-2020-q2-update.win32_1.5.0.202011040924/tools/bin/../lib/gcc/arm-none-eabi/9.3.1/../../../../arm-none-eabi/lib/thumb/v7e-m+fp/hard\libc_nano.a(lib_a-strtol.o)
 .text._strtol_r
                0x000000000800c350        0x4 c:/st/stm32cubeide_1.6.1/stm32cubeide/plugins/com.st.stm32cube.ide.mcu.externaltools.gnu-tools-for-stm32.9-2020-q2-update.win32_1.5.0.202011040924/tools/bin/../lib/gcc/arm-none-eabi/9.3.1/../../../../arm-none-eabi/lib/thumb/v7e-m+fp/hard\libc_nano.a(lib_a-strtol.o)
                0x000000000800c350                _strtol_r
 .text._write_r
                0x000000000800c354       0x24 c:/st/stm32cubeide_1.6.1/stm32cubeide/plugins/com.st.stm32cube.ide.mcu.externaltools.gnu-tools-for-stm32.9-2020-q2-update.win32_1.5.0.202011040924/tools/bin/../lib/gcc/arm-none-eabi/9.3.1/../../../../arm-none-eabi/lib/thumb/v7e-m+fp/hard\libc_nano.a(lib_a-writer.o)
                0x000000000800c354                _write_r
 .text._close_r
                0x000000000800c378       0x20 c:/st/stm32cubeide_1.6.1/stm32cubeide/plugins/com.st.stm32cube.ide.mcu.externaltools.gnu-tools-for-stm32.9-2020-q2-update.win32_1.5.0.202011040924/tools/bin/../lib/gcc/arm-none-eabi/9.3.1/../../../../arm-none-eabi/lib/thumb/v7e-m+fp/hard\libc_nano.a(lib_a-closer.o)
                0x000000000800c378                _close_r
 .text.quorem   0x000000000800c398      0x116 c:/st/stm32cubeide_1.6.1/stm32cubeide/plugins/com.st.stm32cube.ide.mcu.externaltools.gnu-tools-for-stm32.9-2020-q2-update.win32_1.5.0.202011040924/tools/bin/../lib/gcc/arm-none-eabi/9.3.1/../../../../arm-none-eabi/lib/thumb/v7e-m+fp/hard\libc_nano.a(lib_a-dtoa.o)
 *fill*         0x000000000800c4ae        0x2 
 .text._dtoa_r  0x000000000800c4b0      0xbd8 c:/st/stm32cubeide_1.6.1/stm32cubeide/plugins/com.st.stm32cube.ide.mcu.externaltools.gnu-tools-for-stm32.9-2020-q2-update.win32_1.5.0.202011040924/tools/bin/../lib/gcc/arm-none-eabi/9.3.1/../../../../arm-none-eabi/lib/thumb/v7e-m+fp/hard\libc_nano.a(lib_a-dtoa.o)
                0x000000000800c4b0                _dtoa_r
 .text.rshift   0x000000000800d088       0xa4 c:/st/stm32cubeide_1.6.1/stm32cubeide/plugins/com.st.stm32cube.ide.mcu.externaltools.gnu-tools-for-stm32.9-2020-q2-update.win32_1.5.0.202011040924/tools/bin/../lib/gcc/arm-none-eabi/9.3.1/../../../../arm-none-eabi/lib/thumb/v7e-m+fp/hard\libc_nano.a(lib_a-gdtoa-gethex.o)
 .text.__hexdig_fun
                0x000000000800d12c       0x2a c:/st/stm32cubeide_1.6.1/stm32cubeide/plugins/com.st.stm32cube.ide.mcu.externaltools.gnu-tools-for-stm32.9-2020-q2-update.win32_1.5.0.202011040924/tools/bin/../lib/gcc/arm-none-eabi/9.3.1/../../../../arm-none-eabi/lib/thumb/v7e-m+fp/hard\libc_nano.a(lib_a-gdtoa-gethex.o)
                0x000000000800d12c                __hexdig_fun
 *fill*         0x000000000800d156        0x2 
 .text.__gethex
                0x000000000800d158      0x48c c:/st/stm32cubeide_1.6.1/stm32cubeide/plugins/com.st.stm32cube.ide.mcu.externaltools.gnu-tools-for-stm32.9-2020-q2-update.win32_1.5.0.202011040924/tools/bin/../lib/gcc/arm-none-eabi/9.3.1/../../../../arm-none-eabi/lib/thumb/v7e-m+fp/hard\libc_nano.a(lib_a-gdtoa-gethex.o)
                0x000000000800d158                __gethex
 .text.L_shift  0x000000000800d5e4       0x24 c:/st/stm32cubeide_1.6.1/stm32cubeide/plugins/com.st.stm32cube.ide.mcu.externaltools.gnu-tools-for-stm32.9-2020-q2-update.win32_1.5.0.202011040924/tools/bin/../lib/gcc/arm-none-eabi/9.3.1/../../../../arm-none-eabi/lib/thumb/v7e-m+fp/hard\libc_nano.a(lib_a-gdtoa-hexnan.o)
 .text.__match  0x000000000800d608       0x28 c:/st/stm32cubeide_1.6.1/stm32cubeide/plugins/com.st.stm32cube.ide.mcu.externaltools.gnu-tools-for-stm32.9-2020-q2-update.win32_1.5.0.202011040924/tools/bin/../lib/gcc/arm-none-eabi/9.3.1/../../../../arm-none-eabi/lib/thumb/v7e-m+fp/hard\libc_nano.a(lib_a-gdtoa-hexnan.o)
                0x000000000800d608                __match
 .text.__hexnan
                0x000000000800d630      0x138 c:/st/stm32cubeide_1.6.1/stm32cubeide/plugins/com.st.stm32cube.ide.mcu.externaltools.gnu-tools-for-stm32.9-2020-q2-update.win32_1.5.0.202011040924/tools/bin/../lib/gcc/arm-none-eabi/9.3.1/../../../../arm-none-eabi/lib/thumb/v7e-m+fp/hard\libc_nano.a(lib_a-gdtoa-hexnan.o)
                0x000000000800d630                __hexnan
 .text._localeconv_r
                0x000000000800d768        0x8 c:/st/stm32cubeide_1.6.1/stm32cubeide/plugins/com.st.stm32cube.ide.mcu.externaltools.gnu-tools-for-stm32.9-2020-q2-update.win32_1.5.0.202011040924/tools/bin/../lib/gcc/arm-none-eabi/9.3.1/../../../../arm-none-eabi/lib/thumb/v7e-m+fp/hard\libc_nano.a(lib_a-localeconv.o)
                0x000000000800d768                _localeconv_r
 .text._lseek_r
                0x000000000800d770       0x24 c:/st/stm32cubeide_1.6.1/stm32cubeide/plugins/com.st.stm32cube.ide.mcu.externaltools.gnu-tools-for-stm32.9-2020-q2-update.win32_1.5.0.202011040924/tools/bin/../lib/gcc/arm-none-eabi/9.3.1/../../../../arm-none-eabi/lib/thumb/v7e-m+fp/hard\libc_nano.a(lib_a-lseekr.o)
                0x000000000800d770                _lseek_r
 .text.malloc   0x000000000800d794       0x10 c:/st/stm32cubeide_1.6.1/stm32cubeide/plugins/com.st.stm32cube.ide.mcu.externaltools.gnu-tools-for-stm32.9-2020-q2-update.win32_1.5.0.202011040924/tools/bin/../lib/gcc/arm-none-eabi/9.3.1/../../../../arm-none-eabi/lib/thumb/v7e-m+fp/hard\libc_nano.a(lib_a-malloc.o)
                0x000000000800d794                malloc
 .text.__ascii_mbtowc
                0x000000000800d7a4       0x24 c:/st/stm32cubeide_1.6.1/stm32cubeide/plugins/com.st.stm32cube.ide.mcu.externaltools.gnu-tools-for-stm32.9-2020-q2-update.win32_1.5.0.202011040924/tools/bin/../lib/gcc/arm-none-eabi/9.3.1/../../../../arm-none-eabi/lib/thumb/v7e-m+fp/hard\libc_nano.a(lib_a-mbtowc_r.o)
                0x000000000800d7a4                __ascii_mbtowc
 .text.memcpy   0x000000000800d7c8       0x1c c:/st/stm32cubeide_1.6.1/stm32cubeide/plugins/com.st.stm32cube.ide.mcu.externaltools.gnu-tools-for-stm32.9-2020-q2-update.win32_1.5.0.202011040924/tools/bin/../lib/gcc/arm-none-eabi/9.3.1/../../../../arm-none-eabi/lib/thumb/v7e-m+fp/hard\libc_nano.a(lib_a-memcpy-stub.o)
                0x000000000800d7c8                memcpy
 .text._Balloc  0x000000000800d7e4       0x80 c:/st/stm32cubeide_1.6.1/stm32cubeide/plugins/com.st.stm32cube.ide.mcu.externaltools.gnu-tools-for-stm32.9-2020-q2-update.win32_1.5.0.202011040924/tools/bin/../lib/gcc/arm-none-eabi/9.3.1/../../../../arm-none-eabi/lib/thumb/v7e-m+fp/hard\libc_nano.a(lib_a-mprec.o)
                0x000000000800d7e4                _Balloc
 .text._Bfree   0x000000000800d864       0x44 c:/st/stm32cubeide_1.6.1/stm32cubeide/plugins/com.st.stm32cube.ide.mcu.externaltools.gnu-tools-for-stm32.9-2020-q2-update.win32_1.5.0.202011040924/tools/bin/../lib/gcc/arm-none-eabi/9.3.1/../../../../arm-none-eabi/lib/thumb/v7e-m+fp/hard\libc_nano.a(lib_a-mprec.o)
                0x000000000800d864                _Bfree
 .text.__multadd
                0x000000000800d8a8       0x94 c:/st/stm32cubeide_1.6.1/stm32cubeide/plugins/com.st.stm32cube.ide.mcu.externaltools.gnu-tools-for-stm32.9-2020-q2-update.win32_1.5.0.202011040924/tools/bin/../lib/gcc/arm-none-eabi/9.3.1/../../../../arm-none-eabi/lib/thumb/v7e-m+fp/hard\libc_nano.a(lib_a-mprec.o)
                0x000000000800d8a8                __multadd
 .text.__s2b    0x000000000800d93c       0x94 c:/st/stm32cubeide_1.6.1/stm32cubeide/plugins/com.st.stm32cube.ide.mcu.externaltools.gnu-tools-for-stm32.9-2020-q2-update.win32_1.5.0.202011040924/tools/bin/../lib/gcc/arm-none-eabi/9.3.1/../../../../arm-none-eabi/lib/thumb/v7e-m+fp/hard\libc_nano.a(lib_a-mprec.o)
                0x000000000800d93c                __s2b
 .text.__hi0bits
                0x000000000800d9d0       0x40 c:/st/stm32cubeide_1.6.1/stm32cubeide/plugins/com.st.stm32cube.ide.mcu.externaltools.gnu-tools-for-stm32.9-2020-q2-update.win32_1.5.0.202011040924/tools/bin/../lib/gcc/arm-none-eabi/9.3.1/../../../../arm-none-eabi/lib/thumb/v7e-m+fp/hard\libc_nano.a(lib_a-mprec.o)
                0x000000000800d9d0                __hi0bits
 .text.__lo0bits
                0x000000000800da10       0x60 c:/st/stm32cubeide_1.6.1/stm32cubeide/plugins/com.st.stm32cube.ide.mcu.externaltools.gnu-tools-for-stm32.9-2020-q2-update.win32_1.5.0.202011040924/tools/bin/../lib/gcc/arm-none-eabi/9.3.1/../../../../arm-none-eabi/lib/thumb/v7e-m+fp/hard\libc_nano.a(lib_a-mprec.o)
                0x000000000800da10                __lo0bits
 .text.__i2b    0x000000000800da70       0x2c c:/st/stm32cubeide_1.6.1/stm32cubeide/plugins/com.st.stm32cube.ide.mcu.externaltools.gnu-tools-for-stm32.9-2020-q2-update.win32_1.5.0.202011040924/tools/bin/../lib/gcc/arm-none-eabi/9.3.1/../../../../arm-none-eabi/lib/thumb/v7e-m+fp/hard\libc_nano.a(lib_a-mprec.o)
                0x000000000800da70                __i2b
 .text.__multiply
                0x000000000800da9c      0x14c c:/st/stm32cubeide_1.6.1/stm32cubeide/plugins/com.st.stm32cube.ide.mcu.externaltools.gnu-tools-for-stm32.9-2020-q2-update.win32_1.5.0.202011040924/tools/bin/../lib/gcc/arm-none-eabi/9.3.1/../../../../arm-none-eabi/lib/thumb/v7e-m+fp/hard\libc_nano.a(lib_a-mprec.o)
                0x000000000800da9c                __multiply
 .text.__pow5mult
                0x000000000800dbe8       0xb4 c:/st/stm32cubeide_1.6.1/stm32cubeide/plugins/com.st.stm32cube.ide.mcu.externaltools.gnu-tools-for-stm32.9-2020-q2-update.win32_1.5.0.202011040924/tools/bin/../lib/gcc/arm-none-eabi/9.3.1/../../../../arm-none-eabi/lib/thumb/v7e-m+fp/hard\libc_nano.a(lib_a-mprec.o)
                0x000000000800dbe8                __pow5mult
 .text.__lshift
                0x000000000800dc9c       0xd8 c:/st/stm32cubeide_1.6.1/stm32cubeide/plugins/com.st.stm32cube.ide.mcu.externaltools.gnu-tools-for-stm32.9-2020-q2-update.win32_1.5.0.202011040924/tools/bin/../lib/gcc/arm-none-eabi/9.3.1/../../../../arm-none-eabi/lib/thumb/v7e-m+fp/hard\libc_nano.a(lib_a-mprec.o)
                0x000000000800dc9c                __lshift
 .text.__mcmp   0x000000000800dd74       0x38 c:/st/stm32cubeide_1.6.1/stm32cubeide/plugins/com.st.stm32cube.ide.mcu.externaltools.gnu-tools-for-stm32.9-2020-q2-update.win32_1.5.0.202011040924/tools/bin/../lib/gcc/arm-none-eabi/9.3.1/../../../../arm-none-eabi/lib/thumb/v7e-m+fp/hard\libc_nano.a(lib_a-mprec.o)
                0x000000000800dd74                __mcmp
 .text.__mdiff  0x000000000800ddac      0x110 c:/st/stm32cubeide_1.6.1/stm32cubeide/plugins/com.st.stm32cube.ide.mcu.externaltools.gnu-tools-for-stm32.9-2020-q2-update.win32_1.5.0.202011040924/tools/bin/../lib/gcc/arm-none-eabi/9.3.1/../../../../arm-none-eabi/lib/thumb/v7e-m+fp/hard\libc_nano.a(lib_a-mprec.o)
                0x000000000800ddac                __mdiff
 .text.__ulp    0x000000000800debc       0x58 c:/st/stm32cubeide_1.6.1/stm32cubeide/plugins/com.st.stm32cube.ide.mcu.externaltools.gnu-tools-for-stm32.9-2020-q2-update.win32_1.5.0.202011040924/tools/bin/../lib/gcc/arm-none-eabi/9.3.1/../../../../arm-none-eabi/lib/thumb/v7e-m+fp/hard\libc_nano.a(lib_a-mprec.o)
                0x000000000800debc                __ulp
 .text.__b2d    0x000000000800df14       0xa0 c:/st/stm32cubeide_1.6.1/stm32cubeide/plugins/com.st.stm32cube.ide.mcu.externaltools.gnu-tools-for-stm32.9-2020-q2-update.win32_1.5.0.202011040924/tools/bin/../lib/gcc/arm-none-eabi/9.3.1/../../../../arm-none-eabi/lib/thumb/v7e-m+fp/hard\libc_nano.a(lib_a-mprec.o)
                0x000000000800df14                __b2d
 .text.__d2b    0x000000000800dfb4       0xb8 c:/st/stm32cubeide_1.6.1/stm32cubeide/plugins/com.st.stm32cube.ide.mcu.externaltools.gnu-tools-for-stm32.9-2020-q2-update.win32_1.5.0.202011040924/tools/bin/../lib/gcc/arm-none-eabi/9.3.1/../../../../arm-none-eabi/lib/thumb/v7e-m+fp/hard\libc_nano.a(lib_a-mprec.o)
                0x000000000800dfb4                __d2b
 .text.__ratio  0x000000000800e06c       0x66 c:/st/stm32cubeide_1.6.1/stm32cubeide/plugins/com.st.stm32cube.ide.mcu.externaltools.gnu-tools-for-stm32.9-2020-q2-update.win32_1.5.0.202011040924/tools/bin/../lib/gcc/arm-none-eabi/9.3.1/../../../../arm-none-eabi/lib/thumb/v7e-m+fp/hard\libc_nano.a(lib_a-mprec.o)
                0x000000000800e06c                __ratio
 .text.__copybits
                0x000000000800e0d2       0x46 c:/st/stm32cubeide_1.6.1/stm32cubeide/plugins/com.st.stm32cube.ide.mcu.externaltools.gnu-tools-for-stm32.9-2020-q2-update.win32_1.5.0.202011040924/tools/bin/../lib/gcc/arm-none-eabi/9.3.1/../../../../arm-none-eabi/lib/thumb/v7e-m+fp/hard\libc_nano.a(lib_a-mprec.o)
                0x000000000800e0d2                __copybits
 .text.__any_on
                0x000000000800e118       0x42 c:/st/stm32cubeide_1.6.1/stm32cubeide/plugins/com.st.stm32cube.ide.mcu.externaltools.gnu-tools-for-stm32.9-2020-q2-update.win32_1.5.0.202011040924/tools/bin/../lib/gcc/arm-none-eabi/9.3.1/../../../../arm-none-eabi/lib/thumb/v7e-m+fp/hard\libc_nano.a(lib_a-mprec.o)
                0x000000000800e118                __any_on
 .text._calloc_r
                0x000000000800e15a       0x1e c:/st/stm32cubeide_1.6.1/stm32cubeide/plugins/com.st.stm32cube.ide.mcu.externaltools.gnu-tools-for-stm32.9-2020-q2-update.win32_1.5.0.202011040924/tools/bin/../lib/gcc/arm-none-eabi/9.3.1/../../../../arm-none-eabi/lib/thumb/v7e-m+fp/hard\libc_nano.a(lib_a-nano-callocr.o)
                0x000000000800e15a                _calloc_r
 .text._free_r  0x000000000800e178       0xa0 c:/st/stm32cubeide_1.6.1/stm32cubeide/plugins/com.st.stm32cube.ide.mcu.externaltools.gnu-tools-for-stm32.9-2020-q2-update.win32_1.5.0.202011040924/tools/bin/../lib/gcc/arm-none-eabi/9.3.1/../../../../arm-none-eabi/lib/thumb/v7e-m+fp/hard\libc_nano.a(lib_a-nano-freer.o)
                0x000000000800e178                _free_r
 .text._malloc_r
                0x000000000800e218       0xb4 c:/st/stm32cubeide_1.6.1/stm32cubeide/plugins/com.st.stm32cube.ide.mcu.externaltools.gnu-tools-for-stm32.9-2020-q2-update.win32_1.5.0.202011040924/tools/bin/../lib/gcc/arm-none-eabi/9.3.1/../../../../arm-none-eabi/lib/thumb/v7e-m+fp/hard\libc_nano.a(lib_a-nano-mallocr.o)
                0x000000000800e218                _malloc_r
 .text.__ssputs_r