LoRa-RA.c:96:16:read_register	32	static
LoRa-RA.c:119:13:write_register	24	static
LoRa-RA.c:139:13:write_fifo	40	static
LoRa-RA.c:161:13:read_fifo	40	static
LoRa-RA.c:183:13:set_mode	16	static
LoRa-RA.c:189:13:set_OCP	24	static
LoRa-RA.c:211:13:set_low_data_rate_optimization	40	static
LoRa-RA.c:229:6:lora_mode_sleep	16	static
LoRa-RA.c:236:6:lora_mode_receive_continious	16	static
LoRa-RA.c:248:6:lora_mode_receive_single	16	static
LoRa-RA.c:260:6:lora_mode_standby	16	static
LoRa-RA.c:267:6:lora_set_implicit_header_mode	24	static
LoRa-RA.c:276:6:lora_set_explicit_header_mode	24	static
LoRa-RA.c:285:6:lora_set_tx_power	16	static
LoRa-RA.c:334:6:lora_set_frequency	32	static
LoRa-RA.c:346:9:lora_packet_rssi	24	static
LoRa-RA.c:355:9:lora_packet_snr	24	static
LoRa-RA.c:364:6:lora_set_signal_bandwidth	32	static
LoRa-RA.c:378:6:lora_set_spreading_factor	24	static
LoRa-RA.c:404:6:lora_set_crc	24	static
LoRa-RA.c:419:6:lora_set_coding_rate	24	static
LoRa-RA.c:430:6:lora_set_preamble_length	16	static
LoRa-RA.c:438:9:lora_version	16	static
LoRa-RA.c:445:9:lora_is_transmitting	24	static
LoRa-RA.c:454:16:lora_send_packet_base	24	static
LoRa-RA.c:484:9:lora_send_packet	24	static
LoRa-RA.c:489:9:lora_send_packet_dma_start	24	static
LoRa-RA.c:495:7:lora_send_packet_dma_complete	16	static
LoRa-RA.c:503:9:lora_send_packet_blocking	32	static
LoRa-RA.c:529:6:lora_set_rx_symbol_timeout	24	static
LoRa-RA.c:549:9:lora_is_packet_available	24	static
LoRa-RA.c:559:16:lora_receive_packet_base	32	static
LoRa-RA.c:614:9:lora_receive_packet	32	static
LoRa-RA.c:619:9:lora_receive_packet_dma_start	32	static
LoRa-RA.c:624:6:lora_receive_packet_dma_complete	16	static
LoRa-RA.c:630:9:lora_receive_packet_blocking	32	static
LoRa-RA.c:649:6:lora_enable_interrupt_rx_done	16	static
LoRa-RA.c:657:6:lora_enable_interrupt_tx_done	16	static
LoRa-RA.c:665:9:lora_init	32	static
