LSM303DTR.c:20:9:LSM303DTR_ReadID	16	static
LSM303DTR.c:33:18:LSM303DTR_Init	24	static
LSM303DTR.c:47:6:LSM303DTR_EnableThermometer	8	static
LSM303DTR.c:55:6:LSM303DTR_DisableThermometer	8	static
LSM303DTR.c:63:6:LSM303DTR_SetAccelerometerODR	16	static
LSM303DTR.c:69:6:LSM303DTR_SetCompassODR	16	static
LSM303DTR.c:75:6:LSM303DTR_SetAccelerometerFS	16	static
LSM303DTR.c:79:6:LSM303DTR_SetCompassFS	16	static
LSM303DTR.c:83:6:LSM303DTR_SetCompassMode	16	static
LSM303DTR.c:93:6:LSM303DTR_ReadData	24	static
LSM303DTR.c:134:9:LSM303DTR_ReadRegister	24	static
LSM303DTR.c:150:6:LSM303DTR_WriteTo	16	static
LSM303DTR.c:159:6:LSM303DTR_EnableCSB	8	static
LSM303DTR.c:163:6:LSM303DTR_DisableCSB	8	static
