LoRa-RA.c:119:13:write_register	16	static
LoRa-RA.c:96:16:read_register	24	static
LoRa-RA.c:211:13:set_low_data_rate_optimization	16	static
LoRa-RA.c:571:16:lora_receive_packet_base	40	static
LoRa-RA.c:229:6:lora_mode_sleep	8	static
LoRa-RA.c:236:6:lora_mode_receive_continious	8	static
LoRa-RA.c:248:6:lora_mode_receive_single	8	static
LoRa-RA.c:260:6:lora_mode_standby	8	static
LoRa-RA.c:267:6:lora_set_implicit_header_mode	8	static
LoRa-RA.c:276:6:lora_set_explicit_header_mode	8	static
LoRa-RA.c:285:6:lora_set_tx_power	16	static
LoRa-RA.c:334:6:lora_set_frequency	16	static
LoRa-RA.c:346:9:lora_packet_rssi	8	static
LoRa-RA.c:355:9:lora_packet_snr	8	static
LoRa-RA.c:364:6:lora_set_signal_bandwidth	16	static
LoRa-RA.c:378:6:lora_set_spreading_factor	16	static
LoRa-RA.c:404:6:lora_set_crc	16	static
LoRa-RA.c:419:6:lora_set_coding_rate	16	static
LoRa-RA.c:430:6:lora_set_preamble_length	16	static
LoRa-RA.c:438:9:lora_version	8	static
LoRa-RA.c:445:9:lora_is_transmitting	8	static
LoRa-RA.c:454:16:lora_send_packet_base	32	static
LoRa-RA.c:484:9:lora_send_packet	8	static
LoRa-RA.c:489:9:lora_send_packet_dma_start	8	static
LoRa-RA.c:495:7:lora_send_packet_dma_complete	8	static
LoRa-RA.c:503:9:lora_wait_send	8	static
LoRa-RA.c:515:9:lora_send_packet_blocking	32	static
LoRa-RA.c:541:6:lora_set_rx_symbol_timeout	16	static
LoRa-RA.c:561:9:lora_is_packet_available	8	static
LoRa-RA.c:626:9:lora_receive_packet	16	static
LoRa-RA.c:631:9:lora_receive_packet_dma_start	16	static
LoRa-RA.c:636:6:lora_receive_packet_dma_complete	8	static
LoRa-RA.c:642:9:lora_receive_packet_blocking	32	static
LoRa-RA.c:661:6:lora_enable_interrupt_rx_done	8	static
LoRa-RA.c:669:6:lora_enable_interrupt_tx_done	8	static
LoRa-RA.c:677:9:lora_init	16	static
