LSM6DSLTR.c:146:6:LSM6DSLTR_EnableCSB	8	static
LSM6DSLTR.c:150:6:LSM6DSLTR_DisableCSB	8	static
LSM6DSLTR.c:104:6:LSM6DSLTR_ReadData	24	static
LSM6DSLTR.c:122:9:LSM6DSLTR_ReadRegister	24	static
LSM6DSLTR.c:20:9:LSM6DSLTR_ReadID	8	static
LSM6DSLTR.c:35:18:LSM6DSLTR_Init	8	static
LSM6DSLTR.c:88:9:LSM6DSLTR_HasNewData	8	static
LSM6DSLTR.c:136:6:LSM6DSLTR_WriteTo	8	static
LSM6DSLTR.c:54:6:LSM6DSLTR_SetAccelerometerODR_FS	8	static
LSM6DSLTR.c:58:6:LSM6DSLTR_SetGyroscopeODR_FS	8	static
LSM6DSLTR.c:65:6:LSM6DSLTR_SoftReset	8	static
LSM6DSLTR.c:73:6:LSM6DSLTR_I2cDisable	8	static
LSM6DSLTR.c:81:6:LSM6DSLTR_SoftMagnetometerCorrection	8	static
