MS5607SPI.c:179:6:MS5607_Convert	56	static
MS5607SPI.c:220:8:MS5607_GetTemperatureC	8	static
MS5607SPI.c:225:9:MS5607_GetRawTemperature	0	static
MS5607SPI.c:230:9:MS5607_GetPressurePa	0	static
MS5607SPI.c:234:7:MS5607_Altitude	8	static
MS5607SPI.c:238:9:MS5607_Altitude_I32	0	static
MS5607SPI.c:245:6:enableCSB	8	static
MS5607SPI.c:250:6:disableCSB	8	static
MS5607SPI.c:81:6:MS5607_PromRead	32	static
MS5607SPI.c:61:20:MS5607_Init	8	static
MS5607SPI.c:110:6:MS5607_UncompensatedRead	32	static
MS5607SPI.c:214:6:MS5607_Update	8	static
MS5607SPI.c:255:6:MS5607_SetTemperatureOSR	0	static
MS5607SPI.c:260:6:MS5607_SetPressureOSR	0	static
