Archive member included to satisfy reference by file (symbol)

c:/st/stm32cubeide_1.6.1/stm32cubeide/plugins/com.st.stm32cube.ide.mcu.externaltools.gnu-tools-for-stm32.9-2020-q2-update.win32_1.5.0.202011040924/tools/bin/../lib/gcc/arm-none-eabi/9.3.1/../../../../arm-none-eabi/lib/thumb/v7e-m+fp/hard\libc_nano.a(lib_a-errno.o)
                              Core/Src/syscalls.o (__errno)
c:/st/stm32cubeide_1.6.1/stm32cubeide/plugins/com.st.stm32cube.ide.mcu.externaltools.gnu-tools-for-stm32.9-2020-q2-update.win32_1.5.0.202011040924/tools/bin/../lib/gcc/arm-none-eabi/9.3.1/../../../../arm-none-eabi/lib/thumb/v7e-m+fp/hard\libc_nano.a(lib_a-exit.o)
                              c:/st/stm32cubeide_1.6.1/stm32cubeide/plugins/com.st.stm32cube.ide.mcu.externaltools.gnu-tools-for-stm32.9-2020-q2-update.win32_1.5.0.202011040924/tools/bin/../lib/gcc/arm-none-eabi/9.3.1/../../../../arm-none-eabi/lib/thumb/v7e-m+fp/hard/crt0.o (exit)
c:/st/stm32cubeide_1.6.1/stm32cubeide/plugins/com.st.stm32cube.ide.mcu.externaltools.gnu-tools-for-stm32.9-2020-q2-update.win32_1.5.0.202011040924/tools/bin/../lib/gcc/arm-none-eabi/9.3.1/../../../../arm-none-eabi/lib/thumb/v7e-m+fp/hard\libc_nano.a(lib_a-impure.o)
                              c:/st/stm32cubeide_1.6.1/stm32cubeide/plugins/com.st.stm32cube.ide.mcu.externaltools.gnu-tools-for-stm32.9-2020-q2-update.win32_1.5.0.202011040924/tools/bin/../lib/gcc/arm-none-eabi/9.3.1/../../../../arm-none-eabi/lib/thumb/v7e-m+fp/hard\libc_nano.a(lib_a-exit.o) (_global_impure_ptr)
c:/st/stm32cubeide_1.6.1/stm32cubeide/plugins/com.st.stm32cube.ide.mcu.externaltools.gnu-tools-for-stm32.9-2020-q2-update.win32_1.5.0.202011040924/tools/bin/../lib/gcc/arm-none-eabi/9.3.1/../../../../arm-none-eabi/lib/thumb/v7e-m+fp/hard\libc_nano.a(lib_a-init.o)
                              c:/st/stm32cubeide_1.6.1/stm32cubeide/plugins/com.st.stm32cube.ide.mcu.externaltools.gnu-tools-for-stm32.9-2020-q2-update.win32_1.5.0.202011040924/tools/bin/../lib/gcc/arm-none-eabi/9.3.1/../../../../arm-none-eabi/lib/thumb/v7e-m+fp/hard/crt0.o (__libc_init_array)
c:/st/stm32cubeide_1.6.1/stm32cubeide/plugins/com.st.stm32cube.ide.mcu.externaltools.gnu-tools-for-stm32.9-2020-q2-update.win32_1.5.0.202011040924/tools/bin/../lib/gcc/arm-none-eabi/9.3.1/../../../../arm-none-eabi/lib/thumb/v7e-m+fp/hard\libc_nano.a(lib_a-memset.o)
                              c:/st/stm32cubeide_1.6.1/stm32cubeide/plugins/com.st.stm32cube.ide.mcu.externaltools.gnu-tools-for-stm32.9-2020-q2-update.win32_1.5.0.202011040924/tools/bin/../lib/gcc/arm-none-eabi/9.3.1/../../../../arm-none-eabi/lib/thumb/v7e-m+fp/hard/crt0.o (memset)
c:/st/stm32cubeide_1.6.1/stm32cubeide/plugins/com.st.stm32cube.ide.mcu.externaltools.gnu-tools-for-stm32.9-2020-q2-update.win32_1.5.0.202011040924/tools/bin/../lib/gcc/arm-none-eabi/9.3.1/../../../../arm-none-eabi/lib/thumb/v7e-m+fp/hard\libc_nano.a(lib_a-nano-vfprintf_float.o)
                              (_printf_float)
c:/st/stm32cubeide_1.6.1/stm32cubeide/plugins/com.st.stm32cube.ide.mcu.externaltools.gnu-tools-for-stm32.9-2020-q2-update.win32_1.5.0.202011040924/tools/bin/../lib/gcc/arm-none-eabi/9.3.1/../../../../arm-none-eabi/lib/thumb/v7e-m+fp/hard\libc_nano.a(lib_a-nano-vfprintf_i.o)
                              c:/st/stm32cubeide_1.6.1/stm32cubeide/plugins/com.st.stm32cube.ide.mcu.externaltools.gnu-tools-for-stm32.9-2020-q2-update.win32_1.5.0.202011040924/tools/bin/../lib/gcc/arm-none-eabi/9.3.1/../../../../arm-none-eabi/lib/thumb/v7e-m+fp/hard\libc_nano.a(lib_a-nano-vfprintf_float.o) (_printf_common)
c:/st/stm32cubeide_1.6.1/stm32cubeide/plugins/com.st.stm32cube.ide.mcu.externaltools.gnu-tools-for-stm32.9-2020-q2-update.win32_1.5.0.202011040924/tools/bin/../lib/gcc/arm-none-eabi/9.3.1/../../../../arm-none-eabi/lib/thumb/v7e-m+fp/hard\libc_nano.a(lib_a-sprintf.o)
                              Core/Src/gps.o (sprintf)
c:/st/stm32cubeide_1.6.1/stm32cubeide/plugins/com.st.stm32cube.ide.mcu.externaltools.gnu-tools-for-stm32.9-2020-q2-update.win32_1.5.0.202011040924/tools/bin/../lib/gcc/arm-none-eabi/9.3.1/../../../../arm-none-eabi/lib/thumb/v7e-m+fp/hard\libc_nano.a(lib_a-sscanf.o)
                              Core/Src/gps.o (sscanf)
c:/st/stm32cubeide_1.6.1/stm32cubeide/plugins/com.st.stm32cube.ide.mcu.externaltools.gnu-tools-for-stm32.9-2020-q2-update.win32_1.5.0.202011040924/tools/bin/../lib/gcc/arm-none-eabi/9.3.1/../../../../arm-none-eabi/lib/thumb/v7e-m+fp/hard\libc_nano.a(lib_a-stdio.o)
                              c:/st/stm32cubeide_1.6.1/stm32cubeide/plugins/com.st.stm32cube.ide.mcu.externaltools.gnu-tools-for-stm32.9-2020-q2-update.win32_1.5.0.202011040924/tools/bin/../lib/gcc/arm-none-eabi/9.3.1/../../../../arm-none-eabi/lib/thumb/v7e-m+fp/hard\libc_nano.a(lib_a-sscanf.o) (__seofread)
[...]
Memory Configuration

Name             Origin             Length             Attributes
CCMRAM           0x0000000010000000 0x0000000000010000 xrw
RAM              0x0000000020000000 0x0000000000020000 xrw
FLASH            0x0000000008000000 0x0000000000100000 xr
*default*        0x0000000000000000 0xffffffffffffffff

Linker script and memory map

LOAD c:/st/stm32cubeide_1.6.1/stm32cubeide/plugins/com.st.stm32cube.ide.mcu.externaltools.gnu-tools-for-stm32.9-2020-q2-update.win32_1.5.0.202011040924/tools/bin/../lib/gcc/arm-none-eabi/9.3.1/thumb/v7e-m+fp/hard/crti.o
LOAD c:/st/stm32cubeide_1.6.1/stm32cubeide/plugins/com.st.stm32cube.ide.mcu.externaltools.gnu-tools-for-stm32.9-2020-q2-update.win32_1.5.0.202011040924/tools/bin/../lib/gcc/arm-none-eabi/9.3.1/thumb/v7e-m+fp/hard/crtbegin.o
LOAD c:/st/stm32cubeide_1.6.1/stm32cubeide/plugins/com.st.stm32cube.ide.mcu.externaltools.gnu-tools-for-stm32.9-2020-q2-update.win32_1.5.0.202011040924/tools/bin/../lib/gcc/arm-none-eabi/9.3.1/../../../../arm-none-eabi/lib/thumb/v7e-m+fp/hard/crt0.o
LOAD Core/Src/Databuf.o
LOAD Core/Src/LSM303DTR.o
LOAD Core/Src/LSM6DSLTR.o
LOAD Core/Src/LoRa-RA.o
LOAD Core/Src/MS5607SPI.o
LOAD Core/Src/STLM75M2F.o
LOAD Core/Src/adc.o
LOAD Core/Src/bmp280.o
LOAD Core/Src/gpio.o
LOAD Core/Src/gps.o
LOAD Core/Src/i2c.o
LOAD Core/Src/main.o
LOAD Core/Src/sdio.o
LOAD Core/Src/spi.o
LOAD Core/Src/stm32f4xx_hal_msp.o
LOAD Core/Src/stm32f4xx_it.o
LOAD Core/Src/syscalls.o
LOAD Core/Src/sysmem.o
LOAD Core/Src/system_stm32f4xx.o
LOAD Core/Src/tim.o
LOAD Core/Src/usart.o
LOAD Core/Startup/startup_stm32f405rgtx.o
LOAD Drivers/STM32F4xx_HAL_Driver/Src/stm32f4xx_hal.o
LOAD Drivers/STM32F4xx_HAL_Driver/Src/stm32f4xx_hal_adc.o
LOAD Drivers/STM32F4xx_HAL_Driver/Src/stm32f4xx_hal_adc_ex.o
LOAD Drivers/STM32F4xx_HAL_Driver/Src/stm32f4xx_hal_cortex.o
LOAD Drivers/STM32F4xx_HAL_Driver/Src/stm32f4xx_hal_dma.o
LOAD Drivers/STM32F4xx_HAL_Driver/Src/stm32f4xx_hal_dma_ex.o
LOAD Drivers/STM32F4xx_HAL_Driver/Src/stm32f4xx_hal_exti.o
LOAD Drivers/STM32F4xx_HAL_Driver/Src/stm32f4xx_hal_flash.o
LOAD Drivers/STM32F4xx_HAL_Driver/Src/stm32f4xx_hal_flash_ex.o
LOAD Drivers/STM32F4xx_HAL_Driver/Src/stm32f4xx_hal_flash_ramfunc.o
LOAD Drivers/STM32F4xx_HAL_Driver/Src/stm32f4xx_hal_gpio.o
LOAD Drivers/STM32F4xx_HAL_Driver/Src/stm32f4xx_hal_i2c.o
LOAD Drivers/STM32F4xx_HAL_Driver/Src/stm32f4xx_hal_i2c_ex.o
LOAD Drivers/STM32F4xx_HAL_Driver/Src/stm32f4xx_hal_pwr.o
LOAD Drivers/STM32F4xx_HAL_Driver/Src/stm32f4xx_hal_pwr_ex.o
LOAD Drivers/STM32F4xx_HAL_Driver/Src/stm32f4xx_hal_rcc.o
LOAD Drivers/STM32F4xx_HAL_Driver/Src/stm32f4xx_hal_rcc_ex.o
LOAD Drivers/STM32F4xx_HAL_Driver/Src/stm32f4xx_hal_sd.o
LOAD Drivers/STM32F4xx_HAL_Driver/Src/stm32f4xx_hal_spi.o
LOAD Drivers/STM32F4xx_HAL_Driver/Src/stm32f4xx_hal_tim.o
LOAD Drivers/STM32F4xx_HAL_Driver/Src/stm32f4xx_hal_tim_ex.o
LOAD Drivers/STM32F4xx_HAL_Driver/Src/stm32f4xx_hal_uart.o
LOAD Drivers/STM32F4xx_HAL_Driver/Src/stm32f4xx_ll_adc.o
LOAD Drivers/STM32F4xx_HAL_Driver/Src/stm32f4xx_ll_sdmmc.o
LOAD FATFS/App/fatfs.o
LOAD FATFS/Target/bsp_driver_sd.o
LOAD FATFS/Target/sd_diskio.o
LOAD Middlewares/Third_Party/FatFs/src/diskio.o
LOAD Middlewares/Third_Party/FatFs/src/ff.o
LOAD Middlewares/Third_Party/FatFs/src/ff_gen_drv.o
LOAD Middlewares/Third_Party/FatFs/src/option/syscall.o
START GROUP
LOAD c:/st/stm32cubeide_1.6.1/stm32cubeide/plugins/com.st.stm32cube.ide.mcu.externaltools.gnu-tools-for-stm32.9-2020-q2-update.win32_1.5.0.202011040924/tools/bin/../lib/gcc/arm-none-eabi/9.3.1/../../../../arm-none-eabi/lib/thumb/v7e-m+fp/hard\libc_nano.a
LOAD c:/st/stm32cubeide_1.6.1/stm32cubeide/plugins/com.st.stm32cube.ide.mcu.externaltools.gnu-tools-for-stm32.9-2020-q2-update.win32_1.5.0.202011040924/tools/bin/../lib/gcc/arm-none-eabi/9.3.1/../../../../arm-none-eabi/lib/thumb/v7e-m+fp/hard\libm.a
END GROUP
START GROUP
LOAD c:/st/stm32cubeide_1.6.1/stm32cubeide/plugins/com.st.stm32cube.ide.mcu.externaltools.gnu-tools-for-stm32.9-2020-q2-update.win32_1.5.0.202011040924/tools/bin/../lib/gcc/arm-none-eabi/9.3.1/thumb/v7e-m+fp/hard\libgcc.a
LOAD c:/st/stm32cubeide_1.6.1/stm32cubeide/plugins/com.st.stm32cube.ide.mcu.externaltools.gnu-tools-for-stm32.9-2020-q2-update.win32_1.5.0.202011040924/tools/bin/../lib/gcc/arm-none-eabi/9.3.1/../../../../arm-none-eabi/lib/thumb/v7e-m+fp/hard\libc_nano.a
END GROUP
START GROUP
LOAD c:/st/stm32cubeide_1.6.1/stm32cubeide/plugins/com.st.stm32cube.ide.mcu.externaltools.gnu-tools-for-stm32.9-2020-q2-update.win32_1.5.0.202011040924/tools/bin/../lib/gcc/arm-none-eabi/9.3.1/thumb/v7e-m+fp/hard\libgcc.a
LOAD c:/st/stm32cubeide_1.6.1/stm32cubeide/plugins/com.st.stm32cube.ide.mcu.externaltools.gnu-tools-for-stm32.9-2020-q2-update.win32_1.5.0.202011040924/tools/bin/../lib/gcc/arm-none-eabi/9.3.1/../../../../arm-none-eabi/lib/thumb/v7e-m+fp/hard\libc_nano.a
LOAD c:/st/stm32cubeide_1.6.1/stm32cubeide/plugins/com.st.stm32cube.ide.mcu.externaltools.gnu-tools-for-stm32.9-2020-q2-update.win32_1.5.0.202011040924/tools/bin/../lib/gcc/arm-none-eabi/9.3.1/../../../../arm-none-eabi/lib/thumb/v7e-m+fp/hard\libnosys.a
END GROUP
START GROUP
LOAD c:/st/stm32cubeide_1.6.1/stm32cubeide/plugins/com.st.stm32cube.ide.mcu.externaltools.gnu-tools-for-stm32.9-2020-q2-update.win32_1.5.0.202011040924/tools/bin/../lib/gcc/arm-none-eabi/9.3.1/thumb/v7e-m+fp/hard\libgcc.a
LOAD c:/st/stm32cubeide_1.6.1/stm32cubeide/plugins/com.st.stm32cube.ide.mcu.externaltools.gnu-tools-for-stm32.9-2020-q2-update.win32_1.5.0.202011040924/tools/bin/../lib/gcc/arm-none-eabi/9.3.1/../../../../arm-none-eabi/lib/thumb/v7e-m+fp/hard\libc_nano.a
LOAD c:/st/stm32cubeide_1.6.1/stm32cubeide/plugins/com.st.stm32cube.ide.mcu.externaltools.gnu-tools-for-stm32.9-2020-q2-update.win32_1.5.0.202011040924/tools/bin/../lib/gcc/arm-none-eabi/9.3.1/../../../../arm-none-eabi/lib/thumb/v7e-m+fp/hard\libnosys.a
END GROUP
LOAD c:/st/stm32cubeide_1.6.1/stm32cubeide/plugins/com.st.stm32cube.ide.mcu.externaltools.gnu-tools-for-stm32.9-2020-q2-update.win32_1.5.0.202011040924/tools/bin/../lib/gcc/arm-none-eabi/9.3.1/thumb/v7e-m+fp/hard/crtend.o
LOAD c:/st/stm32cubeide_1.6.1/stm32cubeide/plugins/com.st.stm32cube.ide.mcu.externaltools.gnu-tools-for-stm32.9-2020-q2-update.win32_1.5.0.202011040924/tools/bin/../lib/gcc/arm-none-eabi/9.3.1/thumb/v7e-m+fp/hard/crtn.o
                0x0000000020020000                _estack = (ORIGIN (RAM) + LENGTH (RAM))
                0x0000000000000200                _Min_Heap_Size = 0x200
                0x0000000000000400                _Min_Stack_Size = 0x400

.isr_vector     0x0000000008000000      0x188
                0x0000000008000000                . = ALIGN (0x4)
 *(.isr_vector)
 .isr_vector    0x0000000008000000      0x188 Core/Startup/startup_stm32f405rgtx.o
                0x0000000008000000                g_pfnVectors
                0x0000000008000188                . = ALIGN (0x4)

.text           0x0000000008000190    0x13594
                0x0000000008000190                . = ALIGN (0x4)
 *(.text)
 .text          0x0000000008000190       0x40 c:/st/stm32cubeide_1.6.1/stm32cubeide/plugins/com.st.stm32cube.ide.mcu.externaltools.gnu-tools-for-stm32.9-2020-q2-update.win32_1.5.0.202011040924/tools/bin/../lib/gcc/arm-none-eabi/9.3.1/thumb/v7e-m+fp/hard/crtbegin.o
 .text          0x00000000080001d0       0x14 c:/st/stm32cubeide_1.6.1/stm32cubeide/plugins/com.st.stm32cube.ide.mcu.externaltools.gnu-tools-for-stm32.9-2020-q2-update.win32_1.5.0.202011040924/tools/bin/../lib/gcc/arm-none-eabi/9.3.1/../../../../arm-none-eabi/lib/thumb/v7e-m+fp/hard\libc_nano.a(lib_a-strcmp.o)
                0x00000000080001d0                strcmp
 .text          0x00000000080001e4       0x10 c:/st/stm32cubeide_1.6.1/stm32cubeide/plugins/com.st.stm32cube.ide.mcu.externaltools.gnu-tools-for-stm32.9-2020-q2-update.win32_1.5.0.202011040924/tools/bin/../lib/gcc/arm-none-eabi/9.3.1/../../../../arm-none-eabi/lib/thumb/v7e-m+fp/hard\libc_nano.a(lib_a-strlen.o)
                0x00000000080001e4                strlen
 *fill*         0x00000000080001f4        0xc 
 .text          0x0000000008000200       0xa0 c:/st/stm32cubeide_1.6.1/stm32cubeide/plugins/com.st.stm32cube.ide.mcu.externaltools.gnu-tools-for-stm32.9-2020-q2-update.win32_1.5.0.202011040924/tools/bin/../lib/gcc/arm-none-eabi/9.3.1/../../../../arm-none-eabi/lib/thumb/v7e-m+fp/hard\libc_nano.a(lib_a-memchr.o)
                0x0000000008000200                memchr
 .text          0x00000000080002a0      0x378 c:/st/stm32cubeide_1.6.1/stm32cubeide/plugins/com.st.stm32cube.ide.mcu.externaltools.gnu-tools-for-stm32.9-2020-q2-update.win32_1.5.0.202011040924/tools/bin/../lib/gcc/arm-none-eabi/9.3.1/thumb/v7e-m+fp/hard\libgcc.a(_arm_addsubdf3.o)
                0x00000000080002a0                __aeabi_drsub
                0x00000000080002a8                __aeabi_dsub
                0x00000000080002a8                __subdf3
                0x00000000080002ac                __aeabi_dadd
                0x00000000080002ac                __adddf3
                0x0000000008000524                __floatunsidf
                0x0000000008000524                __aeabi_ui2d
                0x0000000008000544                __floatsidf
                0x0000000008000544                __aeabi_i2d
                0x0000000008000568                __aeabi_f2d
                0x0000000008000568                __extendsfdf2
                0x00000000080005ac                __floatundidf
                0x00000000080005ac                __aeabi_ul2d
                0x00000000080005bc                __floatdidf
                0x00000000080005bc                __aeabi_l2d
 .text          0x0000000008000618      0x424 c:/st/stm32cubeide_1.6.1/stm32cubeide/plugins/com.st.stm32cube.ide.mcu.externaltools.gnu-tools-for-stm32.9-2020-q2-update.win32_1.5.0.202011040924/tools/bin/../lib/gcc/arm-none-eabi/9.3.1/thumb/v7e-m+fp/hard\libgcc.a(_arm_muldivdf3.o)
                0x0000000008000618                __aeabi_dmul
                0x0000000008000618                __muldf3
                0x000000000800086c                __divdf3
                0x000000000800086c                __aeabi_ddiv
 .text          0x0000000008000a3c      0x110 c:/st/stm32cubeide_1.6.1/stm32cubeide/plugins/com.st.stm32cube.ide.mcu.externaltools.gnu-tools-for-stm32.9-2020-q2-update.win32_1.5.0.202011040924/tools/bin/../lib/gcc/arm-none-eabi/9.3.1/thumb/v7e-m+fp/hard\libgcc.a(_arm_cmpdf2.o)
                0x0000000008000a3c                __gtdf2
                0x0000000008000a3c                __gedf2
                0x0000000008000a44                __ltdf2
                0x0000000008000a44                __ledf2
                0x0000000008000a4c                __nedf2
                0x0000000008000a4c                __eqdf2
                0x0000000008000a4c                __cmpdf2
                0x0000000008000ac8                __aeabi_cdrcmple
                0x0000000008000ad8                __aeabi_cdcmpeq
                0x0000000008000ad8                __aeabi_cdcmple
                0x0000000008000ae8                __aeabi_dcmpeq
                0x0000000008000afc                __aeabi_dcmplt
                0x0000000008000b10                __aeabi_dcmple
                0x0000000008000b24                __aeabi_dcmpge
                0x0000000008000b38                __aeabi_dcmpgt
 .text          0x0000000008000b4c       0x2c c:/st/stm32cubeide_1.6.1/stm32cubeide/plugins/com.st.stm32cube.ide.mcu.externaltools.gnu-tools-for-stm32.9-2020-q2-update.win32_1.5.0.202011040924/tools/bin/../lib/gcc/arm-none-eabi/9.3.1/thumb/v7e-m+fp/hard\libgcc.a(_arm_unorddf2.o)
                0x0000000008000b4c                __unorddf2
                0x0000000008000b4c                __aeabi_dcmpun
 .text          0x0000000008000b78       0x50 c:/st/stm32cubeide_1.6.1/stm32cubeide/plugins/com.st.stm32cube.ide.mcu.externaltools.gnu-tools-for-stm32.9-2020-q2-update.win32_1.5.0.202011040924/tools/bin/../lib/gcc/arm-none-eabi/9.3.1/thumb/v7e-m+fp/hard\libgcc.a(_arm_fixdfsi.o)
                0x0000000008000b78                __aeabi_d2iz
                0x0000000008000b78                __fixdfsi
 .text          0x0000000008000bc8       0xa0 c:/st/stm32cubeide_1.6.1/stm32cubeide/plugins/com.st.stm32cube.ide.mcu.externaltools.gnu-tools-for-stm32.9-2020-q2-update.win32_1.5.0.202011040924/tools/bin/../lib/gcc/arm-none-eabi/9.3.1/thumb/v7e-m+fp/hard\libgcc.a(_arm_truncdfsf2.o)
                0x0000000008000bc8                __truncdfsf2
                0x0000000008000bc8                __aeabi_d2f
 .text          0x0000000008000c68       0xa0 c:/st/stm32cubeide_1.6.1/stm32cubeide/plugins/com.st.stm32cube.ide.mcu.externaltools.gnu-tools-for-stm32.9-2020-q2-update.win32_1.5.0.202011040924/tools/bin/../lib/gcc/arm-none-eabi/9.3.1/thumb/v7e-m+fp/hard\libgcc.a(_aeabi_ldivmod.o)
                0x0000000008000c68                __aeabi_ldivmod
 .text          0x0000000008000d08       0x30 c:/st/stm32cubeide_1.6.1/stm32cubeide/plugins/com.st.stm32cube.ide.mcu.externaltools.gnu-tools-for-stm32.9-2020-q2-update.win32_1.5.0.202011040924/tools/bin/../lib/gcc/arm-none-eabi/9.3.1/thumb/v7e-m+fp/hard\libgcc.a(_aeabi_uldivmod.o)
                0x0000000008000d08                __aeabi_uldivmod
 .text          0x0000000008000d38      0x2c4 c:/st/stm32cubeide_1.6.1/stm32cubeide/plugins/com.st.stm32cube.ide.mcu.externaltools.gnu-tools-for-stm32.9-2020-q2-update.win32_1.5.0.202011040924/tools/bin/../lib/gcc/arm-none-eabi/9.3.1/thumb/v7e-m+fp/hard\libgcc.a(_udivmoddi4.o)
                0x0000000008000d38                __udivmoddi4
 .text          0x0000000008000ffc        0x4 c:/st/stm32cubeide_1.6.1/stm32cubeide/plugins/com.st.stm32cube.ide.mcu.externaltools.gnu-tools-for-stm32.9-2020-q2-update.win32_1.5.0.202011040924/tools/bin/../lib/gcc/arm-none-eabi/9.3.1/thumb/v7e-m+fp/hard\libgcc.a(_dvmd_tls.o)
                0x0000000008000ffc                __aeabi_idiv0
                0x0000000008000ffc                __aeabi_ldiv0
 *(.text*)
 .text.Buf_getDatabuf
                0x0000000008001000       0x14 Core/Src/Databuf.o
                0x0000000008001000                Buf_getDatabuf
 .text.Buf_getDatasize
                0x0000000008001014       0x18 Core/Src/Databuf.o
                0x0000000008001014                Buf_getDatasize
 .text.Buf_clear
                0x000000000800102c       0x40 Core/Src/Databuf.o
                0x000000000800102c                Buf_clear
 .text.Buf_push8
                0x000000000800106c       0x38 Core/Src/Databuf.o
                0x000000000800106c                Buf_push8
 .text.Buf_push16
                0x00000000080010a4       0x68 Core/Src/Databuf.o
                0x00000000080010a4                Buf_push16
 .text.Buf_push32
                0x000000000800110c       0x68 Core/Src/Databuf.o
                0x000000000800110c                Buf_push32
 .text.int16_tToFloat
                0x0000000008001174       0x44 Core/Src/Databuf.o
                0x0000000008001174                int16_tToFloat
 .text.LSM303DTR_ReadID
                0x00000000080011b8       0x1a Core/Src/LSM303DTR.o
                0x00000000080011b8                LSM303DTR_ReadID
 *fill*         0x00000000080011d2        0x2 
 .text.LSM303DTR_Init
                0x00000000080011d4       0x58 Core/Src/LSM303DTR.o
                0x00000000080011d4                LSM303DTR_Init
 .text.LSM303DTR_SetAccelerometerODR
                0x000000000800122c       0x28 Core/Src/LSM303DTR.o
                0x000000000800122c                LSM303DTR_SetAccelerometerODR
 .text.LSM303DTR_SetCompassODR
                0x0000000008001254       0x44 Core/Src/LSM303DTR.o
                0x0000000008001254                LSM303DTR_SetCompassODR
 .text.LSM303DTR_SetAccelerometerFS
                0x0000000008001298       0x20 Core/Src/LSM303DTR.o
                0x0000000008001298                LSM303DTR_SetAccelerometerFS
 .text.LSM303DTR_SetCompassFS
                0x00000000080012b8       0x20 Core/Src/LSM303DTR.o
                0x00000000080012b8                LSM303DTR_SetCompassFS
 .text.LSM303DTR_SetCompassMode
                0x00000000080012d8       0x1c Core/Src/LSM303DTR.o
                0x00000000080012d8                LSM303DTR_SetCompassMode
 .text.LSM303DTR_ReadData
                0x00000000080012f4      0x168 Core/Src/LSM303DTR.o
                0x00000000080012f4                LSM303DTR_ReadData
 .text.LSM303DTR_ReadRegister
                0x000000000800145c       0x50 Core/Src/LSM303DTR.o
                0x000000000800145c                LSM303DTR_ReadRegister
 .text.LSM303DTR_WriteTo
                0x00000000080014ac       0x44 Core/Src/LSM303DTR.o
                0x00000000080014ac                LSM303DTR_WriteTo
 .text.LSM303DTR_EnableCSB
                0x00000000080014f0       0x20 Core/Src/LSM303DTR.o
                0x00000000080014f0                LSM303DTR_EnableCSB
 .text.LSM303DTR_DisableCSB
                0x0000000008001510       0x20 Core/Src/LSM303DTR.o
                0x0000000008001510                LSM303DTR_DisableCSB
 .text.LSM6DSLTR_ReadID
                0x0000000008001530       0x1a Core/Src/LSM6DSLTR.o
                0x0000000008001530                LSM6DSLTR_ReadID
 *fill*         0x000000000800154a        0x2 
 .text.LSM6DSLTR_Init
                0x000000000800154c       0x4c Core/Src/LSM6DSLTR.o
                0x000000000800154c                LSM6DSLTR_Init
 .text.LSM6DSLTR_SetAccelerometerODR_FS
                0x0000000008001598       0x32 Core/Src/LSM6DSLTR.o
                0x0000000008001598                LSM6DSLTR_SetAccelerometerODR_FS
 .text.LSM6DSLTR_SetGyroscopeODR_FS
                0x00000000080015ca       0x46 Core/Src/LSM6DSLTR.o
                0x00000000080015ca                LSM6DSLTR_SetGyroscopeODR_FS
 .text.LSM6DSLTR_ReadData
                0x0000000008001610       0xe0 Core/Src/LSM6DSLTR.o
                0x0000000008001610                LSM6DSLTR_ReadData
 .text.LSM6DSLTR_ReadRegister
                0x00000000080016f0       0x50 Core/Src/LSM6DSLTR.o
                0x00000000080016f0                LSM6DSLTR_ReadRegister
 .text.LSM6DSLTR_WriteTo
                0x0000000008001740       0x44 Core/Src/LSM6DSLTR.o
                0x0000000008001740                LSM6DSLTR_WriteTo
 .text.LSM6DSLTR_EnableCSB
                0x0000000008001784       0x20 Core/Src/LSM6DSLTR.o
                0x0000000008001784                LSM6DSLTR_EnableCSB
 .text.LSM6DSLTR_DisableCSB
                0x00000000080017a4       0x20 Core/Src/LSM6DSLTR.o
                0x00000000080017a4                LSM6DSLTR_DisableCSB
 .text.read_register
                0x00000000080017c4       0x6e Core/Src/LoRa-RA.o
 .text.write_register
                0x0000000008001832       0x68 Core/Src/LoRa-RA.o
 .text.write_fifo
                0x000000000800189a       0x84 Core/Src/LoRa-RA.o
 .text.set_mode
                0x000000000800191e       0x26 Core/Src/LoRa-RA.o
 .text.set_OCP  0x0000000008001944       0x6c Core/Src/LoRa-RA.o
 .text.set_low_data_rate_optimization
                0x00000000080019b0       0x60 Core/Src/LoRa-RA.o
 .text.lora_mode_sleep
                0x0000000008001a10       0x18 Core/Src/LoRa-RA.o
                0x0000000008001a10                lora_mode_sleep
 .text.lora_mode_standby
                0x0000000008001a28       0x18 Core/Src/LoRa-RA.o
                0x0000000008001a28                lora_mode_standby
 .text.lora_set_explicit_header_mode
                0x0000000008001a40       0x30 Core/Src/LoRa-RA.o
                0x0000000008001a40                lora_set_explicit_header_mode
 .text.lora_set_tx_power
                0x0000000008001a70       0x98 Core/Src/LoRa-RA.o
                0x0000000008001a70                lora_set_tx_power
 .text.lora_set_frequency
                0x0000000008001b08       0x8c Core/Src/LoRa-RA.o
                0x0000000008001b08                lora_set_frequency
 .text.lora_set_spreading_factor
                0x0000000008001b94       0x88 Core/Src/LoRa-RA.o
                0x0000000008001b94                lora_set_spreading_factor
 .text.lora_set_preamble_length
                0x0000000008001c1c       0x3a Core/Src/LoRa-RA.o
                0x0000000008001c1c                lora_set_preamble_length
 .text.lora_version
                0x0000000008001c56       0x1a Core/Src/LoRa-RA.o
                0x0000000008001c56                lora_version
 .text.lora_is_transmitting
                0x0000000008001c70       0x2c Core/Src/LoRa-RA.o
                0x0000000008001c70                lora_is_transmitting
 .text.lora_send_packet_base
                0x0000000008001c9c       0x88 Core/Src/LoRa-RA.o
 .text.lora_send_packet
                0x0000000008001d24       0x24 Core/Src/LoRa-RA.o
                0x0000000008001d24                lora_send_packet
 .text.lora_send_packet_blocking
                0x0000000008001d48       0x72 Core/Src/LoRa-RA.o
                0x0000000008001d48                lora_send_packet_blocking
 .text.lora_init
                0x0000000008001dba       0xc0 Core/Src/LoRa-RA.o
                0x0000000008001dba                lora_init
 *fill*         0x0000000008001e7a        0x2 
 .text.MS5607_Init
                0x0000000008001e7c       0x7c Core/Src/MS5607SPI.o
                0x0000000008001e7c                MS5607_Init
 .text.MS5607_PromRead
                0x0000000008001ef8       0xa4 Core/Src/MS5607SPI.o
                0x0000000008001ef8                MS5607_PromRead
 .text.MS5607_UncompensatedRead
                0x0000000008001f9c      0x170 Core/Src/MS5607SPI.o
                0x0000000008001f9c                MS5607_UncompensatedRead
 .text.MS5607_Convert
                0x000000000800210c      0x358 Core/Src/MS5607SPI.o
                0x000000000800210c                MS5607_Convert
 .text.MS5607_Update
                0x0000000008002464       0x20 Core/Src/MS5607SPI.o
                0x0000000008002464                MS5607_Update
 .text.MS5607_GetTemperatureC
                0x0000000008002484       0x34 Core/Src/MS5607SPI.o
                0x0000000008002484                MS5607_GetTemperatureC
 .text.MS5607_GetRawTemperature
                0x00000000080024b8       0x18 Core/Src/MS5607SPI.o
                0x00000000080024b8                MS5607_GetRawTemperature
 .text.MS5607_GetPressurePa
                0x00000000080024d0       0x18 Core/Src/MS5607SPI.o
                0x00000000080024d0                MS5607_GetPressurePa
 .text.MS5607_Altitude
                0x00000000080024e8       0x4c Core/Src/MS5607SPI.o
                0x00000000080024e8                MS5607_Altitude
 .text.MS5607_Altitude_I32
                0x0000000008002534       0x44 Core/Src/MS5607SPI.o
                0x0000000008002534                MS5607_Altitude_I32
 .text.enableCSB
                0x0000000008002578       0x20 Core/Src/MS5607SPI.o
                0x0000000008002578                enableCSB
 .text.disableCSB
                0x0000000008002598       0x20 Core/Src/MS5607SPI.o
                0x0000000008002598                disableCSB
 .text.MS5607_SetTemperatureOSR
                0x00000000080025b8       0x20 Core/Src/MS5607SPI.o
                0x00000000080025b8                MS5607_SetTemperatureOSR
 .text.MS5607_SetPressureOSR
                0x00000000080025d8       0x20 Core/Src/MS5607SPI.o
                0x00000000080025d8                MS5607_SetPressureOSR
 .text.STLM75M2F_Init
                0x00000000080025f8       0x20 Core/Src/STLM75M2F.o
                0x00000000080025f8                STLM75M2F_Init
 .text.STLM75M2F_GetTemperature
                0x0000000008002618       0x5c Core/Src/STLM75M2F.o
                0x0000000008002618                STLM75M2F_GetTemperature
 .text.ADC_SetChannel
                0x0000000008002674       0x44 Core/Src/adc.o
                0x0000000008002674                ADC_SetChannel
 .text.MX_ADC2_Init
                0x00000000080026b8       0xa4 Core/Src/adc.o
                0x00000000080026b8                MX_ADC2_Init
 .text.HAL_ADC_MspInit
                0x000000000800275c       0xc0 Core/Src/adc.o
                0x000000000800275c                HAL_ADC_MspInit
 .text.bmp280_init_default_params
                0x000000000800281c       0x38 Core/Src/bmp280.o
                0x000000000800281c                bmp280_init_default_params
 .text.BMP280_enableCSB
                0x0000000008002854       0x20 Core/Src/bmp280.o
 .text.BMP280_disableCSB
                0x0000000008002874       0x20 Core/Src/bmp280.o
 .text.read_register16
                0x0000000008002894       0x8e Core/Src/bmp280.o
 .text.read_data
                0x0000000008002922       0x7a Core/Src/bmp280.o
 .text.read_calibration_data
                0x000000000800299c      0x104 Core/Src/bmp280.o
 .text.read_hum_calibration_data
                0x0000000008002aa0       0xc0 Core/Src/bmp280.o
 .text.write_register8
                0x0000000008002b60       0x6c Core/Src/bmp280.o
 .text.bmp280_init
                0x0000000008002bcc      0x15a Core/Src/bmp280.o
                0x0000000008002bcc                bmp280_init
 .text.compensate_temperature
                0x0000000008002d26       0x72 Core/Src/bmp280.o
 .text.compensate_pressure
                0x0000000008002d98      0x388 Core/Src/bmp280.o
 .text.compensate_humidity
                0x0000000008003120       0xbe Core/Src/bmp280.o
 .text.bmp280_read_fixed
                0x00000000080031de       0xca Core/Src/bmp280.o
                0x00000000080031de                bmp280_read_fixed
 .text.bmp280_read_float
                0x00000000080032a8       0x98 Core/Src/bmp280.o
                0x00000000080032a8                bmp280_read_float
 .text.MX_GPIO_Init
                0x0000000008003340      0x114 Core/Src/gpio.o
                0x0000000008003340                MX_GPIO_Init
 .text.GPS_Init
                0x0000000008003454       0x34 Core/Src/gps.o
                0x0000000008003454                GPS_Init
 .text.getMsg   0x0000000008003488      0x11c Core/Src/gps.o
                0x0000000008003488                getMsg
 .text.GPS_Callback
                0x00000000080035a4       0xa0 Core/Src/gps.o
                0x00000000080035a4                GPS_Callback
 .text.MX_I2C1_Init
                0x0000000008003644       0x5c Core/Src/i2c.o
                0x0000000008003644                MX_I2C1_Init
 .text.HAL_I2C_MspInit
                0x00000000080036a0       0x90 Core/Src/i2c.o
                0x00000000080036a0                HAL_I2C_MspInit
 .text.HAL_UART_RxCpltCallback
                0x0000000008003730       0x1c Core/Src/main.o
                0x0000000008003730                HAL_UART_RxCpltCallback
 .text.HAL_TIM_PeriodElapsedCallback
                0x000000000800374c       0x48 Core/Src/main.o
                0x000000000800374c                HAL_TIM_PeriodElapsedCallback
 *fill*         0x0000000008003794        0x4 
 .text.main     0x0000000008003798      0xa9c Core/Src/main.o
                0x0000000008003798                main
 .text.SystemClock_Config
                0x0000000008004234       0xd4 Core/Src/main.o
                0x0000000008004234                SystemClock_Config
 .text.Error_Handler
                0x0000000008004308        0xa Core/Src/main.o
                0x0000000008004308                Error_Handler
 *fill*         0x0000000008004312        0x2 
 .text.MX_SDIO_SD_Init
                0x0000000008004314       0x40 Core/Src/sdio.o
                0x0000000008004314                MX_SDIO_SD_Init
 .text.HAL_SD_MspInit
                0x0000000008004354      0x104 Core/Src/sdio.o
                0x0000000008004354                HAL_SD_MspInit
 .text.MX_SPI1_Init
                0x0000000008004458       0x6c Core/Src/spi.o
                0x0000000008004458                MX_SPI1_Init
 .text.HAL_SPI_MspInit
                0x00000000080044c4       0x90 Core/Src/spi.o
                0x00000000080044c4                HAL_SPI_MspInit
 .text.HAL_MspInit
                0x0000000008004554       0x50 Core/Src/stm32f4xx_hal_msp.o
                0x0000000008004554                HAL_MspInit
 .text.NMI_Handler
                0x00000000080045a4        0x6 Core/Src/stm32f4xx_it.o
                0x00000000080045a4                NMI_Handler
 .text.HardFault_Handler
                0x00000000080045aa        0x6 Core/Src/stm32f4xx_it.o
                0x00000000080045aa                HardFault_Handler
 .text.MemManage_Handler
                0x00000000080045b0        0x6 Core/Src/stm32f4xx_it.o
                0x00000000080045b0                MemManage_Handler
 .text.BusFault_Handler
                0x00000000080045b6        0x6 Core/Src/stm32f4xx_it.o
                0x00000000080045b6                BusFault_Handler
 .text.UsageFault_Handler
                0x00000000080045bc        0x6 Core/Src/stm32f4xx_it.o
                0x00000000080045bc                UsageFault_Handler
 .text.SVC_Handler
                0x00000000080045c2        0xe Core/Src/stm32f4xx_it.o
                0x00000000080045c2                SVC_Handler
 .text.DebugMon_Handler
                0x00000000080045d0        0xe Core/Src/stm32f4xx_it.o
                0x00000000080045d0                DebugMon_Handler
 .text.PendSV_Handler
                0x00000000080045de        0xe Core/Src/stm32f4xx_it.o
                0x00000000080045de                PendSV_Handler
 .text.SysTick_Handler
                0x00000000080045ec        0xc Core/Src/stm32f4xx_it.o
                0x00000000080045ec                SysTick_Handler
 .text.TIM1_UP_TIM10_IRQHandler
                0x00000000080045f8       0x14 Core/Src/stm32f4xx_it.o
                0x00000000080045f8                TIM1_UP_TIM10_IRQHandler
 .text.SDIO_IRQHandler
                0x000000000800460c       0x14 Core/Src/stm32f4xx_it.o
                0x000000000800460c                SDIO_IRQHandler
 .text.UART4_IRQHandler
                0x0000000008004620       0x14 Core/Src/stm32f4xx_it.o
                0x0000000008004620                UART4_IRQHandler
 .text._getpid  0x0000000008004634       0x10 Core/Src/syscalls.o
                0x0000000008004634                _getpid
 .text._kill    0x0000000008004644       0x20 Core/Src/syscalls.o
                0x0000000008004644                _kill
 .text._exit    0x0000000008004664       0x14 Core/Src/syscalls.o
                0x0000000008004664                _exit
 .text._read    0x0000000008004678       0x3a Core/Src/syscalls.o
                0x0000000008004678                _read
 .text._write   0x00000000080046b2       0x38 Core/Src/syscalls.o
                0x00000000080046b2                _write
 .text._close   0x00000000080046ea       0x18 Core/Src/syscalls.o
                0x00000000080046ea                _close
 .text._fstat   0x0000000008004702       0x20 Core/Src/syscalls.o
                0x0000000008004702                _fstat
 .text._isatty  0x0000000008004722       0x16 Core/Src/syscalls.o
                0x0000000008004722                _isatty
 .text._lseek   0x0000000008004738       0x1a Core/Src/syscalls.o
                0x0000000008004738                _lseek
 *fill*         0x0000000008004752        0x2 
 .text._sbrk    0x0000000008004754       0x6c Core/Src/sysmem.o
                0x0000000008004754                _sbrk
 .text.SystemInit
                0x00000000080047c0       0x24 Core/Src/system_stm32f4xx.o
                0x00000000080047c0                SystemInit
 .text.hzToPeriod
                0x00000000080047e4       0x48 Core/Src/tim.o
                0x00000000080047e4                hzToPeriod
 .text.servoAngle
                0x000000000800482c       0x7c Core/Src/tim.o
                0x000000000800482c                servoAngle
 .text.setPWM   0x00000000080048a8       0x68 Core/Src/tim.o
                0x00000000080048a8                setPWM
 .text.MX_TIM1_Init
                0x0000000008004910       0xa4 Core/Src/tim.o
                0x0000000008004910                MX_TIM1_Init
 .text.MX_TIM2_Init
                0x00000000080049b4       0xec Core/Src/tim.o
                0x00000000080049b4                MX_TIM2_Init
 .text.MX_TIM3_Init
                0x0000000008004aa0       0xf0 Core/Src/tim.o
                0x0000000008004aa0                MX_TIM3_Init
 .text.HAL_TIM_Base_MspInit
                0x0000000008004b90       0xa4 Core/Src/tim.o
                0x0000000008004b90                HAL_TIM_Base_MspInit
 .text.HAL_TIM_MspPostInit
                0x0000000008004c34       0xc0 Core/Src/tim.o
                0x0000000008004c34                HAL_TIM_MspPostInit
 .text.MX_UART4_Init
                0x0000000008004cf4       0x54 Core/Src/usart.o
                0x0000000008004cf4                MX_UART4_Init
 .text.HAL_UART_MspInit
                0x0000000008004d48       0xa0 Core/Src/usart.o
                0x0000000008004d48                HAL_UART_MspInit
 .text.Reset_Handler
                0x0000000008004de8       0x50 Core/Startup/startup_stm32f405rgtx.o
                0x0000000008004de8                Reset_Handler
 .text.Default_Handler
                0x0000000008004e38        0x2 Core/Startup/startup_stm32f405rgtx.o
                0x0000000008004e38                RTC_Alarm_IRQHandler
                0x0000000008004e38                HASH_RNG_IRQHandler
                0x0000000008004e38                EXTI2_IRQHandler
                0x0000000008004e38                TIM8_CC_IRQHandler
                0x0000000008004e38                TIM1_CC_IRQHandler
                0x0000000008004e38                DMA2_Stream5_IRQHandler
                0x0000000008004e38                DMA1_Stream5_IRQHandler
                0x0000000008004e38                PVD_IRQHandler
                0x0000000008004e38                TAMP_STAMP_IRQHandler
                0x0000000008004e38                CAN2_RX1_IRQHandler
                0x0000000008004e38                EXTI3_IRQHandler
                0x0000000008004e38                TIM8_TRG_COM_TIM14_IRQHandler
                0x0000000008004e38                TIM8_UP_TIM13_IRQHandler
                0x0000000008004e38                I2C3_ER_IRQHandler
                0x0000000008004e38                EXTI0_IRQHandler
                0x0000000008004e38                I2C2_EV_IRQHandler
                0x0000000008004e38                DMA1_Stream2_IRQHandler
                0x0000000008004e38                CAN1_RX0_IRQHandler
                0x0000000008004e38                FPU_IRQHandler
                0x0000000008004e38                OTG_HS_WKUP_IRQHandler
                0x0000000008004e38                CAN2_SCE_IRQHandler
                0x0000000008004e38                DMA2_Stream2_IRQHandler
                0x0000000008004e38                SPI1_IRQHandler
                0x0000000008004e38                TIM6_DAC_IRQHandler
                0x0000000008004e38                TIM1_BRK_TIM9_IRQHandler
                0x0000000008004e38                CAN2_RX0_IRQHandler
                0x0000000008004e38                DMA2_Stream3_IRQHandler
                0x0000000008004e38                USART6_IRQHandler
                0x0000000008004e38                USART3_IRQHandler
                0x0000000008004e38                CAN1_RX1_IRQHandler
                0x0000000008004e38                UART5_IRQHandler
                0x0000000008004e38                DMA2_Stream0_IRQHandler
                0x0000000008004e38                TIM4_IRQHandler
                0x0000000008004e38                I2C1_EV_IRQHandler
                0x0000000008004e38                DMA1_Stream6_IRQHandler
                0x0000000008004e38                DMA1_Stream1_IRQHandler
                0x0000000008004e38                TIM3_IRQHandler
                0x0000000008004e38                RCC_IRQHandler
                0x0000000008004e38                TIM8_BRK_TIM12_IRQHandler
                0x0000000008004e38                Default_Handler
                0x0000000008004e38                EXTI15_10_IRQHandler
                0x0000000008004e38                ADC_IRQHandler
                0x0000000008004e38                DMA1_Stream7_IRQHandler
                0x0000000008004e38                TIM7_IRQHandler
                0x0000000008004e38                CAN2_TX_IRQHandler
                0x0000000008004e38                TIM5_IRQHandler
                0x0000000008004e38                DMA2_Stream7_IRQHandler
                0x0000000008004e38                I2C3_EV_IRQHandler
                0x0000000008004e38                EXTI9_5_IRQHandler
                0x0000000008004e38                RTC_WKUP_IRQHandler
                0x0000000008004e38                SPI2_IRQHandler
                0x0000000008004e38                OTG_HS_EP1_IN_IRQHandler
                0x0000000008004e38                DMA1_Stream0_IRQHandler
                0x0000000008004e38                CAN1_TX_IRQHandler
                0x0000000008004e38                EXTI4_IRQHandler
                0x0000000008004e38                FSMC_IRQHandler
                0x0000000008004e38                OTG_HS_EP1_OUT_IRQHandler
                0x0000000008004e38                WWDG_IRQHandler
                0x0000000008004e38                TIM2_IRQHandler
                0x0000000008004e38                OTG_FS_WKUP_IRQHandler
                0x0000000008004e38                TIM1_TRG_COM_TIM11_IRQHandler
                0x0000000008004e38                OTG_HS_IRQHandler
                0x0000000008004e38                EXTI1_IRQHandler
                0x0000000008004e38                USART2_IRQHandler
                0x0000000008004e38                I2C2_ER_IRQHandler
                0x0000000008004e38                DMA2_Stream1_IRQHandler
                0x0000000008004e38                CAN1_SCE_IRQHandler
                0x0000000008004e38                FLASH_IRQHandler
                0x0000000008004e38                DMA2_Stream4_IRQHandler
                0x0000000008004e38                USART1_IRQHandler
                0x0000000008004e38                OTG_FS_IRQHandler
                0x0000000008004e38                SPI3_IRQHandler
                0x0000000008004e38                DMA1_Stream4_IRQHandler
                0x0000000008004e38                I2C1_ER_IRQHandler
                0x0000000008004e38                DMA2_Stream6_IRQHandler
                0x0000000008004e38                DMA1_Stream3_IRQHandler
 *fill*         0x0000000008004e3a        0x2 
 .text.HAL_Init
                0x0000000008004e3c       0x44 Drivers/STM32F4xx_HAL_Driver/Src/stm32f4xx_hal.o
                0x0000000008004e3c                HAL_Init
 .text.HAL_InitTick
                0x0000000008004e80       0x60 Drivers/STM32F4xx_HAL_Driver/Src/stm32f4xx_hal.o
                0x0000000008004e80                HAL_InitTick
 .text.HAL_IncTick
                0x0000000008004ee0       0x28 Drivers/STM32F4xx_HAL_Driver/Src/stm32f4xx_hal.o
                0x0000000008004ee0                HAL_IncTick
 .text.HAL_GetTick
                0x0000000008004f08       0x18 Drivers/STM32F4xx_HAL_Driver/Src/stm32f4xx_hal.o
                0x0000000008004f08                HAL_GetTick
 .text.HAL_Delay
                0x0000000008004f20       0x48 Drivers/STM32F4xx_HAL_Driver/Src/stm32f4xx_hal.o
                0x0000000008004f20                HAL_Delay
 .text.HAL_ADC_Init
                0x0000000008004f68       0x86 Drivers/STM32F4xx_HAL_Driver/Src/stm32f4xx_hal_adc.o
                0x0000000008004f68                HAL_ADC_Init
 *fill*         0x0000000008004fee        0x2 
 .text.HAL_ADC_Start
                0x0000000008004ff0      0x1a4 Drivers/STM32F4xx_HAL_Driver/Src/stm32f4xx_hal_adc.o
                0x0000000008004ff0                HAL_ADC_Start
 .text.HAL_ADC_Stop
                0x0000000008005194       0x66 Drivers/STM32F4xx_HAL_Driver/Src/stm32f4xx_hal_adc.o
                0x0000000008005194                HAL_ADC_Stop
 .text.HAL_ADC_PollForConversion
                0x00000000080051fa      0x116 Drivers/STM32F4xx_HAL_Driver/Src/stm32f4xx_hal_adc.o
                0x00000000080051fa                HAL_ADC_PollForConversion
 .text.HAL_ADC_GetValue
                0x0000000008005310       0x1a Drivers/STM32F4xx_HAL_Driver/Src/stm32f4xx_hal_adc.o
                0x0000000008005310                HAL_ADC_GetValue
 *fill*         0x000000000800532a        0x2 
 .text.HAL_ADC_ConfigChannel
                0x000000000800532c      0x244 Drivers/STM32F4xx_HAL_Driver/Src/stm32f4xx_hal_adc.o
                0x000000000800532c                HAL_ADC_ConfigChannel
 .text.ADC_Init
                0x0000000008005570      0x1f8 Drivers/STM32F4xx_HAL_Driver/Src/stm32f4xx_hal_adc.o
 .text.__NVIC_SetPriorityGrouping
                0x0000000008005768       0x48 Drivers/STM32F4xx_HAL_Driver/Src/stm32f4xx_hal_cortex.o
 .text.__NVIC_GetPriorityGrouping
                0x00000000080057b0       0x1c Drivers/STM32F4xx_HAL_Driver/Src/stm32f4xx_hal_cortex.o
 .text.__NVIC_EnableIRQ
                0x00000000080057cc       0x3c Drivers/STM32F4xx_HAL_Driver/Src/stm32f4xx_hal_cortex.o
 .text.__NVIC_SetPriority
                0x0000000008005808       0x54 Drivers/STM32F4xx_HAL_Driver/Src/stm32f4xx_hal_cortex.o
 .text.NVIC_EncodePriority
                0x000000000800585c       0x66 Drivers/STM32F4xx_HAL_Driver/Src/stm32f4xx_hal_cortex.o
 *fill*         0x00000000080058c2        0x2 
 .text.SysTick_Config
                0x00000000080058c4       0x44 Drivers/STM32F4xx_HAL_Driver/Src/stm32f4xx_hal_cortex.o
 .text.HAL_NVIC_SetPriorityGrouping
                0x0000000008005908       0x16 Drivers/STM32F4xx_HAL_Driver/Src/stm32f4xx_hal_cortex.o
                0x0000000008005908                HAL_NVIC_SetPriorityGrouping
 .text.HAL_NVIC_SetPriority
                0x000000000800591e       0x38 Drivers/STM32F4xx_HAL_Driver/Src/stm32f4xx_hal_cortex.o
                0x000000000800591e                HAL_NVIC_SetPriority
 .text.HAL_NVIC_EnableIRQ
                0x0000000008005956       0x1c Drivers/STM32F4xx_HAL_Driver/Src/stm32f4xx_hal_cortex.o
                0x0000000008005956                HAL_NVIC_EnableIRQ
 .text.HAL_SYSTICK_Config
                0x0000000008005972       0x18 Drivers/STM32F4xx_HAL_Driver/Src/stm32f4xx_hal_cortex.o
                0x0000000008005972                HAL_SYSTICK_Config
 .text.HAL_DMA_Start_IT
                0x000000000800598a       0xb0 Drivers/STM32F4xx_HAL_Driver/Src/stm32f4xx_hal_dma.o
                0x000000000800598a                HAL_DMA_Start_IT
 .text.HAL_DMA_Abort
                0x0000000008005a3a       0xe0 Drivers/STM32F4xx_HAL_Driver/Src/stm32f4xx_hal_dma.o
                0x0000000008005a3a                HAL_DMA_Abort
 .text.HAL_DMA_Abort_IT
                0x0000000008005b1a       0x44 Drivers/STM32F4xx_HAL_Driver/Src/stm32f4xx_hal_dma.o
                0x0000000008005b1a                HAL_DMA_Abort_IT
 .text.DMA_SetConfig
                0x0000000008005b5e       0x5c Drivers/STM32F4xx_HAL_Driver/Src/stm32f4xx_hal_dma.o
 *fill*         0x0000000008005bba        0x2 
 .text.HAL_GPIO_Init
                0x0000000008005bbc      0x338 Drivers/STM32F4xx_HAL_Driver/Src/stm32f4xx_hal_gpio.o
                0x0000000008005bbc                HAL_GPIO_Init
 .text.HAL_GPIO_WritePin
                0x0000000008005ef4       0x32 Drivers/STM32F4xx_HAL_Driver/Src/stm32f4xx_hal_gpio.o
                0x0000000008005ef4                HAL_GPIO_WritePin
 .text.HAL_GPIO_TogglePin
                0x0000000008005f26       0x34 Drivers/STM32F4xx_HAL_Driver/Src/stm32f4xx_hal_gpio.o
                0x0000000008005f26                HAL_GPIO_TogglePin
 *fill*         0x0000000008005f5a        0x2 
 .text.HAL_I2C_Init
                0x0000000008005f5c      0x288 Drivers/STM32F4xx_HAL_Driver/Src/stm32f4xx_hal_i2c.o
                0x0000000008005f5c                HAL_I2C_Init
 .text.HAL_I2C_Master_Transmit
                0x00000000080061e4      0x1fc Drivers/STM32F4xx_HAL_Driver/Src/stm32f4xx_hal_i2c.o
                0x00000000080061e4                HAL_I2C_Master_Transmit
 .text.HAL_I2C_Master_Receive
                0x00000000080063e0      0x44c Drivers/STM32F4xx_HAL_Driver/Src/stm32f4xx_hal_i2c.o
                0x00000000080063e0                HAL_I2C_Master_Receive
 .text.I2C_MasterRequestWrite
                0x000000000800682c      0x104 Drivers/STM32F4xx_HAL_Driver/Src/stm32f4xx_hal_i2c.o
 .text.I2C_MasterRequestRead
                0x0000000008006930      0x19c Drivers/STM32F4xx_HAL_Driver/Src/stm32f4xx_hal_i2c.o
 .text.I2C_WaitOnFlagUntilTimeout
                0x0000000008006acc       0xae Drivers/STM32F4xx_HAL_Driver/Src/stm32f4xx_hal_i2c.o
 .text.I2C_WaitOnMasterAddressFlagUntilTimeout
                0x0000000008006b7a       0xfe Drivers/STM32F4xx_HAL_Driver/Src/stm32f4xx_hal_i2c.o
 .text.I2C_WaitOnTXEFlagUntilTimeout
                0x0000000008006c78       0x82 Drivers/STM32F4xx_HAL_Driver/Src/stm32f4xx_hal_i2c.o
 .text.I2C_WaitOnBTFFlagUntilTimeout
                0x0000000008006cfa       0x82 Drivers/STM32F4xx_HAL_Driver/Src/stm32f4xx_hal_i2c.o
 .text.I2C_WaitOnRXNEFlagUntilTimeout
                0x0000000008006d7c       0xac Drivers/STM32F4xx_HAL_Driver/Src/stm32f4xx_hal_i2c.o
 .text.I2C_IsAcknowledgeFailed
                0x0000000008006e28       0x5e Drivers/STM32F4xx_HAL_Driver/Src/stm32f4xx_hal_i2c.o
 *fill*         0x0000000008006e86        0x2 
 .text.HAL_RCC_OscConfig
                0x0000000008006e88      0x4f0 Drivers/STM32F4xx_HAL_Driver/Src/stm32f4xx_hal_rcc.o
                0x0000000008006e88                HAL_RCC_OscConfig
 .text.HAL_RCC_ClockConfig
                0x0000000008007378      0x1cc Drivers/STM32F4xx_HAL_Driver/Src/stm32f4xx_hal_rcc.o
                0x0000000008007378                HAL_RCC_ClockConfig
 .text.HAL_RCC_GetSysClockFreq
                0x0000000008007544      0x16c Drivers/STM32F4xx_HAL_Driver/Src/stm32f4xx_hal_rcc.o
                0x0000000008007544                HAL_RCC_GetSysClockFreq
 .text.HAL_RCC_GetHCLKFreq
                0x00000000080076b0       0x18 Drivers/STM32F4xx_HAL_Driver/Src/stm32f4xx_hal_rcc.o
                0x00000000080076b0                HAL_RCC_GetHCLKFreq
 .text.HAL_RCC_GetPCLK1Freq
                0x00000000080076c8       0x28 Drivers/STM32F4xx_HAL_Driver/Src/stm32f4xx_hal_rcc.o
                0x00000000080076c8                HAL_RCC_GetPCLK1Freq
 .text.HAL_RCC_GetPCLK2Freq
                0x00000000080076f0       0x28 Drivers/STM32F4xx_HAL_Driver/Src/stm32f4xx_hal_rcc.o
                0x00000000080076f0                HAL_RCC_GetPCLK2Freq
 .text.HAL_SD_Init
                0x0000000008007718       0x60 Drivers/STM32F4xx_HAL_Driver/Src/stm32f4xx_hal_sd.o
                0x0000000008007718                HAL_SD_Init
 .text.HAL_SD_InitCard
                0x0000000008007778       0xfc Drivers/STM32F4xx_HAL_Driver/Src/stm32f4xx_hal_sd.o
                0x0000000008007778                HAL_SD_InitCard
 .text.HAL_SD_ReadBlocks
                0x0000000008007874      0x3bc Drivers/STM32F4xx_HAL_Driver/Src/stm32f4xx_hal_sd.o
                0x0000000008007874                HAL_SD_ReadBlocks
 .text.HAL_SD_WriteBlocks
                0x0000000008007c30      0x30c Drivers/STM32F4xx_HAL_Driver/Src/stm32f4xx_hal_sd.o
                0x0000000008007c30                HAL_SD_WriteBlocks
 .text.HAL_SD_IRQHandler
                0x0000000008007f3c      0x30c Drivers/STM32F4xx_HAL_Driver/Src/stm32f4xx_hal_sd.o
                0x0000000008007f3c                HAL_SD_IRQHandler
 .text.HAL_SD_ErrorCallback
                0x0000000008008248       0x14 Drivers/STM32F4xx_HAL_Driver/Src/stm32f4xx_hal_sd.o
                0x0000000008008248                HAL_SD_ErrorCallback
 .text.HAL_SD_GetCardCSD
                0x000000000800825c      0x348 Drivers/STM32F4xx_HAL_Driver/Src/stm32f4xx_hal_sd.o
                0x000000000800825c                HAL_SD_GetCardCSD
 .text.HAL_SD_GetCardInfo
                0x00000000080085a4       0x58 Drivers/STM32F4xx_HAL_Driver/Src/stm32f4xx_hal_sd.o
                0x00000000080085a4                HAL_SD_GetCardInfo
 .text.HAL_SD_ConfigWideBusOperation
                0x00000000080085fc      0x134 Drivers/STM32F4xx_HAL_Driver/Src/stm32f4xx_hal_sd.o
                0x00000000080085fc                HAL_SD_ConfigWideBusOperation
 .text.HAL_SD_GetCardState
                0x0000000008008730       0x40 Drivers/STM32F4xx_HAL_Driver/Src/stm32f4xx_hal_sd.o
                0x0000000008008730                HAL_SD_GetCardState
 .text.SD_DMATxAbort
                0x0000000008008770       0x6e Drivers/STM32F4xx_HAL_Driver/Src/stm32f4xx_hal_sd.o
 .text.SD_DMARxAbort
                0x00000000080087de       0x6e Drivers/STM32F4xx_HAL_Driver/Src/stm32f4xx_hal_sd.o
 .text.SD_InitCard
                0x000000000800884c      0x198 Drivers/STM32F4xx_HAL_Driver/Src/stm32f4xx_hal_sd.o
 .text.SD_PowerON
                0x00000000080089e4      0x11c Drivers/STM32F4xx_HAL_Driver/Src/stm32f4xx_hal_sd.o
 .text.SD_SendStatus
                0x0000000008008b00       0x50 Drivers/STM32F4xx_HAL_Driver/Src/stm32f4xx_hal_sd.o
 .text.SD_WideBus_Enable
                0x0000000008008b50       0x96 Drivers/STM32F4xx_HAL_Driver/Src/stm32f4xx_hal_sd.o
 .text.SD_WideBus_Disable
                0x0000000008008be6       0x96 Drivers/STM32F4xx_HAL_Driver/Src/stm32f4xx_hal_sd.o
 .text.SD_FindSCR
                0x0000000008008c7c      0x1a6 Drivers/STM32F4xx_HAL_Driver/Src/stm32f4xx_hal_sd.o
 .text.SD_Read_IT
                0x0000000008008e22       0xa2 Drivers/STM32F4xx_HAL_Driver/Src/stm32f4xx_hal_sd.o
 .text.SD_Write_IT
                0x0000000008008ec4       0xaa Drivers/STM32F4xx_HAL_Driver/Src/stm32f4xx_hal_sd.o
 .text.HAL_SPI_Init
                0x0000000008008f6e      0x112 Drivers/STM32F4xx_HAL_Driver/Src/stm32f4xx_hal_spi.o
                0x0000000008008f6e                HAL_SPI_Init
 .text.HAL_SPI_Transmit
                0x0000000008009080      0x278 Drivers/STM32F4xx_HAL_Driver/Src/stm32f4xx_hal_spi.o
                0x0000000008009080                HAL_SPI_Transmit
 .text.HAL_SPI_Receive
                0x00000000080092f8      0x222 Drivers/STM32F4xx_HAL_Driver/Src/stm32f4xx_hal_spi.o
                0x00000000080092f8                HAL_SPI_Receive
 .text.HAL_SPI_TransmitReceive
                0x000000000800951a      0x344 Drivers/STM32F4xx_HAL_Driver/Src/stm32f4xx_hal_spi.o
                0x000000000800951a                HAL_SPI_TransmitReceive
 *fill*         0x000000000800985e        0x2 
 .text.HAL_SPI_Transmit_DMA
                0x0000000008009860      0x16c Drivers/STM32F4xx_HAL_Driver/Src/stm32f4xx_hal_spi.o
                0x0000000008009860                HAL_SPI_Transmit_DMA
 .text.HAL_SPI_TxCpltCallback
                0x00000000080099cc       0x14 Drivers/STM32F4xx_HAL_Driver/Src/stm32f4xx_hal_spi.o
                0x00000000080099cc                HAL_SPI_TxCpltCallback
 .text.HAL_SPI_TxHalfCpltCallback
                0x00000000080099e0       0x14 Drivers/STM32F4xx_HAL_Driver/Src/stm32f4xx_hal_spi.o
                0x00000000080099e0                HAL_SPI_TxHalfCpltCallback
 .text.HAL_SPI_ErrorCallback
                0x00000000080099f4       0x14 Drivers/STM32F4xx_HAL_Driver/Src/stm32f4xx_hal_spi.o
                0x00000000080099f4                HAL_SPI_ErrorCallback
 .text.SPI_DMATransmitCplt
                0x0000000008009a08       0xa8 Drivers/STM32F4xx_HAL_Driver/Src/stm32f4xx_hal_spi.o
 .text.SPI_DMAHalfTransmitCplt
                0x0000000008009ab0       0x1c Drivers/STM32F4xx_HAL_Driver/Src/stm32f4xx_hal_spi.o
 .text.SPI_DMAError
                0x0000000008009acc       0x40 Drivers/STM32F4xx_HAL_Driver/Src/stm32f4xx_hal_spi.o
 .text.SPI_WaitFlagStateUntilTimeout
                0x0000000008009b0c      0x110 Drivers/STM32F4xx_HAL_Driver/Src/stm32f4xx_hal_spi.o
 .text.SPI_EndRxTransaction
                0x0000000008009c1c       0xca Drivers/STM32F4xx_HAL_Driver/Src/stm32f4xx_hal_spi.o
 *fill*         0x0000000008009ce6        0x2 
 .text.SPI_EndRxTxTransaction
                0x0000000008009ce8       0x84 Drivers/STM32F4xx_HAL_Driver/Src/stm32f4xx_hal_spi.o
 .text.HAL_TIM_Base_Init
                0x0000000008009d6c       0x9e Drivers/STM32F4xx_HAL_Driver/Src/stm32f4xx_hal_tim.o
                0x0000000008009d6c                HAL_TIM_Base_Init
 *fill*         0x0000000008009e0a        0x2 
 .text.HAL_TIM_Base_Start_IT
                0x0000000008009e0c       0xe0 Drivers/STM32F4xx_HAL_Driver/Src/stm32f4xx_hal_tim.o
                0x0000000008009e0c                HAL_TIM_Base_Start_IT
 .text.HAL_TIM_PWM_Init
                0x0000000008009eec       0x9e Drivers/STM32F4xx_HAL_Driver/Src/stm32f4xx_hal_tim.o
                0x0000000008009eec                HAL_TIM_PWM_Init
 .text.HAL_TIM_PWM_MspInit
                0x0000000008009f8a       0x14 Drivers/STM32F4xx_HAL_Driver/Src/stm32f4xx_hal_tim.o
                0x0000000008009f8a                HAL_TIM_PWM_MspInit
 *fill*         0x0000000008009f9e        0x2 
 .text.HAL_TIM_PWM_Start
                0x0000000008009fa0      0x190 Drivers/STM32F4xx_HAL_Driver/Src/stm32f4xx_hal_tim.o
                0x0000000008009fa0                HAL_TIM_PWM_Start
 .text.HAL_TIM_PWM_Stop
                0x000000000800a130       0xe0 Drivers/STM32F4xx_HAL_Driver/Src/stm32f4xx_hal_tim.o
                0x000000000800a130                HAL_TIM_PWM_Stop
 .text.HAL_TIM_IRQHandler
                0x000000000800a210      0x210 Drivers/STM32F4xx_HAL_Driver/Src/stm32f4xx_hal_tim.o
                0x000000000800a210                HAL_TIM_IRQHandler
 .text.HAL_TIM_PWM_ConfigChannel
                0x000000000800a420      0x184 Drivers/STM32F4xx_HAL_Driver/Src/stm32f4xx_hal_tim.o
                0x000000000800a420                HAL_TIM_PWM_ConfigChannel
 .text.HAL_TIM_ConfigClockSource
                0x000000000800a5a4      0x18e Drivers/STM32F4xx_HAL_Driver/Src/stm32f4xx_hal_tim.o
                0x000000000800a5a4                HAL_TIM_ConfigClockSource
 .text.HAL_TIM_OC_DelayElapsedCallback
                0x000000000800a732       0x14 Drivers/STM32F4xx_HAL_Driver/Src/stm32f4xx_hal_tim.o
                0x000000000800a732                HAL_TIM_OC_DelayElapsedCallback
 .text.HAL_TIM_IC_CaptureCallback
                0x000000000800a746       0x14 Drivers/STM32F4xx_HAL_Driver/Src/stm32f4xx_hal_tim.o
                0x000000000800a746                HAL_TIM_IC_CaptureCallback
 .text.HAL_TIM_PWM_PulseFinishedCallback
                0x000000000800a75a       0x14 Drivers/STM32F4xx_HAL_Driver/Src/stm32f4xx_hal_tim.o
                0x000000000800a75a                HAL_TIM_PWM_PulseFinishedCallback
 .text.HAL_TIM_TriggerCallback
                0x000000000800a76e       0x14 Drivers/STM32F4xx_HAL_Driver/Src/stm32f4xx_hal_tim.o
                0x000000000800a76e                HAL_TIM_TriggerCallback
 *fill*         0x000000000800a782        0x2 
 .text.TIM_Base_SetConfig
                0x000000000800a784      0x140 Drivers/STM32F4xx_HAL_Driver/Src/stm32f4xx_hal_tim.o
                0x000000000800a784                TIM_Base_SetConfig
 .text.TIM_OC1_SetConfig
                0x000000000800a8c4       0xe0 Drivers/STM32F4xx_HAL_Driver/Src/stm32f4xx_hal_tim.o
 .text.TIM_OC2_SetConfig
                0x000000000800a9a4       0xec Drivers/STM32F4xx_HAL_Driver/Src/stm32f4xx_hal_tim.o
                0x000000000800a9a4                TIM_OC2_SetConfig
 .text.TIM_OC3_SetConfig
                0x000000000800aa90       0xe8 Drivers/STM32F4xx_HAL_Driver/Src/stm32f4xx_hal_tim.o
 .text.TIM_OC4_SetConfig
                0x000000000800ab78       0xac Drivers/STM32F4xx_HAL_Driver/Src/stm32f4xx_hal_tim.o
 .text.TIM_TI1_ConfigInputStage
                0x000000000800ac24       0x5e Drivers/STM32F4xx_HAL_Driver/Src/stm32f4xx_hal_tim.o
 .text.TIM_TI2_ConfigInputStage
                0x000000000800ac82       0x60 Drivers/STM32F4xx_HAL_Driver/Src/stm32f4xx_hal_tim.o
 .text.TIM_ITRx_SetConfig
                0x000000000800ace2       0x36 Drivers/STM32F4xx_HAL_Driver/Src/stm32f4xx_hal_tim.o
 .text.TIM_ETR_SetConfig
                0x000000000800ad18       0x40 Drivers/STM32F4xx_HAL_Driver/Src/stm32f4xx_hal_tim.o
                0x000000000800ad18                TIM_ETR_SetConfig
 .text.TIM_CCxChannelCmd
                0x000000000800ad58       0x4a Drivers/STM32F4xx_HAL_Driver/Src/stm32f4xx_hal_tim.o
                0x000000000800ad58                TIM_CCxChannelCmd
 *fill*         0x000000000800ada2        0x2 
 .text.HAL_TIMEx_MasterConfigSynchronization
                0x000000000800ada4       0xf8 Drivers/STM32F4xx_HAL_Driver/Src/stm32f4xx_hal_tim_ex.o
                0x000000000800ada4                HAL_TIMEx_MasterConfigSynchronization
 .text.HAL_TIMEx_CommutCallback
                0x000000000800ae9c       0x14 Drivers/STM32F4xx_HAL_Driver/Src/stm32f4xx_hal_tim_ex.o
                0x000000000800ae9c                HAL_TIMEx_CommutCallback
 .text.HAL_TIMEx_BreakCallback
                0x000000000800aeb0       0x14 Drivers/STM32F4xx_HAL_Driver/Src/stm32f4xx_hal_tim_ex.o
                0x000000000800aeb0                HAL_TIMEx_BreakCallback
 .text.HAL_UART_Init
                0x000000000800aec4       0x9a Drivers/STM32F4xx_HAL_Driver/Src/stm32f4xx_hal_uart.o
                0x000000000800aec4                HAL_UART_Init
 .text.HAL_UART_Receive_IT
                0x000000000800af5e       0x60 Drivers/STM32F4xx_HAL_Driver/Src/stm32f4xx_hal_uart.o
                0x000000000800af5e                HAL_UART_Receive_IT
 *fill*         0x000000000800afbe        0x2 
 .text.HAL_UART_IRQHandler
                0x000000000800afc0      0x51c Drivers/STM32F4xx_HAL_Driver/Src/stm32f4xx_hal_uart.o
                0x000000000800afc0                HAL_UART_IRQHandler
 .text.HAL_UART_TxCpltCallback
                0x000000000800b4dc       0x14 Drivers/STM32F4xx_HAL_Driver/Src/stm32f4xx_hal_uart.o
                0x000000000800b4dc                HAL_UART_TxCpltCallback
 .text.HAL_UART_ErrorCallback
                0x000000000800b4f0       0x14 Drivers/STM32F4xx_HAL_Driver/Src/stm32f4xx_hal_uart.o
                0x000000000800b4f0                HAL_UART_ErrorCallback
 .text.HAL_UARTEx_RxEventCallback
                0x000000000800b504       0x18 Drivers/STM32F4xx_HAL_Driver/Src/stm32f4xx_hal_uart.o
                0x000000000800b504                HAL_UARTEx_RxEventCallback
 .text.UART_Start_Receive_IT
                0x000000000800b51c       0x74 Drivers/STM32F4xx_HAL_Driver/Src/stm32f4xx_hal_uart.o
                0x000000000800b51c                UART_Start_Receive_IT
 .text.UART_EndRxTransfer
                0x000000000800b590       0xc6 Drivers/STM32F4xx_HAL_Driver/Src/stm32f4xx_hal_uart.o
 .text.UART_DMAAbortOnError
                0x000000000800b656       0x28 Drivers/STM32F4xx_HAL_Driver/Src/stm32f4xx_hal_uart.o
 .text.UART_Transmit_IT
                0x000000000800b67e       0xa0 Drivers/STM32F4xx_HAL_Driver/Src/stm32f4xx_hal_uart.o
 .text.UART_EndTransmit_IT
                0x000000000800b71e       0x30 Drivers/STM32F4xx_HAL_Driver/Src/stm32f4xx_hal_uart.o
 .text.UART_Receive_IT
                0x000000000800b74e      0x176 Drivers/STM32F4xx_HAL_Driver/Src/stm32f4xx_hal_uart.o
 .text.UART_SetConfig
                0x000000000800b8c4      0x390 Drivers/STM32F4xx_HAL_Driver/Src/stm32f4xx_hal_uart.o
 .text.SDIO_Init
                0x000000000800bc54       0x56 Drivers/STM32F4xx_HAL_Driver/Src/stm32f4xx_ll_sdmmc.o
                0x000000000800bc54                SDIO_Init
 .text.SDIO_ReadFIFO
                0x000000000800bcaa       0x1a Drivers/STM32F4xx_HAL_Driver/Src/stm32f4xx_ll_sdmmc.o
                0x000000000800bcaa                SDIO_ReadFIFO
 .text.SDIO_WriteFIFO
                0x000000000800bcc4       0x22 Drivers/STM32F4xx_HAL_Driver/Src/stm32f4xx_ll_sdmmc.o
                0x000000000800bcc4                SDIO_WriteFIFO
 .text.SDIO_PowerState_ON
                0x000000000800bce6       0x1e Drivers/STM32F4xx_HAL_Driver/Src/stm32f4xx_ll_sdmmc.o
                0x000000000800bce6                SDIO_PowerState_ON
 .text.SDIO_GetPowerState
                0x000000000800bd04       0x1c Drivers/STM32F4xx_HAL_Driver/Src/stm32f4xx_ll_sdmmc.o
                0x000000000800bd04                SDIO_GetPowerState
 .text.SDIO_SendCommand
                0x000000000800bd20       0x54 Drivers/STM32F4xx_HAL_Driver/Src/stm32f4xx_ll_sdmmc.o
                0x000000000800bd20                SDIO_SendCommand
 .text.SDIO_GetCommandResponse
                0x000000000800bd74       0x1a Drivers/STM32F4xx_HAL_Driver/Src/stm32f4xx_ll_sdmmc.o
                0x000000000800bd74                SDIO_GetCommandResponse
 .text.SDIO_GetResponse
                0x000000000800bd8e       0x26 Drivers/STM32F4xx_HAL_Driver/Src/stm32f4xx_ll_sdmmc.o
                0x000000000800bd8e                SDIO_GetResponse
 .text.SDIO_ConfigData
                0x000000000800bdb4       0x58 Drivers/STM32F4xx_HAL_Driver/Src/stm32f4xx_ll_sdmmc.o
                0x000000000800bdb4                SDIO_ConfigData
 .text.SDMMC_CmdBlockLength
                0x000000000800be0c       0x44 Drivers/STM32F4xx_HAL_Driver/Src/stm32f4xx_ll_sdmmc.o
                0x000000000800be0c                SDMMC_CmdBlockLength
 .text.SDMMC_CmdReadSingleBlock
                0x000000000800be50       0x44 Drivers/STM32F4xx_HAL_Driver/Src/stm32f4xx_ll_sdmmc.o
                0x000000000800be50                SDMMC_CmdReadSingleBlock
 .text.SDMMC_CmdReadMultiBlock
                0x000000000800be94       0x44 Drivers/STM32F4xx_HAL_Driver/Src/stm32f4xx_ll_sdmmc.o
                0x000000000800be94                SDMMC_CmdReadMultiBlock
 .text.SDMMC_CmdWriteSingleBlock
                0x000000000800bed8       0x44 Drivers/STM32F4xx_HAL_Driver/Src/stm32f4xx_ll_sdmmc.o
                0x000000000800bed8                SDMMC_CmdWriteSingleBlock
 .text.SDMMC_CmdWriteMultiBlock
                0x000000000800bf1c       0x44 Drivers/STM32F4xx_HAL_Driver/Src/stm32f4xx_ll_sdmmc.o
                0x000000000800bf1c                SDMMC_CmdWriteMultiBlock
 .text.SDMMC_CmdStopTransfer
                0x000000000800bf60       0x44 Drivers/STM32F4xx_HAL_Driver/Src/stm32f4xx_ll_sdmmc.o
                0x000000000800bf60                SDMMC_CmdStopTransfer
 .text.SDMMC_CmdSelDesel
                0x000000000800bfa4       0x46 Drivers/STM32F4xx_HAL_Driver/Src/stm32f4xx_ll_sdmmc.o
                0x000000000800bfa4                SDMMC_CmdSelDesel
 .text.SDMMC_CmdGoIdleState
                0x000000000800bfea       0x3c Drivers/STM32F4xx_HAL_Driver/Src/stm32f4xx_ll_sdmmc.o
                0x000000000800bfea                SDMMC_CmdGoIdleState
 .text.SDMMC_CmdOperCond
                0x000000000800c026       0x3e Drivers/STM32F4xx_HAL_Driver/Src/stm32f4xx_ll_sdmmc.o
                0x000000000800c026                SDMMC_CmdOperCond
 .text.SDMMC_CmdAppCommand
                0x000000000800c064       0x44 Drivers/STM32F4xx_HAL_Driver/Src/stm32f4xx_ll_sdmmc.o
                0x000000000800c064                SDMMC_CmdAppCommand
 .text.SDMMC_CmdAppOperCommand
                0x000000000800c0a8       0x46 Drivers/STM32F4xx_HAL_Driver/Src/stm32f4xx_ll_sdmmc.o
                0x000000000800c0a8                SDMMC_CmdAppOperCommand
 .text.SDMMC_CmdBusWidth
                0x000000000800c0ee       0x44 Drivers/STM32F4xx_HAL_Driver/Src/stm32f4xx_ll_sdmmc.o
                0x000000000800c0ee                SDMMC_CmdBusWidth
 .text.SDMMC_CmdSendSCR
                0x000000000800c132       0x42 Drivers/STM32F4xx_HAL_Driver/Src/stm32f4xx_ll_sdmmc.o
                0x000000000800c132                SDMMC_CmdSendSCR
 .text.SDMMC_CmdSendCID
                0x000000000800c174       0x3c Drivers/STM32F4xx_HAL_Driver/Src/stm32f4xx_ll_sdmmc.o
                0x000000000800c174                SDMMC_CmdSendCID
 .text.SDMMC_CmdSendCSD
                0x000000000800c1b0       0x3e Drivers/STM32F4xx_HAL_Driver/Src/stm32f4xx_ll_sdmmc.o
                0x000000000800c1b0                SDMMC_CmdSendCSD
 .text.SDMMC_CmdSetRelAdd
                0x000000000800c1ee       0x42 Drivers/STM32F4xx_HAL_Driver/Src/stm32f4xx_ll_sdmmc.o
                0x000000000800c1ee                SDMMC_CmdSetRelAdd
 .text.SDMMC_CmdSendStatus
                0x000000000800c230       0x44 Drivers/STM32F4xx_HAL_Driver/Src/stm32f4xx_ll_sdmmc.o
                0x000000000800c230                SDMMC_CmdSendStatus
 .text.SDMMC_GetCmdError
                0x000000000800c274       0x58 Drivers/STM32F4xx_HAL_Driver/Src/stm32f4xx_ll_sdmmc.o
 .text.SDMMC_GetCmdResp1
                0x000000000800c2cc      0x1dc Drivers/STM32F4xx_HAL_Driver/Src/stm32f4xx_ll_sdmmc.o
 .text.SDMMC_GetCmdResp2
                0x000000000800c4a8       0x90 Drivers/STM32F4xx_HAL_Driver/Src/stm32f4xx_ll_sdmmc.o
 .text.SDMMC_GetCmdResp3
                0x000000000800c538       0x7c Drivers/STM32F4xx_HAL_Driver/Src/stm32f4xx_ll_sdmmc.o
 .text.SDMMC_GetCmdResp6
                0x000000000800c5b4       0xec Drivers/STM32F4xx_HAL_Driver/Src/stm32f4xx_ll_sdmmc.o
 .text.SDMMC_GetCmdResp7
                0x000000000800c6a0       0x9c Drivers/STM32F4xx_HAL_Driver/Src/stm32f4xx_ll_sdmmc.o
 .text.MX_FATFS_Init
                0x000000000800c73c       0x24 FATFS/App/fatfs.o
                0x000000000800c73c                MX_FATFS_Init
 .text.get_fattime
                0x000000000800c760       0x10 FATFS/App/fatfs.o
                0x000000000800c760                get_fattime
 .text.BSP_SD_Init
                0x000000000800c770       0x4c FATFS/Target/bsp_driver_sd.o
                0x000000000800c770                BSP_SD_Init
 .text.BSP_SD_ReadBlocks
                0x000000000800c7bc       0x3c FATFS/Target/bsp_driver_sd.o
                0x000000000800c7bc                BSP_SD_ReadBlocks
 .text.BSP_SD_WriteBlocks
                0x000000000800c7f8       0x3c FATFS/Target/bsp_driver_sd.o
                0x000000000800c7f8                BSP_SD_WriteBlocks
 .text.BSP_SD_GetCardState
                0x000000000800c834       0x20 FATFS/Target/bsp_driver_sd.o
                0x000000000800c834                BSP_SD_GetCardState
 .text.BSP_SD_GetCardInfo
                0x000000000800c854       0x1c FATFS/Target/bsp_driver_sd.o
                0x000000000800c854                BSP_SD_GetCardInfo
 .text.HAL_SD_AbortCallback
                0x000000000800c870       0x14 FATFS/Target/bsp_driver_sd.o
                0x000000000800c870                HAL_SD_AbortCallback
 .text.HAL_SD_TxCpltCallback
                0x000000000800c884       0x14 FATFS/Target/bsp_driver_sd.o
                0x000000000800c884                HAL_SD_TxCpltCallback
 .text.HAL_SD_RxCpltCallback
                0x000000000800c898       0x14 FATFS/Target/bsp_driver_sd.o
                0x000000000800c898                HAL_SD_RxCpltCallback
 .text.BSP_SD_AbortCallback
                0x000000000800c8ac        0xe FATFS/Target/bsp_driver_sd.o
                0x000000000800c8ac                BSP_SD_AbortCallback
 .text.BSP_SD_WriteCpltCallback
                0x000000000800c8ba        0xe FATFS/Target/bsp_driver_sd.o
                0x000000000800c8ba                BSP_SD_WriteCpltCallback
 .text.BSP_SD_ReadCpltCallback
                0x000000000800c8c8        0xe FATFS/Target/bsp_driver_sd.o
                0x000000000800c8c8                BSP_SD_ReadCpltCallback
 .text.BSP_SD_IsDetected
                0x000000000800c8d6       0x1a FATFS/Target/bsp_driver_sd.o
                0x000000000800c8d6                BSP_SD_IsDetected
 .text.SD_CheckStatus
                0x000000000800c8f0       0x3c FATFS/Target/sd_diskio.o
 .text.SD_initialize
                0x000000000800c92c       0x3c FATFS/Target/sd_diskio.o
                0x000000000800c92c                SD_initialize
 .text.SD_status
                0x000000000800c968       0x1c FATFS/Target/sd_diskio.o
                0x000000000800c968                SD_status
 .text.SD_read  0x000000000800c984       0x42 FATFS/Target/sd_diskio.o
                0x000000000800c984                SD_read
 .text.SD_write
                0x000000000800c9c6       0x42 FATFS/Target/sd_diskio.o
                0x000000000800c9c6                SD_write
 .text.SD_ioctl
                0x000000000800ca08       0xb0 FATFS/Target/sd_diskio.o
                0x000000000800ca08                SD_ioctl
 .text.disk_status
                0x000000000800cab8       0x34 Middlewares/Third_Party/FatFs/src/diskio.o
                0x000000000800cab8                disk_status
 .text.disk_initialize
                0x000000000800caec       0x4c Middlewares/Third_Party/FatFs/src/diskio.o
                0x000000000800caec                disk_initialize
 .text.disk_read
                0x000000000800cb38       0x40 Middlewares/Third_Party/FatFs/src/diskio.o
                0x000000000800cb38                disk_read
 .text.disk_write
                0x000000000800cb78       0x40 Middlewares/Third_Party/FatFs/src/diskio.o
                0x000000000800cb78                disk_write
 .text.disk_ioctl
                0x000000000800cbb8       0x3c Middlewares/Third_Party/FatFs/src/diskio.o
                0x000000000800cbb8                disk_ioctl
 .text.ld_word  0x000000000800cbf4       0x30 Middlewares/Third_Party/FatFs/src/ff.o
 .text.ld_dword
                0x000000000800cc24       0x46 Middlewares/Third_Party/FatFs/src/ff.o
 .text.st_word  0x000000000800cc6a       0x36 Middlewares/Third_Party/FatFs/src/ff.o
 .text.st_dword
                0x000000000800cca0       0x58 Middlewares/Third_Party/FatFs/src/ff.o
 .text.mem_cpy  0x000000000800ccf8       0x42 Middlewares/Third_Party/FatFs/src/ff.o
 .text.mem_set  0x000000000800cd3a       0x36 Middlewares/Third_Party/FatFs/src/ff.o
 .text.mem_cmp  0x000000000800cd70       0x4e Middlewares/Third_Party/FatFs/src/ff.o
 .text.chk_chr  0x000000000800cdbe       0x36 Middlewares/Third_Party/FatFs/src/ff.o
 .text.chk_lock
                0x000000000800cdf4       0xb8 Middlewares/Third_Party/FatFs/src/ff.o
 .text.enq_lock
                0x000000000800ceac       0x44 Middlewares/Third_Party/FatFs/src/ff.o
 .text.inc_lock
                0x000000000800cef0      0x11c Middlewares/Third_Party/FatFs/src/ff.o
 .text.dec_lock
                0x000000000800d00c       0x78 Middlewares/Third_Party/FatFs/src/ff.o
 .text.clear_lock
                0x000000000800d084       0x48 Middlewares/Third_Party/FatFs/src/ff.o
 .text.sync_window
                0x000000000800d0cc       0x88 Middlewares/Third_Party/FatFs/src/ff.o
 .text.move_window
                0x000000000800d154       0x5a Middlewares/Third_Party/FatFs/src/ff.o
 *fill*         0x000000000800d1ae        0x2 
 .text.sync_fs  0x000000000800d1b0       0xdc Middlewares/Third_Party/FatFs/src/ff.o
 .text.clust2sect
                0x000000000800d28c       0x3e Middlewares/Third_Party/FatFs/src/ff.o
 .text.get_fat  0x000000000800d2ca      0x150 Middlewares/Third_Party/FatFs/src/ff.o
 .text.put_fat  0x000000000800d41a      0x1d8 Middlewares/Third_Party/FatFs/src/ff.o
 .text.remove_chain
                0x000000000800d5f2       0xca Middlewares/Third_Party/FatFs/src/ff.o
 .text.create_chain
                0x000000000800d6bc      0x130 Middlewares/Third_Party/FatFs/src/ff.o
 .text.clmt_clust
                0x000000000800d7ec       0x68 Middlewares/Third_Party/FatFs/src/ff.o
 .text.dir_sdi  0x000000000800d854       0xf6 Middlewares/Third_Party/FatFs/src/ff.o
 .text.dir_next
                0x000000000800d94a      0x18a Middlewares/Third_Party/FatFs/src/ff.o
 .text.dir_alloc
                0x000000000800dad4       0x8e Middlewares/Third_Party/FatFs/src/ff.o
 .text.ld_clust
                0x000000000800db62       0x3e Middlewares/Third_Party/FatFs/src/ff.o
 .text.st_clust
                0x000000000800dba0       0x40 Middlewares/Third_Party/FatFs/src/ff.o
 .text.dir_find
                0x000000000800dbe0       0xaa Middlewares/Third_Party/FatFs/src/ff.o
 .text.dir_register
                0x000000000800dc8a       0x64 Middlewares/Third_Party/FatFs/src/ff.o
 *fill*         0x000000000800dcee        0x2 
 .text.create_name
                0x000000000800dcf0      0x128 Middlewares/Third_Party/FatFs/src/ff.o
 .text.follow_path
                0x000000000800de18       0xe2 Middlewares/Third_Party/FatFs/src/ff.o
 .text.get_ldnumber
                0x000000000800defa       0x88 Middlewares/Third_Party/FatFs/src/ff.o
 *fill*         0x000000000800df82        0x2 
 .text.check_fs
                0x000000000800df84       0xac Middlewares/Third_Party/FatFs/src/ff.o
 .text.find_volume
                0x000000000800e030      0x498 Middlewares/Third_Party/FatFs/src/ff.o
 .text.validate
                0x000000000800e4c8       0x6a Middlewares/Third_Party/FatFs/src/ff.o
 *fill*         0x000000000800e532        0x2 
 .text.f_mount  0x000000000800e534       0x8c Middlewares/Third_Party/FatFs/src/ff.o
                0x000000000800e534                f_mount
 .text.f_open   0x000000000800e5c0      0x37c Middlewares/Third_Party/FatFs/src/ff.o
                0x000000000800e5c0                f_open
 .text.f_write  0x000000000800e93c      0x2ea Middlewares/Third_Party/FatFs/src/ff.o
                0x000000000800e93c                f_write
 .text.f_sync   0x000000000800ec26       0xfc Middlewares/Third_Party/FatFs/src/ff.o
                0x000000000800ec26                f_sync
 .text.f_close  0x000000000800ed22       0x54 Middlewares/Third_Party/FatFs/src/ff.o
                0x000000000800ed22                f_close
 .text.f_lseek  0x000000000800ed76      0x412 Middlewares/Third_Party/FatFs/src/ff.o
                0x000000000800ed76                f_lseek
 .text.putc_bfd
                0x000000000800f188       0x7a Middlewares/Third_Party/FatFs/src/ff.o
 .text.putc_flush
                0x000000000800f202       0x4a Middlewares/Third_Party/FatFs/src/ff.o
 .text.putc_init
                0x000000000800f24c       0x2a Middlewares/Third_Party/FatFs/src/ff.o
 *fill*         0x000000000800f276        0x2 
 .text.f_printf
                0x000000000800f278      0x440 Middlewares/Third_Party/FatFs/src/ff.o
                0x000000000800f278                f_printf
 .text.FATFS_LinkDriverEx
                0x000000000800f6b8       0x98 Middlewares/Third_Party/FatFs/src/ff_gen_drv.o
                0x000000000800f6b8                FATFS_LinkDriverEx
 .text.FATFS_LinkDriver
                0x000000000800f750       0x1e Middlewares/Third_Party/FatFs/src/ff_gen_drv.o
                0x000000000800f750                FATFS_LinkDriver
 *fill*         0x000000000800f76e        0x2 
 .text.__errno  0x000000000800f770        0xc c:/st/stm32cubeide_1.6.1/stm32cubeide/plugins/com.st.stm32cube.ide.mcu.externaltools.gnu-tools-for-stm32.9-2020-q2-update.win32_1.5.0.202011040924/tools/bin/../lib/gcc/arm-none-eabi/9.3.1/../../../../arm-none-eabi/lib/thumb/v7e-m+fp/hard\libc_nano.a(lib_a-errno.o)
                0x000000000800f770                __errno
 .text.__libc_init_array
                0x000000000800f77c       0x48 c:/st/stm32cubeide_1.6.1/stm32cubeide/plugins/com.st.stm32cube.ide.mcu.externaltools.gnu-tools-for-stm32.9-2020-q2-update.win32_1.5.0.202011040924/tools/bin/../lib/gcc/arm-none-eabi/9.3.1/../../../../arm-none-eabi/lib/thumb/v7e-m+fp/hard\libc_nano.a(lib_a-init.o)
                0x000000000800f77c                __libc_init_array
 .text.memset   0x000000000800f7c4       0x10 c:/st/stm32cubeide_1.6.1/stm32cubeide/plugins/com.st.stm32cube.ide.mcu.externaltools.gnu-tools-for-stm32.9-2020-q2-update.win32_1.5.0.202011040924/tools/bin/../lib/gcc/arm-none-eabi/9.3.1/../../../../arm-none-eabi/lib/thumb/v7e-m+fp/hard\libc_nano.a(lib_a-memset.o)
                0x000000000800f7c4                memset
 .text.__cvt    0x000000000800f7d4       0xc4 c:/st/stm32cubeide_1.6.1/stm32cubeide/plugins/com.st.stm32cube.ide.mcu.externaltools.gnu-tools-for-stm32.9-2020-q2-update.win32_1.5.0.202011040924/tools/bin/../lib/gcc/arm-none-eabi/9.3.1/../../../../arm-none-eabi/lib/thumb/v7e-m+fp/hard\libc_nano.a(lib_a-nano-vfprintf_float.o)
                0x000000000800f7d4                __cvt
 .text.__exponent
                0x000000000800f898       0x7c c:/st/stm32cubeide_1.6.1/stm32cubeide/plugins/com.st.stm32cube.ide.mcu.externaltools.gnu-tools-for-stm32.9-2020-q2-update.win32_1.5.0.202011040924/tools/bin/../lib/gcc/arm-none-eabi/9.3.1/../../../../arm-none-eabi/lib/thumb/v7e-m+fp/hard\libc_nano.a(lib_a-nano-vfprintf_float.o)
                0x000000000800f898                __exponent
 .text._printf_float
                0x000000000800f914      0x46c c:/st/stm32cubeide_1.6.1/stm32cubeide/plugins/com.st.stm32cube.ide.mcu.externaltools.gnu-tools-for-stm32.9-2020-q2-update.win32_1.5.0.202011040924/tools/bin/../lib/gcc/arm-none-eabi/9.3.1/../../../../arm-none-eabi/lib/thumb/v7e-m+fp/hard\libc_nano.a(lib_a-nano-vfprintf_float.o)
                0x000000000800f914                _printf_float
 .text._printf_common
                0x000000000800fd80       0xda c:/st/stm32cubeide_1.6.1/stm32cubeide/plugins/com.st.stm32cube.ide.mcu.externaltools.gnu-tools-for-stm32.9-2020-q2-update.win32_1.5.0.202011040924/tools/bin/../lib/gcc/arm-none-eabi/9.3.1/../../../../arm-none-eabi/lib/thumb/v7e-m+fp/hard\libc_nano.a(lib_a-nano-vfprintf_i.o)
                0x000000000800fd80                _printf_common
 *fill*         0x000000000800fe5a        0x2 
 .text._printf_i
                0x000000000800fe5c      0x24c c:/st/stm32cubeide_1.6.1/stm32cubeide/plugins/com.st.stm32cube.ide.mcu.externaltools.gnu-tools-for-stm32.9-2020-q2-update.win32_1.5.0.202011040924/tools/bin/../lib/gcc/arm-none-eabi/9.3.1/../../../../arm-none-eabi/lib/thumb/v7e-m+fp/hard\libc_nano.a(lib_a-nano-vfprintf_i.o)
                0x000000000800fe5c                _printf_i
 .text.sprintf  0x00000000080100a8       0x40 c:/st/stm32cubeide_1.6.1/stm32cubeide/plugins/com.st.stm32cube.ide.mcu.externaltools.gnu-tools-for-stm32.9-2020-q2-update.win32_1.5.0.202011040924/tools/bin/../lib/gcc/arm-none-eabi/9.3.1/../../../../arm-none-eabi/lib/thumb/v7e-m+fp/hard\libc_nano.a(lib_a-sprintf.o)
                0x00000000080100a8                siprintf
                0x00000000080100a8                sprintf
 .text.sscanf   0x00000000080100e8       0x58 c:/st/stm32cubeide_1.6.1/stm32cubeide/plugins/com.st.stm32cube.ide.mcu.externaltools.gnu-tools-for-stm32.9-2020-q2-update.win32_1.5.0.202011040924/tools/bin/../lib/gcc/arm-none-eabi/9.3.1/../../../../arm-none-eabi/lib/thumb/v7e-m+fp/hard\libc_nano.a(lib_a-sscanf.o)
                0x00000000080100e8                siscanf
                0x00000000080100e8                sscanf
 .text.__sread  0x0000000008010140       0x22 c:/st/stm32cubeide_1.6.1/stm32cubeide/plugins/com.st.stm32cube.ide.mcu.externaltools.gnu-tools-for-stm32.9-2020-q2-update.win32_1.5.0.202011040924/tools/bin/../lib/gcc/arm-none-eabi/9.3.1/../../../../arm-none-eabi/lib/thumb/v7e-m+fp/hard\libc_nano.a(lib_a-stdio.o)
                0x0000000008010140                __sread
 .text.__seofread
                0x0000000008010162        0x4 c:/st/stm32cubeide_1.6.1/stm32cubeide/plugins/com.st.stm32cube.ide.mcu.externaltools.gnu-tools-for-stm32.9-2020-q2-update.win32_1.5.0.202011040924/tools/bin/../lib/gcc/arm-none-eabi/9.3.1/../../../../arm-none-eabi/lib/thumb/v7e-m+fp/hard\libc_nano.a(lib_a-stdio.o)
                0x0000000008010162                __seofread
 .text.__swrite
                0x0000000008010166       0x38 c:/st/stm32cubeide_1.6.1/stm32cubeide/plugins/com.st.stm32cube.ide.mcu.externaltools.gnu-tools-for-stm32.9-2020-q2-update.win32_1.5.0.202011040924/tools/bin/../lib/gcc/arm-none-eabi/9.3.1/../../../../arm-none-eabi/lib/thumb/v7e-m+fp/hard\libc_nano.a(lib_a-stdio.o)
                0x0000000008010166                __swrite
 .text.__sseek  0x000000000801019e       0x24 c:/st/stm32cubeide_1.6.1/stm32cubeide/plugins/com.st.stm32cube.ide.mcu.externaltools.gnu-tools-for-stm32.9-2020-q2-update.win32_1.5.0.202011040924/tools/bin/../lib/gcc/arm-none-eabi/9.3.1/../../../../arm-none-eabi/lib/thumb/v7e-m+fp/hard\libc_nano.a(lib_a-stdio.o)
                0x000000000801019e                __sseek
 .text.__sclose
                0x00000000080101c2        0x8 c:/st/stm32cubeide_1.6.1/stm32cubeide/plugins/com.st.stm32cube.ide.mcu.externaltools.gnu-tools-for-stm32.9-2020-q2-update.win32_1.5.0.202011040924/tools/bin/../lib/gcc/arm-none-eabi/9.3.1/../../../../arm-none-eabi/lib/thumb/v7e-m+fp/hard\libc_nano.a(lib_a-stdio.o)
                0x00000000080101c2                __sclose
 *fill*         0x00000000080101ca        0x2 
 .text._write_r
                0x00000000080101cc       0x24 c:/st/stm32cubeide_1.6.1/stm32cubeide/plugins/com.st.stm32cube.ide.mcu.externaltools.gnu-tools-for-stm32.9-2020-q2-update.win32_1.5.0.202011040924/tools/bin/../lib/gcc/arm-none-eabi/9.3.1/../../../../arm-none-eabi/lib/thumb/v7e-m+fp/hard\libc_nano.a(lib_a-writer.o)
                0x00000000080101cc                _write_r
 .text._close_r
                0x00000000080101f0       0x20 c:/st/stm32cubeide_1.6.1/stm32cubeide/plugins/com.st.stm32cube.ide.mcu.externaltools.gnu-tools-for-stm32.9-2020-q2-update.win32_1.5.0.202011040924/tools/bin/../lib/gcc/arm-none-eabi/9.3.1/../../../../arm-none-eabi/lib/thumb/v7e-m+fp/hard\libc_nano.a(lib_a-closer.o)
                0x00000000080101f0                _close_r
 .text.quorem   0x0000000008010210      0x116 c:/st/stm32cubeide_1.6.1/stm32cubeide/plugins/com.st.stm32cube.ide.mcu.externaltools.gnu-tools-for-stm32.9-2020-q2-update.win32_1.5.0.202011040924/tools/bin/../lib/gcc/arm-none-eabi/9.3.1/../../../../arm-none-eabi/lib/thumb/v7e-m+fp/hard\libc_nano.a(lib_a-dtoa.o)
 *fill*         0x0000000008010326        0x2 
 .text._dtoa_r  0x0000000008010328      0xbd8 c:/st/stm32cubeide_1.6.1/stm32cubeide/plugins/com.st.stm32cube.ide.mcu.externaltools.gnu-tools-for-stm32.9-2020-q2-update.win32_1.5.0.202011040924/tools/bin/../lib/gcc/arm-none-eabi/9.3.1/../../../../arm-none-eabi/lib/thumb/v7e-m+fp/hard\libc_nano.a(lib_a-dtoa.o)
                0x0000000008010328                _dtoa_r
 .text._localeconv_r
                0x0000000008010f00        0x8 c:/st/stm32cubeide_1.6.1/stm32cubeide/plugins/com.st.stm32cube.ide.mcu.externaltools.gnu-tools-for-stm32.9-2020-q2-update.win32_1.5.0.202011040924/tools/bin/../lib/gcc/arm-none-eabi/9.3.1/../../../../arm-none-eabi/lib/thumb/v7e-m+fp/hard\libc_nano.a(lib_a-localeconv.o)
                0x0000000008010f00                _localeconv_r
 .text._lseek_r
                0x0000000008010f08       0x24 c:/st/stm32cubeide_1.6.1/stm32cubeide/plugins/com.st.stm32cube.ide.mcu.externaltools.gnu-tools-for-stm32.9-2020-q2-update.win32_1.5.0.202011040924/tools/bin/../lib/gcc/arm-none-eabi/9.3.1/../../../../arm-none-eabi/lib/thumb/v7e-m+fp/hard\libc_nano.a(lib_a-lseekr.o)
                0x0000000008010f08                _lseek_r
 .text.malloc   0x0000000008010f2c       0x10 c:/st/stm32cubeide_1.6.1/stm32cubeide/plugins/com.st.stm32cube.ide.mcu.externaltools.gnu-tools-for-stm32.9-2020-q2-update.win32_1.5.0.202011040924/tools/bin/../lib/gcc/arm-none-eabi/9.3.1/../../../../arm-none-eabi/lib/thumb/v7e-m+fp/hard\libc_nano.a(lib_a-malloc.o)
                0x0000000008010f2c                malloc
 .text.memcpy   0x0000000008010f3c       0x1c c:/st/stm32cubeide_1.6.1/stm32cubeide/plugins/com.st.stm32cube.ide.mcu.externaltools.gnu-tools-for-stm32.9-2020-q2-update.win32_1.5.0.202011040924/tools/bin/../lib/gcc/arm-none-eabi/9.3.1/../../../../arm-none-eabi/lib/thumb/v7e-m+fp/hard\libc_nano.a(lib_a-memcpy-stub.o)
                0x0000000008010f3c                memcpy
 .text._Balloc  0x0000000008010f58       0x80 c:/st/stm32cubeide_1.6.1/stm32cubeide/plugins/com.st.stm32cube.ide.mcu.externaltools.gnu-tools-for-stm32.9-2020-q2-update.win32_1.5.0.202011040924/tools/bin/../lib/gcc/arm-none-eabi/9.3.1/../../../../arm-none-eabi/lib/thumb/v7e-m+fp/hard\libc_nano.a(lib_a-mprec.o)
                0x0000000008010f58                _Balloc
 .text._Bfree   0x0000000008010fd8       0x44 c:/st/stm32cubeide_1.6.1/stm32cubeide/plugins/com.st.stm32cube.ide.mcu.externaltools.gnu-tools-for-stm32.9-2020-q2-update.win32_1.5.0.202011040924/tools/bin/../lib/gcc/arm-none-eabi/9.3.1/../../../../arm-none-eabi/lib/thumb/v7e-m+fp/hard\libc_nano.a(lib_a-mprec.o)
                0x0000000008010fd8                _Bfree
 .text.__multadd
                0x000000000801101c       0x94 c:/st/stm32cubeide_1.6.1/stm32cubeide/plugins/com.st.stm32cube.ide.mcu.externaltools.gnu-tools-for-stm32.9-2020-q2-update.win32_1.5.0.202011040924/tools/bin/../lib/gcc/arm-none-eabi/9.3.1/../../../../arm-none-eabi/lib/thumb/v7e-m+fp/hard\libc_nano.a(lib_a-mprec.o)
                0x000000000801101c                __multadd
 .text.__hi0bits
                0x00000000080110b0       0x40 c:/st/stm32cubeide_1.6.1/stm32cubeide/plugins/com.st.stm32cube.ide.mcu.externaltools.gnu-tools-for-stm32.9-2020-q2-update.win32_1.5.0.202011040924/tools/bin/../lib/gcc/arm-none-eabi/9.3.1/../../../../arm-none-eabi/lib/thumb/v7e-m+fp/hard\libc_nano.a(lib_a-mprec.o)
                0x00000000080110b0                __hi0bits
 .text.__lo0bits
                0x00000000080110f0       0x60 c:/st/stm32cubeide_1.6.1/stm32cubeide/plugins/com.st.stm32cube.ide.mcu.externaltools.gnu-tools-for-stm32.9-2020-q2-update.win32_1.5.0.202011040924/tools/bin/../lib/gcc/arm-none-eabi/9.3.1/../../../../arm-none-eabi/lib/thumb/v7e-m+fp/hard\libc_nano.a(lib_a-mprec.o)
                0x00000000080110f0                __lo0bits
 .text.__i2b    0x0000000008011150       0x2c c:/st/stm32cubeide_1.6.1/stm32cubeide/plugins/com.st.stm32cube.ide.mcu.externaltools.gnu-tools-for-stm32.9-2020-q2-update.win32_1.5.0.202011040924/tools/bin/../lib/gcc/arm-none-eabi/9.3.1/../../../../arm-none-eabi/lib/thumb/v7e-m+fp/hard\libc_nano.a(lib_a-mprec.o)
                0x0000000008011150                __i2b
 .text.__multiply
                0x000000000801117c      0x14c c:/st/stm32cubeide_1.6.1/stm32cubeide/plugins/com.st.stm32cube.ide.mcu.externaltools.gnu-tools-for-stm32.9-2020-q2-update.win32_1.5.0.202011040924/tools/bin/../lib/gcc/arm-none-eabi/9.3.1/../../../../arm-none-eabi/lib/thumb/v7e-m+fp/hard\libc_nano.a(lib_a-mprec.o)
                0x000000000801117c                __multiply
 .text.__pow5mult
                0x00000000080112c8       0xb4 c:/st/stm32cubeide_1.6.1/stm32cubeide/plugins/com.st.stm32cube.ide.mcu.externaltools.gnu-tools-for-stm32.9-2020-q2-update.win32_1.5.0.202011040924/tools/bin/../lib/gcc/arm-none-eabi/9.3.1/../../../../arm-none-eabi/lib/thumb/v7e-m+fp/hard\libc_nano.a(lib_a-mprec.o)
                0x00000000080112c8                __pow5mult
 .text.__lshift
                0x000000000801137c       0xd8 c:/st/stm32cubeide_1.6.1/stm32cubeide/plugins/com.st.stm32cube.ide.mcu.externaltools.gnu-tools-for-stm32.9-2020-q2-update.win32_1.5.0.202011040924/tools/bin/../lib/gcc/arm-none-eabi/9.3.1/../../../../arm-none-eabi/lib/thumb/v7e-m+fp/hard\libc_nano.a(lib_a-mprec.o)
                0x000000000801137c                __lshift
 .text.__mcmp   0x0000000008011454       0x38 c:/st/stm32cubeide_1.6.1/stm32cubeide/plugins/com.st.stm32cube.ide.mcu.externaltools.gnu-tools-for-stm32.9-2020-q2-update.win32_1.5.0.202011040924/tools/bin/../lib/gcc/arm-none-eabi/9.3.1/../../../../arm-none-eabi/lib/thumb/v7e-m+fp/hard\libc_nano.a(lib_a-mprec.o)
                0x0000000008011454                __mcmp
 .text.__mdiff  0x000000000801148c      0x110 c:/st/stm32cubeide_1.6.1/stm32cubeide/plugins/com.st.stm32cube.ide.mcu.externaltools.gnu-tools-for-stm32.9-2020-q2-update.win32_1.5.0.202011040924/tools/bin/../lib/gcc/arm-none-eabi/9.3.1/../../../../arm-none-eabi/lib/thumb/v7e-m+fp/hard\libc_nano.a(lib_a-mprec.o)
                0x000000000801148c                __mdiff
 .text.__d2b    0x000000000801159c       0xb8 c:/st/stm32cubeide_1.6.1/stm32cubeide/plugins/com.st.stm32cube.ide.mcu.externaltools.gnu-tools-for-stm32.9-2020-q2-update.win32_1.5.0.202011040924/tools/bin/../lib/gcc/arm-none-eabi/9.3.1/../../../../arm-none-eabi/lib/thumb/v7e-m+fp/hard\libc_nano.a(lib_a-mprec.o)
                0x000000000801159c                __d2b
 .text._calloc_r
                0x0000000008011654       0x1e c:/st/stm32cubeide_1.6.1/stm32cubeide/plugins/com.st.stm32cube.ide.mcu.externaltools.gnu-tools-for-stm32.9-2020-q2-update.win32_1.5.0.202011040924/tools/bin/../lib/gcc/arm-none-eabi/9.3.1/../../../../arm-none-eabi/lib/thumb/v7e-m+fp/hard\libc_nano.a(lib_a-nano-callocr.o)
                0x0000000008011654                _calloc_r
 *fill*         0x0000000008011672        0x2 
 .text._free_r  0x0000000008011674       0xa0 c:/st/stm32cubeide_1.6.1/stm32cubeide/plugins/com.st.stm32cube.ide.mcu.externaltools.gnu-tools-for-stm32.9-2020-q2-update.win32_1.5.0.202011040924/tools/bin/../lib/gcc/arm-none-eabi/9.3.1/../../../../arm-none-eabi/lib/thumb/v7e-m+fp/hard\libc_nano.a(lib_a-nano-freer.o)
                0x0000000008011674                _free_r
 .text._malloc_r
                0x0000000008011714       0xb4 c:/st/stm32cubeide_1.6.1/stm32cubeide/plugins/com.st.stm32cube.ide.mcu.externaltools.gnu-tools-for-stm32.9-2020-q2-update.win32_1.5.0.202011040924/tools/bin/../lib/gcc/arm-none-eabi/9.3.1/../../../../arm-none-eabi/lib/thumb/v7e-m+fp/hard\libc_nano.a(lib_a-nano-mallocr.o)
                0x0000000008011714                _malloc_r
 .text.__ssputs_r
                0x00000000080117c8       0xb6 c:/st/stm32cubeide_1.6.1/stm32cubeide/plugins/com.st.stm32cube.ide.mcu.externaltools.gnu-tools-for-stm32.9-2020-q2-update.win32_1.5.0.202011040924/tools/bin/../lib/gcc/arm-none-eabi/9.3.1/../../../../arm-none-eabi/lib/thumb/v7e-m+fp/hard\libc_nano.a(lib_a-nano-svfprintf.o)
                0x00000000080117c8                __ssputs_r
 *fill*         0x000000000801187e        0x2 
 .text._svfprintf_r
                0x0000000008011880      0x200 c:/st/stm32cubeide_1.6.1/stm32cubeide/plugins/com.st.stm32cube.ide.mcu.externaltools.gnu-tools-for-stm32.9-2020-q2-update.win32_1.5.0.202011040924/tools/bin/../lib/gcc/arm-none-eabi/9.3.1/../../../../arm-none-eabi/lib/thumb/v7e-m+fp/hard\libc_nano.a(lib_a-nano-svfprintf.o)
                0x0000000008011880                _svfiprintf_r
                0x0000000008011880                _svfprintf_r
 .text._sungetc_r
                0x0000000008011a80       0x7a c:/st/stm32cubeide_1.6.1/stm32cubeide/plugins/com.st.stm32cube.ide.mcu.externaltools.gnu-tools-for-stm32.9-2020-q2-update.win32_1.5.0.202011040924/tools/bin/../lib/gcc/arm-none-eabi/9.3.1/../../../../arm-none-eabi/lib/thumb/v7e-m+fp/hard\libc_nano.a(lib_a-nano-svfscanf.o)
                0x0000000008011a80                _sungetc_r
 .text.__ssrefill_r
                0x0000000008011afa       0x3a c:/st/stm32cubeide_1.6.1/stm32cubeide/plugins/com.st.stm32cube.ide.mcu.externaltools.gnu-tools-for-stm32.9-2020-q2-update.win32_1.5.0.202011040924/tools/bin/../lib/gcc/arm-none-eabi/9.3.1/../../../../arm-none-eabi/lib/thumb/v7e-m+fp/hard\libc_nano.a(lib_a-nano-svfscanf.o)
                0x0000000008011afa                __ssrefill_r
 .text.__ssvfscanf_r
                0x0000000008011b34      0x2f0 c:/st/stm32cubeide_1.6.1/stm32cubeide/plugins/com.st.stm32cube.ide.mcu.externaltools.gnu-tools-for-stm32.9-2020-q2-update.win32_1.5.0.202011040924/tools/bin/../lib/gcc/arm-none-eabi/9.3.1/../../../../arm-none-eabi/lib/thumb/v7e-m+fp/hard\libc_nano.a(lib_a-nano-svfscanf.o)
                0x0000000008011b34                __ssvfiscanf_r
                0x0000000008011b34                __ssvfscanf_r
 .text._scanf_chars
                0x0000000008011e24       0xb0 c:/st/stm32cubeide_1.6.1/stm32cubeide/plugins/com.st.stm32cube.ide.mcu.externaltools.gnu-tools-for-stm32.9-2020-q2-update.win32_1.5.0.202011040924/tools/bin/../lib/gcc/arm-none-eabi/9.3.1/../../../../arm-none-eabi/lib/thumb/v7e-m+fp/hard\libc_nano.a(lib_a-nano-vfscanf_i.o)
                0x0000000008011e24                _scanf_chars
 .text._scanf_i
                0x0000000008011ed4      0x1e8 c:/st/stm32cubeide_1.6.1/stm32cubeide/plugins/com.st.stm32cube.ide.mcu.externaltools.gnu-tools-for-stm32.9-2020-q2-update.win32_1.5.0.202011040924/tools/bin/../lib/gcc/arm-none-eabi/9.3.1/../../../../arm-none-eabi/lib/thumb/v7e-m+fp/hard\libc_nano.a(lib_a-nano-vfscanf_i.o)
                0x0000000008011ed4                _scanf_i
 .text._read_r  0x00000000080120bc       0x24 c:/st/stm32cubeide_1.6.1/stm32cubeide/plugins/com.st.stm32cube.ide.mcu.externaltools.gnu-tools-for-stm32.9-2020-q2-update.win32_1.5.0.202011040924/tools/bin/../lib/gcc/arm-none-eabi/9.3.1/../../../../arm-none-eabi/lib/thumb/v7e-m+fp/hard\libc_nano.a(lib_a-readr.o)
                0x00000000080120bc                _read_r
 .text._sbrk_r  0x00000000080120e0       0x20 c:/st/stm32cubeide_1.6.1/stm32cubeide/plugins/com.st.stm32cube.ide.mcu.externaltools.gnu-tools-for-stm32.9-2020-q2-update.win32_1.5.0.202011040924/tools/bin/../lib/gcc/arm-none-eabi/9.3.1/../../../../arm-none-eabi/lib/thumb/v7e-m+fp/hard\libc_nano.a(lib_a-sbrkr.o)
                0x00000000080120e0                _sbrk_r
 .text.__sccl   0x0000000008012100       0x74 c:/st/stm32cubeide_1.6.1/stm32cubeide/plugins/com.st.stm32cube.ide.mcu.externaltools.gnu-tools-for-stm32.9-2020-q2-update.win32_1.5.0.202011040924/tools/bin/../lib/gcc/arm-none-eabi/9.3.1/../../../../arm-none-eabi/lib/thumb/v7e-m+fp/hard\libc_nano.a(lib_a-sccl.o)
                0x0000000008012100                __sccl
 .text._strtol_l.isra.0
                0x0000000008012174      0x108 c:/st/stm32cubeide_1.6.1/stm32cubeide/plugins/com.st.stm32cube.ide.mcu.externaltools.gnu-tools-for-stm32.9-2020-q2-update.win32_1.5.0.202011040924/tools/bin/../lib/gcc/arm-none-eabi/9.3.1/../../../../arm-none-eabi/lib/thumb/v7e-m+fp/hard\libc_nano.a(lib_a-strtol.o)
 .text._strtol_r
                0x000000000801227c        0x4 c:/st/stm32cubeide_1.6.1/stm32cubeide/plugins/com.st.stm32cube.ide.mcu.externaltools.gnu-tools-for-stm32.9-2020-q2-update.win32_1.5.0.202011040924/tools/bin/../lib/gcc/arm-none-eabi/9.3.1/../../../../arm-none-eabi/lib/thumb/v7e-m+fp/hard\libc_nano.a(lib_a-strtol.o)
                0x000000000801227c                _strtol_r
 .text._strtoul_l.isra.0
                0x0000000008012280       0xf8 c:/st/stm32cubeide_1.6.1/stm32cubeide/plugins/com.st.stm32cube.ide.mcu.externaltools.gnu-tools-for-stm32.9-2020-q2-update.win32_1.5.0.202011040924/tools/bin/../lib/gcc/arm-none-eabi/9.3.1/../../../../arm-none-eabi/lib/thumb/v7e-m+fp/hard\libc_nano.a(lib_a-strtoul.o)
 .text._strtoul_r